<html>
<body>
<pre>
<h1>礦ision Build Log</h1>
<h2>Project:</h2>
E:\project\程序发布版本\纯水分配器程序发布版本2016.4.15\RAPRC0121.V.0.1.3\MDK-ARM\Project.uvproj
Project File Date:  05/12/2016

<h2>Output:</h2>
Rebuild target 'Resistivity Measurement V0.0.1'
compiling main.c...
compiling stm32f10x_it.c...
compiling APP_CodeConversion.c...
compiling APP_WDC.c...
compiling misc.c...
compiling stm32f10x_flash.c...
compiling stm32f10x_gpio.c...
compiling stm32f10x_rcc.c...
compiling stm32f10x_adc.c...
compiling stm32f10x_bkp.c...
compiling stm32f10x_can.c...
compiling stm32f10x_cec.c...
compiling stm32f10x_crc.c...
compiling stm32f10x_dac.c...
compiling stm32f10x_dbgmcu.c...
compiling stm32f10x_dma.c...
compiling stm32f10x_exti.c...
compiling stm32f10x_fsmc.c...
compiling stm32f10x_i2c.c...
compiling stm32f10x_iwdg.c...
compiling stm32f10x_pwr.c...
compiling stm32f10x_rtc.c...
compiling stm32f10x_sdio.c...
compiling stm32f10x_spi.c...
compiling stm32f10x_tim.c...
compiling stm32f10x_usart.c...
compiling stm32f10x_wwdg.c...
compiling core_cm3.c...
compiling system_stm32f10x.c...
assembling startup_stm32f10x_hd.s...
compiling stm32f10x_systick.c...
compiling systick.c...
compiling APP_PCF8563.c...
compiling APP_24LC01B.c...
compiling APP_LCM12232B.c...
compiling APP_SN74ALVC164245.c...
compiling APP_GT21L16S2W.c...
compiling APP_Key.c...
compiling APP_DO.c...
compiling APP_LED.c...
compiling APP_DI.c...
linking...
Program Size: Code=31064 RO-data=35616 RW-data=68 ZI-data=1668  
FromELF: creating hex file...
".\Obj\Project.axf" - 0 Errors, 0 Warning(s).
Load "E:\\project\\程序发布版本\\纯水分配器程序发布版本2016.4.15\\RAPRC0121.V.0.1.3\\MDK-ARM\\Obj\\Project.axf" 
Full Chip Erase Done.
Programming Done.
Verify OK.
Application running ...
Load "E:\\project\\程序发布版本\\纯水分配器程序发布版本2016.4.15\\RAPRC0121.V.0.1.3\\MDK-ARM\\Obj\\Project.axf" 
Full Chip Erase Done.
Programming Done.
Verify OK.
Application running ...
