<!doctype html public "-//w3c//dtd html 4.0 transitional//en">
<html><head>
<title>Static Call Graph - [.\Obj\Project.axf]</title></head>
<body><HR>
<H1>Static Call Graph for image .\Obj\Project.axf</H1><HR>
<BR><P>#&#060CALLGRAPH&#062# ARM Linker, 5.03 [Build 76]: Last Updated: Fri Jan 26 09:19:41 2018
<BR><P>
<H3>Maximum Stack Usage =        264 bytes + Unknown(Cycles, Untraceable Function Pointers)</H3><H3>
Call chain for Maximum Stack Depth:</H3>
main &rArr; Page_2_4 &rArr; pow &rArr; __kernel_poly &rArr; __aeabi_dadd &rArr; _double_epilogue &rArr; _double_round
<P>
<H3>
Mutually Recursive functions
</H3> <LI><a href="#[1c]">ADC1_2_IRQHandler</a>&nbsp;&nbsp;&nbsp;&rArr;&nbsp;&nbsp;&nbsp;<a href="#[1c]">ADC1_2_IRQHandler</a><BR>
</UL>
<P>
<H3>
Function Pointers
</H3><UL>
 <LI><a href="#[1c]">ADC1_2_IRQHandler</a> from startup_stm32f10x_hd.o(.text) referenced from startup_stm32f10x_hd.o(RESET)
 <LI><a href="#[39]">ADC3_IRQHandler</a> from startup_stm32f10x_hd.o(.text) referenced from startup_stm32f10x_hd.o(RESET)
 <LI><a href="#[4]">BusFault_Handler</a> from stm32f10x_it.o(i.BusFault_Handler) referenced from startup_stm32f10x_hd.o(RESET)
 <LI><a href="#[1f]">CAN1_RX1_IRQHandler</a> from startup_stm32f10x_hd.o(.text) referenced from startup_stm32f10x_hd.o(RESET)
 <LI><a href="#[20]">CAN1_SCE_IRQHandler</a> from startup_stm32f10x_hd.o(.text) referenced from startup_stm32f10x_hd.o(RESET)
 <LI><a href="#[15]">DMA1_Channel1_IRQHandler</a> from startup_stm32f10x_hd.o(.text) referenced from startup_stm32f10x_hd.o(RESET)
 <LI><a href="#[16]">DMA1_Channel2_IRQHandler</a> from startup_stm32f10x_hd.o(.text) referenced from startup_stm32f10x_hd.o(RESET)
 <LI><a href="#[17]">DMA1_Channel3_IRQHandler</a> from startup_stm32f10x_hd.o(.text) referenced from startup_stm32f10x_hd.o(RESET)
 <LI><a href="#[18]">DMA1_Channel4_IRQHandler</a> from startup_stm32f10x_hd.o(.text) referenced from startup_stm32f10x_hd.o(RESET)
 <LI><a href="#[19]">DMA1_Channel5_IRQHandler</a> from startup_stm32f10x_hd.o(.text) referenced from startup_stm32f10x_hd.o(RESET)
 <LI><a href="#[1a]">DMA1_Channel6_IRQHandler</a> from startup_stm32f10x_hd.o(.text) referenced from startup_stm32f10x_hd.o(RESET)
 <LI><a href="#[1b]">DMA1_Channel7_IRQHandler</a> from startup_stm32f10x_hd.o(.text) referenced from startup_stm32f10x_hd.o(RESET)
 <LI><a href="#[42]">DMA2_Channel1_IRQHandler</a> from startup_stm32f10x_hd.o(.text) referenced from startup_stm32f10x_hd.o(RESET)
 <LI><a href="#[43]">DMA2_Channel2_IRQHandler</a> from startup_stm32f10x_hd.o(.text) referenced from startup_stm32f10x_hd.o(RESET)
 <LI><a href="#[44]">DMA2_Channel3_IRQHandler</a> from startup_stm32f10x_hd.o(.text) referenced from startup_stm32f10x_hd.o(RESET)
 <LI><a href="#[45]">DMA2_Channel4_5_IRQHandler</a> from startup_stm32f10x_hd.o(.text) referenced from startup_stm32f10x_hd.o(RESET)
 <LI><a href="#[7]">DebugMon_Handler</a> from stm32f10x_it.o(i.DebugMon_Handler) referenced from startup_stm32f10x_hd.o(RESET)
 <LI><a href="#[10]">EXTI0_IRQHandler</a> from startup_stm32f10x_hd.o(.text) referenced from startup_stm32f10x_hd.o(RESET)
 <LI><a href="#[32]">EXTI15_10_IRQHandler</a> from app_tsm.o(i.EXTI15_10_IRQHandler) referenced from startup_stm32f10x_hd.o(RESET)
 <LI><a href="#[11]">EXTI1_IRQHandler</a> from startup_stm32f10x_hd.o(.text) referenced from startup_stm32f10x_hd.o(RESET)
 <LI><a href="#[12]">EXTI2_IRQHandler</a> from startup_stm32f10x_hd.o(.text) referenced from startup_stm32f10x_hd.o(RESET)
 <LI><a href="#[13]">EXTI3_IRQHandler</a> from startup_stm32f10x_hd.o(.text) referenced from startup_stm32f10x_hd.o(RESET)
 <LI><a href="#[14]">EXTI4_IRQHandler</a> from startup_stm32f10x_hd.o(.text) referenced from startup_stm32f10x_hd.o(RESET)
 <LI><a href="#[21]">EXTI9_5_IRQHandler</a> from startup_stm32f10x_hd.o(.text) referenced from startup_stm32f10x_hd.o(RESET)
 <LI><a href="#[e]">FLASH_IRQHandler</a> from startup_stm32f10x_hd.o(.text) referenced from startup_stm32f10x_hd.o(RESET)
 <LI><a href="#[3a]">FSMC_IRQHandler</a> from startup_stm32f10x_hd.o(.text) referenced from startup_stm32f10x_hd.o(RESET)
 <LI><a href="#[2]">HardFault_Handler</a> from stm32f10x_it.o(i.HardFault_Handler) referenced from startup_stm32f10x_hd.o(RESET)
 <LI><a href="#[2a]">I2C1_ER_IRQHandler</a> from startup_stm32f10x_hd.o(.text) referenced from startup_stm32f10x_hd.o(RESET)
 <LI><a href="#[29]">I2C1_EV_IRQHandler</a> from startup_stm32f10x_hd.o(.text) referenced from startup_stm32f10x_hd.o(RESET)
 <LI><a href="#[2c]">I2C2_ER_IRQHandler</a> from startup_stm32f10x_hd.o(.text) referenced from startup_stm32f10x_hd.o(RESET)
 <LI><a href="#[2b]">I2C2_EV_IRQHandler</a> from startup_stm32f10x_hd.o(.text) referenced from startup_stm32f10x_hd.o(RESET)
 <LI><a href="#[3]">MemManage_Handler</a> from stm32f10x_it.o(i.MemManage_Handler) referenced from startup_stm32f10x_hd.o(RESET)
 <LI><a href="#[1]">NMI_Handler</a> from stm32f10x_it.o(i.NMI_Handler) referenced from startup_stm32f10x_hd.o(RESET)
 <LI><a href="#[b]">PVD_IRQHandler</a> from startup_stm32f10x_hd.o(.text) referenced from startup_stm32f10x_hd.o(RESET)
 <LI><a href="#[8]">PendSV_Handler</a> from stm32f10x_it.o(i.PendSV_Handler) referenced from startup_stm32f10x_hd.o(RESET)
 <LI><a href="#[f]">RCC_IRQHandler</a> from startup_stm32f10x_hd.o(.text) referenced from startup_stm32f10x_hd.o(RESET)
 <LI><a href="#[33]">RTCAlarm_IRQHandler</a> from startup_stm32f10x_hd.o(.text) referenced from startup_stm32f10x_hd.o(RESET)
 <LI><a href="#[d]">RTC_IRQHandler</a> from startup_stm32f10x_hd.o(.text) referenced from startup_stm32f10x_hd.o(RESET)
 <LI><a href="#[0]">Reset_Handler</a> from startup_stm32f10x_hd.o(.text) referenced from startup_stm32f10x_hd.o(RESET)
 <LI><a href="#[3b]">SDIO_IRQHandler</a> from startup_stm32f10x_hd.o(.text) referenced from startup_stm32f10x_hd.o(RESET)
 <LI><a href="#[2d]">SPI1_IRQHandler</a> from startup_stm32f10x_hd.o(.text) referenced from startup_stm32f10x_hd.o(RESET)
 <LI><a href="#[2e]">SPI2_IRQHandler</a> from startup_stm32f10x_hd.o(.text) referenced from startup_stm32f10x_hd.o(RESET)
 <LI><a href="#[3d]">SPI3_IRQHandler</a> from startup_stm32f10x_hd.o(.text) referenced from startup_stm32f10x_hd.o(RESET)
 <LI><a href="#[6]">SVC_Handler</a> from stm32f10x_it.o(i.SVC_Handler) referenced from startup_stm32f10x_hd.o(RESET)
 <LI><a href="#[9]">SysTick_Handler</a> from stm32f10x_it.o(i.SysTick_Handler) referenced from startup_stm32f10x_hd.o(RESET)
 <LI><a href="#[47]">SystemInit</a> from system_stm32f10x.o(i.SystemInit) referenced from startup_stm32f10x_hd.o(.text)
 <LI><a href="#[c]">TAMPER_IRQHandler</a> from startup_stm32f10x_hd.o(.text) referenced from startup_stm32f10x_hd.o(RESET)
 <LI><a href="#[22]">TIM1_BRK_IRQHandler</a> from startup_stm32f10x_hd.o(.text) referenced from startup_stm32f10x_hd.o(RESET)
 <LI><a href="#[25]">TIM1_CC_IRQHandler</a> from startup_stm32f10x_hd.o(.text) referenced from startup_stm32f10x_hd.o(RESET)
 <LI><a href="#[24]">TIM1_TRG_COM_IRQHandler</a> from startup_stm32f10x_hd.o(.text) referenced from startup_stm32f10x_hd.o(RESET)
 <LI><a href="#[23]">TIM1_UP_IRQHandler</a> from startup_stm32f10x_hd.o(.text) referenced from startup_stm32f10x_hd.o(RESET)
 <LI><a href="#[26]">TIM2_IRQHandler</a> from startup_stm32f10x_hd.o(.text) referenced from startup_stm32f10x_hd.o(RESET)
 <LI><a href="#[27]">TIM3_IRQHandler</a> from startup_stm32f10x_hd.o(.text) referenced from startup_stm32f10x_hd.o(RESET)
 <LI><a href="#[28]">TIM4_IRQHandler</a> from startup_stm32f10x_hd.o(.text) referenced from startup_stm32f10x_hd.o(RESET)
 <LI><a href="#[3c]">TIM5_IRQHandler</a> from startup_stm32f10x_hd.o(.text) referenced from startup_stm32f10x_hd.o(RESET)
 <LI><a href="#[40]">TIM6_IRQHandler</a> from startup_stm32f10x_hd.o(.text) referenced from startup_stm32f10x_hd.o(RESET)
 <LI><a href="#[41]">TIM7_IRQHandler</a> from startup_stm32f10x_hd.o(.text) referenced from startup_stm32f10x_hd.o(RESET)
 <LI><a href="#[35]">TIM8_BRK_IRQHandler</a> from startup_stm32f10x_hd.o(.text) referenced from startup_stm32f10x_hd.o(RESET)
 <LI><a href="#[38]">TIM8_CC_IRQHandler</a> from startup_stm32f10x_hd.o(.text) referenced from startup_stm32f10x_hd.o(RESET)
 <LI><a href="#[37]">TIM8_TRG_COM_IRQHandler</a> from startup_stm32f10x_hd.o(.text) referenced from startup_stm32f10x_hd.o(RESET)
 <LI><a href="#[36]">TIM8_UP_IRQHandler</a> from startup_stm32f10x_hd.o(.text) referenced from startup_stm32f10x_hd.o(RESET)
 <LI><a href="#[3e]">UART4_IRQHandler</a> from startup_stm32f10x_hd.o(.text) referenced from startup_stm32f10x_hd.o(RESET)
 <LI><a href="#[3f]">UART5_IRQHandler</a> from startup_stm32f10x_hd.o(.text) referenced from startup_stm32f10x_hd.o(RESET)
 <LI><a href="#[2f]">USART1_IRQHandler</a> from startup_stm32f10x_hd.o(.text) referenced from startup_stm32f10x_hd.o(RESET)
 <LI><a href="#[30]">USART2_IRQHandler</a> from startup_stm32f10x_hd.o(.text) referenced from startup_stm32f10x_hd.o(RESET)
 <LI><a href="#[31]">USART3_IRQHandler</a> from startup_stm32f10x_hd.o(.text) referenced from startup_stm32f10x_hd.o(RESET)
 <LI><a href="#[34]">USBWakeUp_IRQHandler</a> from startup_stm32f10x_hd.o(.text) referenced from startup_stm32f10x_hd.o(RESET)
 <LI><a href="#[1d]">USB_HP_CAN1_TX_IRQHandler</a> from startup_stm32f10x_hd.o(.text) referenced from startup_stm32f10x_hd.o(RESET)
 <LI><a href="#[1e]">USB_LP_CAN1_RX0_IRQHandler</a> from startup_stm32f10x_hd.o(.text) referenced from startup_stm32f10x_hd.o(RESET)
 <LI><a href="#[5]">UsageFault_Handler</a> from stm32f10x_it.o(i.UsageFault_Handler) referenced from startup_stm32f10x_hd.o(RESET)
 <LI><a href="#[a]">WWDG_IRQHandler</a> from startup_stm32f10x_hd.o(.text) referenced from startup_stm32f10x_hd.o(RESET)
 <LI><a href="#[48]">__main</a> from entry.o(.ARM.Collect$$$$00000000) referenced from startup_stm32f10x_hd.o(.text)
 <LI><a href="#[46]">main</a> from main.o(i.main) referenced from entry9a.o(.ARM.Collect$$$$0000000B)
</UL>
<P>
<H3>
Global Symbols
</H3>
<P><STRONG><a name="[48]"></a>__main</STRONG> (Thumb, 0 bytes, Stack size unknown bytes, entry.o(.ARM.Collect$$$$00000000))
<BR>[Address Reference Count : 1]<UL><LI> startup_stm32f10x_hd.o(.text)
</UL>
<P><STRONG><a name="[bc]"></a>_main_stk</STRONG> (Thumb, 0 bytes, Stack size unknown bytes, entry2.o(.ARM.Collect$$$$00000001))

<P><STRONG><a name="[49]"></a>_main_scatterload</STRONG> (Thumb, 0 bytes, Stack size unknown bytes, entry5.o(.ARM.Collect$$$$00000004))
<BR><BR>[Calls]<UL><LI><a href="#[4a]">&gt;&gt;</a>&nbsp;&nbsp;&nbsp;__scatterload
</UL>

<P><STRONG><a name="[57]"></a>__main_after_scatterload</STRONG> (Thumb, 0 bytes, Stack size unknown bytes, entry5.o(.ARM.Collect$$$$00000004))
<BR><BR>[Called By]<UL><LI><a href="#[4a]">&gt;&gt;</a>&nbsp;&nbsp;&nbsp;__scatterload
</UL>

<P><STRONG><a name="[bd]"></a>_main_clock</STRONG> (Thumb, 0 bytes, Stack size unknown bytes, entry7b.o(.ARM.Collect$$$$00000008))

<P><STRONG><a name="[be]"></a>_main_cpp_init</STRONG> (Thumb, 0 bytes, Stack size unknown bytes, entry8b.o(.ARM.Collect$$$$0000000A))

<P><STRONG><a name="[bf]"></a>_main_init</STRONG> (Thumb, 0 bytes, Stack size unknown bytes, entry9a.o(.ARM.Collect$$$$0000000B))

<P><STRONG><a name="[c0]"></a>__rt_final_cpp</STRONG> (Thumb, 0 bytes, Stack size unknown bytes, entry10a.o(.ARM.Collect$$$$0000000D))

<P><STRONG><a name="[c1]"></a>__rt_final_exit</STRONG> (Thumb, 0 bytes, Stack size unknown bytes, entry11a.o(.ARM.Collect$$$$0000000F))

<P><STRONG><a name="[0]"></a>Reset_Handler</STRONG> (Thumb, 8 bytes, Stack size 0 bytes, startup_stm32f10x_hd.o(.text))
<BR>[Address Reference Count : 1]<UL><LI> startup_stm32f10x_hd.o(RESET)
</UL>
<P><STRONG><a name="[1c]"></a>ADC1_2_IRQHandler</STRONG> (Thumb, 0 bytes, Stack size 0 bytes, startup_stm32f10x_hd.o(.text))
<BR><BR>[Calls]<UL><LI><a href="#[1c]">&gt;&gt;</a>&nbsp;&nbsp;&nbsp;ADC1_2_IRQHandler
</UL>
<BR>[Called By]<UL><LI><a href="#[1c]">&gt;&gt;</a>&nbsp;&nbsp;&nbsp;ADC1_2_IRQHandler
</UL>
<BR>[Address Reference Count : 1]<UL><LI> startup_stm32f10x_hd.o(RESET)
</UL>
<P><STRONG><a name="[39]"></a>ADC3_IRQHandler</STRONG> (Thumb, 0 bytes, Stack size 0 bytes, startup_stm32f10x_hd.o(.text))
<BR>[Address Reference Count : 1]<UL><LI> startup_stm32f10x_hd.o(RESET)
</UL>
<P><STRONG><a name="[1f]"></a>CAN1_RX1_IRQHandler</STRONG> (Thumb, 0 bytes, Stack size 0 bytes, startup_stm32f10x_hd.o(.text))
<BR>[Address Reference Count : 1]<UL><LI> startup_stm32f10x_hd.o(RESET)
</UL>
<P><STRONG><a name="[20]"></a>CAN1_SCE_IRQHandler</STRONG> (Thumb, 0 bytes, Stack size 0 bytes, startup_stm32f10x_hd.o(.text))
<BR>[Address Reference Count : 1]<UL><LI> startup_stm32f10x_hd.o(RESET)
</UL>
<P><STRONG><a name="[15]"></a>DMA1_Channel1_IRQHandler</STRONG> (Thumb, 0 bytes, Stack size 0 bytes, startup_stm32f10x_hd.o(.text))
<BR>[Address Reference Count : 1]<UL><LI> startup_stm32f10x_hd.o(RESET)
</UL>
<P><STRONG><a name="[16]"></a>DMA1_Channel2_IRQHandler</STRONG> (Thumb, 0 bytes, Stack size 0 bytes, startup_stm32f10x_hd.o(.text))
<BR>[Address Reference Count : 1]<UL><LI> startup_stm32f10x_hd.o(RESET)
</UL>
<P><STRONG><a name="[17]"></a>DMA1_Channel3_IRQHandler</STRONG> (Thumb, 0 bytes, Stack size 0 bytes, startup_stm32f10x_hd.o(.text))
<BR>[Address Reference Count : 1]<UL><LI> startup_stm32f10x_hd.o(RESET)
</UL>
<P><STRONG><a name="[18]"></a>DMA1_Channel4_IRQHandler</STRONG> (Thumb, 0 bytes, Stack size 0 bytes, startup_stm32f10x_hd.o(.text))
<BR>[Address Reference Count : 1]<UL><LI> startup_stm32f10x_hd.o(RESET)
</UL>
<P><STRONG><a name="[19]"></a>DMA1_Channel5_IRQHandler</STRONG> (Thumb, 0 bytes, Stack size 0 bytes, startup_stm32f10x_hd.o(.text))
<BR>[Address Reference Count : 1]<UL><LI> startup_stm32f10x_hd.o(RESET)
</UL>
<P><STRONG><a name="[1a]"></a>DMA1_Channel6_IRQHandler</STRONG> (Thumb, 0 bytes, Stack size 0 bytes, startup_stm32f10x_hd.o(.text))
<BR>[Address Reference Count : 1]<UL><LI> startup_stm32f10x_hd.o(RESET)
</UL>
<P><STRONG><a name="[1b]"></a>DMA1_Channel7_IRQHandler</STRONG> (Thumb, 0 bytes, Stack size 0 bytes, startup_stm32f10x_hd.o(.text))
<BR>[Address Reference Count : 1]<UL><LI> startup_stm32f10x_hd.o(RESET)
</UL>
<P><STRONG><a name="[42]"></a>DMA2_Channel1_IRQHandler</STRONG> (Thumb, 0 bytes, Stack size 0 bytes, startup_stm32f10x_hd.o(.text))
<BR>[Address Reference Count : 1]<UL><LI> startup_stm32f10x_hd.o(RESET)
</UL>
<P><STRONG><a name="[43]"></a>DMA2_Channel2_IRQHandler</STRONG> (Thumb, 0 bytes, Stack size 0 bytes, startup_stm32f10x_hd.o(.text))
<BR>[Address Reference Count : 1]<UL><LI> startup_stm32f10x_hd.o(RESET)
</UL>
<P><STRONG><a name="[44]"></a>DMA2_Channel3_IRQHandler</STRONG> (Thumb, 0 bytes, Stack size 0 bytes, startup_stm32f10x_hd.o(.text))
<BR>[Address Reference Count : 1]<UL><LI> startup_stm32f10x_hd.o(RESET)
</UL>
<P><STRONG><a name="[45]"></a>DMA2_Channel4_5_IRQHandler</STRONG> (Thumb, 0 bytes, Stack size 0 bytes, startup_stm32f10x_hd.o(.text))
<BR>[Address Reference Count : 1]<UL><LI> startup_stm32f10x_hd.o(RESET)
</UL>
<P><STRONG><a name="[10]"></a>EXTI0_IRQHandler</STRONG> (Thumb, 0 bytes, Stack size 0 bytes, startup_stm32f10x_hd.o(.text))
<BR>[Address Reference Count : 1]<UL><LI> startup_stm32f10x_hd.o(RESET)
</UL>
<P><STRONG><a name="[11]"></a>EXTI1_IRQHandler</STRONG> (Thumb, 0 bytes, Stack size 0 bytes, startup_stm32f10x_hd.o(.text))
<BR>[Address Reference Count : 1]<UL><LI> startup_stm32f10x_hd.o(RESET)
</UL>
<P><STRONG><a name="[12]"></a>EXTI2_IRQHandler</STRONG> (Thumb, 0 bytes, Stack size 0 bytes, startup_stm32f10x_hd.o(.text))
<BR>[Address Reference Count : 1]<UL><LI> startup_stm32f10x_hd.o(RESET)
</UL>
<P><STRONG><a name="[13]"></a>EXTI3_IRQHandler</STRONG> (Thumb, 0 bytes, Stack size 0 bytes, startup_stm32f10x_hd.o(.text))
<BR>[Address Reference Count : 1]<UL><LI> startup_stm32f10x_hd.o(RESET)
</UL>
<P><STRONG><a name="[14]"></a>EXTI4_IRQHandler</STRONG> (Thumb, 0 bytes, Stack size 0 bytes, startup_stm32f10x_hd.o(.text))
<BR>[Address Reference Count : 1]<UL><LI> startup_stm32f10x_hd.o(RESET)
</UL>
<P><STRONG><a name="[21]"></a>EXTI9_5_IRQHandler</STRONG> (Thumb, 0 bytes, Stack size 0 bytes, startup_stm32f10x_hd.o(.text))
<BR>[Address Reference Count : 1]<UL><LI> startup_stm32f10x_hd.o(RESET)
</UL>
<P><STRONG><a name="[e]"></a>FLASH_IRQHandler</STRONG> (Thumb, 0 bytes, Stack size 0 bytes, startup_stm32f10x_hd.o(.text))
<BR>[Address Reference Count : 1]<UL><LI> startup_stm32f10x_hd.o(RESET)
</UL>
<P><STRONG><a name="[3a]"></a>FSMC_IRQHandler</STRONG> (Thumb, 0 bytes, Stack size 0 bytes, startup_stm32f10x_hd.o(.text))
<BR>[Address Reference Count : 1]<UL><LI> startup_stm32f10x_hd.o(RESET)
</UL>
<P><STRONG><a name="[2a]"></a>I2C1_ER_IRQHandler</STRONG> (Thumb, 0 bytes, Stack size 0 bytes, startup_stm32f10x_hd.o(.text))
<BR>[Address Reference Count : 1]<UL><LI> startup_stm32f10x_hd.o(RESET)
</UL>
<P><STRONG><a name="[29]"></a>I2C1_EV_IRQHandler</STRONG> (Thumb, 0 bytes, Stack size 0 bytes, startup_stm32f10x_hd.o(.text))
<BR>[Address Reference Count : 1]<UL><LI> startup_stm32f10x_hd.o(RESET)
</UL>
<P><STRONG><a name="[2c]"></a>I2C2_ER_IRQHandler</STRONG> (Thumb, 0 bytes, Stack size 0 bytes, startup_stm32f10x_hd.o(.text))
<BR>[Address Reference Count : 1]<UL><LI> startup_stm32f10x_hd.o(RESET)
</UL>
<P><STRONG><a name="[2b]"></a>I2C2_EV_IRQHandler</STRONG> (Thumb, 0 bytes, Stack size 0 bytes, startup_stm32f10x_hd.o(.text))
<BR>[Address Reference Count : 1]<UL><LI> startup_stm32f10x_hd.o(RESET)
</UL>
<P><STRONG><a name="[b]"></a>PVD_IRQHandler</STRONG> (Thumb, 0 bytes, Stack size 0 bytes, startup_stm32f10x_hd.o(.text))
<BR>[Address Reference Count : 1]<UL><LI> startup_stm32f10x_hd.o(RESET)
</UL>
<P><STRONG><a name="[f]"></a>RCC_IRQHandler</STRONG> (Thumb, 0 bytes, Stack size 0 bytes, startup_stm32f10x_hd.o(.text))
<BR>[Address Reference Count : 1]<UL><LI> startup_stm32f10x_hd.o(RESET)
</UL>
<P><STRONG><a name="[33]"></a>RTCAlarm_IRQHandler</STRONG> (Thumb, 0 bytes, Stack size 0 bytes, startup_stm32f10x_hd.o(.text))
<BR>[Address Reference Count : 1]<UL><LI> startup_stm32f10x_hd.o(RESET)
</UL>
<P><STRONG><a name="[d]"></a>RTC_IRQHandler</STRONG> (Thumb, 0 bytes, Stack size 0 bytes, startup_stm32f10x_hd.o(.text))
<BR>[Address Reference Count : 1]<UL><LI> startup_stm32f10x_hd.o(RESET)
</UL>
<P><STRONG><a name="[3b]"></a>SDIO_IRQHandler</STRONG> (Thumb, 0 bytes, Stack size 0 bytes, startup_stm32f10x_hd.o(.text))
<BR>[Address Reference Count : 1]<UL><LI> startup_stm32f10x_hd.o(RESET)
</UL>
<P><STRONG><a name="[2d]"></a>SPI1_IRQHandler</STRONG> (Thumb, 0 bytes, Stack size 0 bytes, startup_stm32f10x_hd.o(.text))
<BR>[Address Reference Count : 1]<UL><LI> startup_stm32f10x_hd.o(RESET)
</UL>
<P><STRONG><a name="[2e]"></a>SPI2_IRQHandler</STRONG> (Thumb, 0 bytes, Stack size 0 bytes, startup_stm32f10x_hd.o(.text))
<BR>[Address Reference Count : 1]<UL><LI> startup_stm32f10x_hd.o(RESET)
</UL>
<P><STRONG><a name="[3d]"></a>SPI3_IRQHandler</STRONG> (Thumb, 0 bytes, Stack size 0 bytes, startup_stm32f10x_hd.o(.text))
<BR>[Address Reference Count : 1]<UL><LI> startup_stm32f10x_hd.o(RESET)
</UL>
<P><STRONG><a name="[c]"></a>TAMPER_IRQHandler</STRONG> (Thumb, 0 bytes, Stack size 0 bytes, startup_stm32f10x_hd.o(.text))
<BR>[Address Reference Count : 1]<UL><LI> startup_stm32f10x_hd.o(RESET)
</UL>
<P><STRONG><a name="[22]"></a>TIM1_BRK_IRQHandler</STRONG> (Thumb, 0 bytes, Stack size 0 bytes, startup_stm32f10x_hd.o(.text))
<BR>[Address Reference Count : 1]<UL><LI> startup_stm32f10x_hd.o(RESET)
</UL>
<P><STRONG><a name="[25]"></a>TIM1_CC_IRQHandler</STRONG> (Thumb, 0 bytes, Stack size 0 bytes, startup_stm32f10x_hd.o(.text))
<BR>[Address Reference Count : 1]<UL><LI> startup_stm32f10x_hd.o(RESET)
</UL>
<P><STRONG><a name="[24]"></a>TIM1_TRG_COM_IRQHandler</STRONG> (Thumb, 0 bytes, Stack size 0 bytes, startup_stm32f10x_hd.o(.text))
<BR>[Address Reference Count : 1]<UL><LI> startup_stm32f10x_hd.o(RESET)
</UL>
<P><STRONG><a name="[23]"></a>TIM1_UP_IRQHandler</STRONG> (Thumb, 0 bytes, Stack size 0 bytes, startup_stm32f10x_hd.o(.text))
<BR>[Address Reference Count : 1]<UL><LI> startup_stm32f10x_hd.o(RESET)
</UL>
<P><STRONG><a name="[26]"></a>TIM2_IRQHandler</STRONG> (Thumb, 0 bytes, Stack size 0 bytes, startup_stm32f10x_hd.o(.text))
<BR>[Address Reference Count : 1]<UL><LI> startup_stm32f10x_hd.o(RESET)
</UL>
<P><STRONG><a name="[27]"></a>TIM3_IRQHandler</STRONG> (Thumb, 0 bytes, Stack size 0 bytes, startup_stm32f10x_hd.o(.text))
<BR>[Address Reference Count : 1]<UL><LI> startup_stm32f10x_hd.o(RESET)
</UL>
<P><STRONG><a name="[28]"></a>TIM4_IRQHandler</STRONG> (Thumb, 0 bytes, Stack size 0 bytes, startup_stm32f10x_hd.o(.text))
<BR>[Address Reference Count : 1]<UL><LI> startup_stm32f10x_hd.o(RESET)
</UL>
<P><STRONG><a name="[3c]"></a>TIM5_IRQHandler</STRONG> (Thumb, 0 bytes, Stack size 0 bytes, startup_stm32f10x_hd.o(.text))
<BR>[Address Reference Count : 1]<UL><LI> startup_stm32f10x_hd.o(RESET)
</UL>
<P><STRONG><a name="[40]"></a>TIM6_IRQHandler</STRONG> (Thumb, 0 bytes, Stack size 0 bytes, startup_stm32f10x_hd.o(.text))
<BR>[Address Reference Count : 1]<UL><LI> startup_stm32f10x_hd.o(RESET)
</UL>
<P><STRONG><a name="[41]"></a>TIM7_IRQHandler</STRONG> (Thumb, 0 bytes, Stack size 0 bytes, startup_stm32f10x_hd.o(.text))
<BR>[Address Reference Count : 1]<UL><LI> startup_stm32f10x_hd.o(RESET)
</UL>
<P><STRONG><a name="[35]"></a>TIM8_BRK_IRQHandler</STRONG> (Thumb, 0 bytes, Stack size 0 bytes, startup_stm32f10x_hd.o(.text))
<BR>[Address Reference Count : 1]<UL><LI> startup_stm32f10x_hd.o(RESET)
</UL>
<P><STRONG><a name="[38]"></a>TIM8_CC_IRQHandler</STRONG> (Thumb, 0 bytes, Stack size 0 bytes, startup_stm32f10x_hd.o(.text))
<BR>[Address Reference Count : 1]<UL><LI> startup_stm32f10x_hd.o(RESET)
</UL>
<P><STRONG><a name="[37]"></a>TIM8_TRG_COM_IRQHandler</STRONG> (Thumb, 0 bytes, Stack size 0 bytes, startup_stm32f10x_hd.o(.text))
<BR>[Address Reference Count : 1]<UL><LI> startup_stm32f10x_hd.o(RESET)
</UL>
<P><STRONG><a name="[36]"></a>TIM8_UP_IRQHandler</STRONG> (Thumb, 0 bytes, Stack size 0 bytes, startup_stm32f10x_hd.o(.text))
<BR>[Address Reference Count : 1]<UL><LI> startup_stm32f10x_hd.o(RESET)
</UL>
<P><STRONG><a name="[3e]"></a>UART4_IRQHandler</STRONG> (Thumb, 0 bytes, Stack size 0 bytes, startup_stm32f10x_hd.o(.text))
<BR>[Address Reference Count : 1]<UL><LI> startup_stm32f10x_hd.o(RESET)
</UL>
<P><STRONG><a name="[3f]"></a>UART5_IRQHandler</STRONG> (Thumb, 0 bytes, Stack size 0 bytes, startup_stm32f10x_hd.o(.text))
<BR>[Address Reference Count : 1]<UL><LI> startup_stm32f10x_hd.o(RESET)
</UL>
<P><STRONG><a name="[2f]"></a>USART1_IRQHandler</STRONG> (Thumb, 0 bytes, Stack size 0 bytes, startup_stm32f10x_hd.o(.text))
<BR>[Address Reference Count : 1]<UL><LI> startup_stm32f10x_hd.o(RESET)
</UL>
<P><STRONG><a name="[30]"></a>USART2_IRQHandler</STRONG> (Thumb, 0 bytes, Stack size 0 bytes, startup_stm32f10x_hd.o(.text))
<BR>[Address Reference Count : 1]<UL><LI> startup_stm32f10x_hd.o(RESET)
</UL>
<P><STRONG><a name="[31]"></a>USART3_IRQHandler</STRONG> (Thumb, 0 bytes, Stack size 0 bytes, startup_stm32f10x_hd.o(.text))
<BR>[Address Reference Count : 1]<UL><LI> startup_stm32f10x_hd.o(RESET)
</UL>
<P><STRONG><a name="[34]"></a>USBWakeUp_IRQHandler</STRONG> (Thumb, 0 bytes, Stack size 0 bytes, startup_stm32f10x_hd.o(.text))
<BR>[Address Reference Count : 1]<UL><LI> startup_stm32f10x_hd.o(RESET)
</UL>
<P><STRONG><a name="[1d]"></a>USB_HP_CAN1_TX_IRQHandler</STRONG> (Thumb, 0 bytes, Stack size 0 bytes, startup_stm32f10x_hd.o(.text))
<BR>[Address Reference Count : 1]<UL><LI> startup_stm32f10x_hd.o(RESET)
</UL>
<P><STRONG><a name="[1e]"></a>USB_LP_CAN1_RX0_IRQHandler</STRONG> (Thumb, 0 bytes, Stack size 0 bytes, startup_stm32f10x_hd.o(.text))
<BR>[Address Reference Count : 1]<UL><LI> startup_stm32f10x_hd.o(RESET)
</UL>
<P><STRONG><a name="[a]"></a>WWDG_IRQHandler</STRONG> (Thumb, 0 bytes, Stack size 0 bytes, startup_stm32f10x_hd.o(.text))
<BR>[Address Reference Count : 1]<UL><LI> startup_stm32f10x_hd.o(RESET)
</UL>
<P><STRONG><a name="[4b]"></a>__aeabi_dadd</STRONG> (Thumb, 322 bytes, Stack size 48 bytes, dadd.o(.text))
<BR><BR>[Stack]<UL><LI>Max Depth = 88<LI>Call Chain = __aeabi_dadd &rArr; _double_epilogue &rArr; _double_round
</UL>
<BR>[Calls]<UL><LI><a href="#[4d]">&gt;&gt;</a>&nbsp;&nbsp;&nbsp;__aeabi_lasr
<LI><a href="#[4c]">&gt;&gt;</a>&nbsp;&nbsp;&nbsp;__aeabi_llsl
<LI><a href="#[4f]">&gt;&gt;</a>&nbsp;&nbsp;&nbsp;_double_round
<LI><a href="#[4e]">&gt;&gt;</a>&nbsp;&nbsp;&nbsp;_double_epilogue
</UL>
<BR>[Called By]<UL><LI><a href="#[50]">&gt;&gt;</a>&nbsp;&nbsp;&nbsp;__aeabi_dsub
<LI><a href="#[a8]">&gt;&gt;</a>&nbsp;&nbsp;&nbsp;Page_2_4
<LI><a href="#[a7]">&gt;&gt;</a>&nbsp;&nbsp;&nbsp;Page_2_3
<LI><a href="#[a5]">&gt;&gt;</a>&nbsp;&nbsp;&nbsp;Page_2_2
<LI><a href="#[b5]">&gt;&gt;</a>&nbsp;&nbsp;&nbsp;__kernel_poly
<LI><a href="#[51]">&gt;&gt;</a>&nbsp;&nbsp;&nbsp;__aeabi_drsub
<LI><a href="#[a6]">&gt;&gt;</a>&nbsp;&nbsp;&nbsp;pow
</UL>

<P><STRONG><a name="[50]"></a>__aeabi_dsub</STRONG> (Thumb, 6 bytes, Stack size 0 bytes, dadd.o(.text))
<BR><BR>[Stack]<UL><LI>Max Depth = 88<LI>Call Chain = __aeabi_dsub &rArr; __aeabi_dadd &rArr; _double_epilogue &rArr; _double_round
</UL>
<BR>[Calls]<UL><LI><a href="#[4b]">&gt;&gt;</a>&nbsp;&nbsp;&nbsp;__aeabi_dadd
</UL>
<BR>[Called By]<UL><LI><a href="#[a8]">&gt;&gt;</a>&nbsp;&nbsp;&nbsp;Page_2_4
<LI><a href="#[a7]">&gt;&gt;</a>&nbsp;&nbsp;&nbsp;Page_2_3
<LI><a href="#[a5]">&gt;&gt;</a>&nbsp;&nbsp;&nbsp;Page_2_2
<LI><a href="#[a6]">&gt;&gt;</a>&nbsp;&nbsp;&nbsp;pow
</UL>

<P><STRONG><a name="[51]"></a>__aeabi_drsub</STRONG> (Thumb, 6 bytes, Stack size 0 bytes, dadd.o(.text))
<BR><BR>[Stack]<UL><LI>Max Depth = 88<LI>Call Chain = __aeabi_drsub &rArr; __aeabi_dadd &rArr; _double_epilogue &rArr; _double_round
</UL>
<BR>[Calls]<UL><LI><a href="#[4b]">&gt;&gt;</a>&nbsp;&nbsp;&nbsp;__aeabi_dadd
</UL>
<BR>[Called By]<UL><LI><a href="#[a6]">&gt;&gt;</a>&nbsp;&nbsp;&nbsp;pow
</UL>

<P><STRONG><a name="[52]"></a>__aeabi_i2d</STRONG> (Thumb, 34 bytes, Stack size 16 bytes, dflti.o(.text))
<BR><BR>[Stack]<UL><LI>Max Depth = 56<LI>Call Chain = __aeabi_i2d &rArr; _double_epilogue &rArr; _double_round
</UL>
<BR>[Calls]<UL><LI><a href="#[4e]">&gt;&gt;</a>&nbsp;&nbsp;&nbsp;_double_epilogue
</UL>
<BR>[Called By]<UL><LI><a href="#[a8]">&gt;&gt;</a>&nbsp;&nbsp;&nbsp;Page_2_4
<LI><a href="#[a7]">&gt;&gt;</a>&nbsp;&nbsp;&nbsp;Page_2_3
<LI><a href="#[a5]">&gt;&gt;</a>&nbsp;&nbsp;&nbsp;Page_2_2
<LI><a href="#[a6]">&gt;&gt;</a>&nbsp;&nbsp;&nbsp;pow
</UL>

<P><STRONG><a name="[53]"></a>__aeabi_d2iz</STRONG> (Thumb, 62 bytes, Stack size 16 bytes, dfixi.o(.text))
<BR><BR>[Stack]<UL><LI>Max Depth = 16<LI>Call Chain = __aeabi_d2iz
</UL>
<BR>[Calls]<UL><LI><a href="#[54]">&gt;&gt;</a>&nbsp;&nbsp;&nbsp;__aeabi_llsr
</UL>
<BR>[Called By]<UL><LI><a href="#[a8]">&gt;&gt;</a>&nbsp;&nbsp;&nbsp;Page_2_4
<LI><a href="#[a7]">&gt;&gt;</a>&nbsp;&nbsp;&nbsp;Page_2_3
<LI><a href="#[a5]">&gt;&gt;</a>&nbsp;&nbsp;&nbsp;Page_2_2
</UL>

<P><STRONG><a name="[4c]"></a>__aeabi_llsl</STRONG> (Thumb, 30 bytes, Stack size 0 bytes, llshl.o(.text))
<BR><BR>[Called By]<UL><LI><a href="#[4b]">&gt;&gt;</a>&nbsp;&nbsp;&nbsp;__aeabi_dadd
<LI><a href="#[4e]">&gt;&gt;</a>&nbsp;&nbsp;&nbsp;_double_epilogue
</UL>

<P><STRONG><a name="[c2]"></a>_ll_shift_l</STRONG> (Thumb, 0 bytes, Stack size 0 bytes, llshl.o(.text), UNUSED)

<P><STRONG><a name="[54]"></a>__aeabi_llsr</STRONG> (Thumb, 32 bytes, Stack size 0 bytes, llushr.o(.text))
<BR><BR>[Called By]<UL><LI><a href="#[53]">&gt;&gt;</a>&nbsp;&nbsp;&nbsp;__aeabi_d2iz
<LI><a href="#[58]">&gt;&gt;</a>&nbsp;&nbsp;&nbsp;_dsqrt
<LI><a href="#[4e]">&gt;&gt;</a>&nbsp;&nbsp;&nbsp;_double_epilogue
</UL>

<P><STRONG><a name="[c3]"></a>_ll_ushift_r</STRONG> (Thumb, 0 bytes, Stack size 0 bytes, llushr.o(.text), UNUSED)

<P><STRONG><a name="[4d]"></a>__aeabi_lasr</STRONG> (Thumb, 36 bytes, Stack size 0 bytes, llsshr.o(.text))
<BR><BR>[Called By]<UL><LI><a href="#[4b]">&gt;&gt;</a>&nbsp;&nbsp;&nbsp;__aeabi_dadd
</UL>

<P><STRONG><a name="[c4]"></a>_ll_sshift_r</STRONG> (Thumb, 0 bytes, Stack size 0 bytes, llsshr.o(.text), UNUSED)

<P><STRONG><a name="[c5]"></a>__I$use$fp</STRONG> (Thumb, 0 bytes, Stack size 8 bytes, iusefp.o(.text), UNUSED)

<P><STRONG><a name="[4f]"></a>_double_round</STRONG> (Thumb, 26 bytes, Stack size 8 bytes, depilogue.o(.text))
<BR><BR>[Stack]<UL><LI>Max Depth = 8<LI>Call Chain = _double_round
</UL>
<BR>[Called By]<UL><LI><a href="#[4b]">&gt;&gt;</a>&nbsp;&nbsp;&nbsp;__aeabi_dadd
<LI><a href="#[58]">&gt;&gt;</a>&nbsp;&nbsp;&nbsp;_dsqrt
<LI><a href="#[4e]">&gt;&gt;</a>&nbsp;&nbsp;&nbsp;_double_epilogue
<LI><a href="#[56]">&gt;&gt;</a>&nbsp;&nbsp;&nbsp;__aeabi_ddiv
</UL>

<P><STRONG><a name="[4e]"></a>_double_epilogue</STRONG> (Thumb, 164 bytes, Stack size 32 bytes, depilogue.o(.text))
<BR><BR>[Stack]<UL><LI>Max Depth = 40<LI>Call Chain = _double_epilogue &rArr; _double_round
</UL>
<BR>[Calls]<UL><LI><a href="#[54]">&gt;&gt;</a>&nbsp;&nbsp;&nbsp;__aeabi_llsr
<LI><a href="#[4c]">&gt;&gt;</a>&nbsp;&nbsp;&nbsp;__aeabi_llsl
<LI><a href="#[4f]">&gt;&gt;</a>&nbsp;&nbsp;&nbsp;_double_round
</UL>
<BR>[Called By]<UL><LI><a href="#[52]">&gt;&gt;</a>&nbsp;&nbsp;&nbsp;__aeabi_i2d
<LI><a href="#[4b]">&gt;&gt;</a>&nbsp;&nbsp;&nbsp;__aeabi_dadd
<LI><a href="#[55]">&gt;&gt;</a>&nbsp;&nbsp;&nbsp;__aeabi_dmul
</UL>

<P><STRONG><a name="[55]"></a>__aeabi_dmul</STRONG> (Thumb, 228 bytes, Stack size 48 bytes, dmul.o(.text))
<BR><BR>[Stack]<UL><LI>Max Depth = 88<LI>Call Chain = __aeabi_dmul &rArr; _double_epilogue &rArr; _double_round
</UL>
<BR>[Calls]<UL><LI><a href="#[4e]">&gt;&gt;</a>&nbsp;&nbsp;&nbsp;_double_epilogue
</UL>
<BR>[Called By]<UL><LI><a href="#[b5]">&gt;&gt;</a>&nbsp;&nbsp;&nbsp;__kernel_poly
<LI><a href="#[a6]">&gt;&gt;</a>&nbsp;&nbsp;&nbsp;pow
</UL>

<P><STRONG><a name="[56]"></a>__aeabi_ddiv</STRONG> (Thumb, 222 bytes, Stack size 32 bytes, ddiv.o(.text))
<BR><BR>[Stack]<UL><LI>Max Depth = 40<LI>Call Chain = __aeabi_ddiv &rArr; _double_round
</UL>
<BR>[Calls]<UL><LI><a href="#[4f]">&gt;&gt;</a>&nbsp;&nbsp;&nbsp;_double_round
</UL>
<BR>[Called By]<UL><LI><a href="#[a6]">&gt;&gt;</a>&nbsp;&nbsp;&nbsp;pow
</UL>

<P><STRONG><a name="[b7]"></a>__ARM_scalbn</STRONG> (Thumb, 46 bytes, Stack size 16 bytes, dscalb.o(.text))
<BR><BR>[Stack]<UL><LI>Max Depth = 16<LI>Call Chain = __ARM_scalbn
</UL>
<BR>[Called By]<UL><LI><a href="#[b6]">&gt;&gt;</a>&nbsp;&nbsp;&nbsp;__mathlib_dbl_underflow
<LI><a href="#[a6]">&gt;&gt;</a>&nbsp;&nbsp;&nbsp;pow
</UL>

<P><STRONG><a name="[c6]"></a>scalbn</STRONG> (Thumb, 0 bytes, Stack size 16 bytes, dscalb.o(.text), UNUSED)

<P><STRONG><a name="[ba]"></a>__aeabi_cdrcmple</STRONG> (Thumb, 38 bytes, Stack size 0 bytes, cdrcmple.o(.text))
<BR><BR>[Called By]<UL><LI><a href="#[a6]">&gt;&gt;</a>&nbsp;&nbsp;&nbsp;pow
</UL>

<P><STRONG><a name="[4a]"></a>__scatterload</STRONG> (Thumb, 28 bytes, Stack size 0 bytes, init.o(.text))
<BR><BR>[Calls]<UL><LI><a href="#[57]">&gt;&gt;</a>&nbsp;&nbsp;&nbsp;__main_after_scatterload
</UL>
<BR>[Called By]<UL><LI><a href="#[49]">&gt;&gt;</a>&nbsp;&nbsp;&nbsp;_main_scatterload
</UL>

<P><STRONG><a name="[c7]"></a>__scatterload_rt2</STRONG> (Thumb, 0 bytes, Stack size 0 bytes, init.o(.text), UNUSED)

<P><STRONG><a name="[58]"></a>_dsqrt</STRONG> (Thumb, 162 bytes, Stack size 32 bytes, dsqrt.o(.text))
<BR><BR>[Stack]<UL><LI>Max Depth = 40<LI>Call Chain = _dsqrt &rArr; _double_round
</UL>
<BR>[Calls]<UL><LI><a href="#[54]">&gt;&gt;</a>&nbsp;&nbsp;&nbsp;__aeabi_llsr
<LI><a href="#[4f]">&gt;&gt;</a>&nbsp;&nbsp;&nbsp;_double_round
</UL>
<BR>[Called By]<UL><LI><a href="#[b9]">&gt;&gt;</a>&nbsp;&nbsp;&nbsp;sqrt
</UL>

<P><STRONG><a name="[4]"></a>BusFault_Handler</STRONG> (Thumb, 4 bytes, Stack size 0 bytes, stm32f10x_it.o(i.BusFault_Handler))
<BR>[Address Reference Count : 1]<UL><LI> startup_stm32f10x_hd.o(RESET)
</UL>
<P><STRONG><a name="[59]"></a>Configure_24LC01B</STRONG> (Thumb, 68 bytes, Stack size 8 bytes, app_24lc01b.o(i.Configure_24LC01B))
<BR><BR>[Stack]<UL><LI>Max Depth = 32<LI>Call Chain = Configure_24LC01B &rArr; GPIO_Init
</UL>
<BR>[Calls]<UL><LI><a href="#[5b]">&gt;&gt;</a>&nbsp;&nbsp;&nbsp;GPIO_Init
<LI><a href="#[5a]">&gt;&gt;</a>&nbsp;&nbsp;&nbsp;RCC_APB2PeriphClockCmd
</UL>
<BR>[Called By]<UL><LI><a href="#[7f]">&gt;&gt;</a>&nbsp;&nbsp;&nbsp;Initialize_24LC01B
</UL>

<P><STRONG><a name="[5c]"></a>Configure_DI</STRONG> (Thumb, 40 bytes, Stack size 8 bytes, app_di.o(i.Configure_DI))
<BR><BR>[Stack]<UL><LI>Max Depth = 32<LI>Call Chain = Configure_DI &rArr; GPIO_Init
</UL>
<BR>[Calls]<UL><LI><a href="#[5b]">&gt;&gt;</a>&nbsp;&nbsp;&nbsp;GPIO_Init
<LI><a href="#[5a]">&gt;&gt;</a>&nbsp;&nbsp;&nbsp;RCC_APB2PeriphClockCmd
</UL>
<BR>[Called By]<UL><LI><a href="#[81]">&gt;&gt;</a>&nbsp;&nbsp;&nbsp;Initialize_DI
</UL>

<P><STRONG><a name="[5d]"></a>Configure_DO</STRONG> (Thumb, 40 bytes, Stack size 8 bytes, app_do.o(i.Configure_DO))
<BR><BR>[Stack]<UL><LI>Max Depth = 32<LI>Call Chain = Configure_DO &rArr; GPIO_Init
</UL>
<BR>[Calls]<UL><LI><a href="#[5b]">&gt;&gt;</a>&nbsp;&nbsp;&nbsp;GPIO_Init
<LI><a href="#[5a]">&gt;&gt;</a>&nbsp;&nbsp;&nbsp;RCC_APB2PeriphClockCmd
</UL>
<BR>[Called By]<UL><LI><a href="#[82]">&gt;&gt;</a>&nbsp;&nbsp;&nbsp;Initialize_DO
</UL>

<P><STRONG><a name="[5e]"></a>Configure_GT21L16S2W</STRONG> (Thumb, 64 bytes, Stack size 8 bytes, app_gt21l16s2w.o(i.Configure_GT21L16S2W))
<BR><BR>[Stack]<UL><LI>Max Depth = 32<LI>Call Chain = Configure_GT21L16S2W &rArr; GPIO_Init
</UL>
<BR>[Calls]<UL><LI><a href="#[5b]">&gt;&gt;</a>&nbsp;&nbsp;&nbsp;GPIO_Init
<LI><a href="#[5a]">&gt;&gt;</a>&nbsp;&nbsp;&nbsp;RCC_APB2PeriphClockCmd
</UL>
<BR>[Called By]<UL><LI><a href="#[83]">&gt;&gt;</a>&nbsp;&nbsp;&nbsp;Initialize_GT21L16S2W
</UL>

<P><STRONG><a name="[5f]"></a>Configure_Key</STRONG> (Thumb, 40 bytes, Stack size 8 bytes, app_key.o(i.Configure_Key))
<BR><BR>[Stack]<UL><LI>Max Depth = 32<LI>Call Chain = Configure_Key &rArr; GPIO_Init
</UL>
<BR>[Calls]<UL><LI><a href="#[5b]">&gt;&gt;</a>&nbsp;&nbsp;&nbsp;GPIO_Init
<LI><a href="#[5a]">&gt;&gt;</a>&nbsp;&nbsp;&nbsp;RCC_APB2PeriphClockCmd
</UL>
<BR>[Called By]<UL><LI><a href="#[84]">&gt;&gt;</a>&nbsp;&nbsp;&nbsp;Initialize_Key
</UL>

<P><STRONG><a name="[60]"></a>Configure_LED</STRONG> (Thumb, 38 bytes, Stack size 8 bytes, app_led.o(i.Configure_LED))
<BR><BR>[Stack]<UL><LI>Max Depth = 32<LI>Call Chain = Configure_LED &rArr; GPIO_Init
</UL>
<BR>[Calls]<UL><LI><a href="#[5b]">&gt;&gt;</a>&nbsp;&nbsp;&nbsp;GPIO_Init
<LI><a href="#[5a]">&gt;&gt;</a>&nbsp;&nbsp;&nbsp;RCC_APB2PeriphClockCmd
</UL>
<BR>[Called By]<UL><LI><a href="#[88]">&gt;&gt;</a>&nbsp;&nbsp;&nbsp;Initialize_LED
</UL>

<P><STRONG><a name="[61]"></a>Configure_PCF8563</STRONG> (Thumb, 174 bytes, Stack size 24 bytes, app_pcf8563.o(i.Configure_PCF8563))
<BR><BR>[Stack]<UL><LI>Max Depth = 48<LI>Call Chain = Configure_PCF8563 &rArr; GPIO_Init
</UL>
<BR>[Calls]<UL><LI><a href="#[5b]">&gt;&gt;</a>&nbsp;&nbsp;&nbsp;GPIO_Init
<LI><a href="#[65]">&gt;&gt;</a>&nbsp;&nbsp;&nbsp;GPIO_EXTILineConfig
<LI><a href="#[62]">&gt;&gt;</a>&nbsp;&nbsp;&nbsp;NVIC_PriorityGroupConfig
<LI><a href="#[63]">&gt;&gt;</a>&nbsp;&nbsp;&nbsp;NVIC_Init
<LI><a href="#[66]">&gt;&gt;</a>&nbsp;&nbsp;&nbsp;EXTI_ClearITPendingBit
<LI><a href="#[5a]">&gt;&gt;</a>&nbsp;&nbsp;&nbsp;RCC_APB2PeriphClockCmd
<LI><a href="#[64]">&gt;&gt;</a>&nbsp;&nbsp;&nbsp;EXTI_Init
</UL>
<BR>[Called By]<UL><LI><a href="#[89]">&gt;&gt;</a>&nbsp;&nbsp;&nbsp;Initialize_PCF8563
</UL>

<P><STRONG><a name="[67]"></a>Configure_SN74ALVC164245</STRONG> (Thumb, 174 bytes, Stack size 8 bytes, app_sn74alvc164245.o(i.Configure_SN74ALVC164245))
<BR><BR>[Stack]<UL><LI>Max Depth = 32<LI>Call Chain = Configure_SN74ALVC164245 &rArr; GPIO_Init
</UL>
<BR>[Calls]<UL><LI><a href="#[5b]">&gt;&gt;</a>&nbsp;&nbsp;&nbsp;GPIO_Init
<LI><a href="#[5a]">&gt;&gt;</a>&nbsp;&nbsp;&nbsp;RCC_APB2PeriphClockCmd
</UL>
<BR>[Called By]<UL><LI><a href="#[8b]">&gt;&gt;</a>&nbsp;&nbsp;&nbsp;Initialize_SN74ALVC164245
</UL>

<P><STRONG><a name="[7]"></a>DebugMon_Handler</STRONG> (Thumb, 2 bytes, Stack size 0 bytes, stm32f10x_it.o(i.DebugMon_Handler))
<BR>[Address Reference Count : 1]<UL><LI> startup_stm32f10x_hd.o(RESET)
</UL>
<P><STRONG><a name="[68]"></a>Display_Logo</STRONG> (Thumb, 84 bytes, Stack size 16 bytes, app_tsm.o(i.Display_Logo))
<BR><BR>[Stack]<UL><LI>Max Depth = 64<LI>Call Chain = Display_Logo &rArr; LCM12232B_Display_Page &rArr; LCM12232B_Write_Data_Right &rArr; Systick_Delay_N_microsecond &rArr; SysTick_GetFlagStatus
</UL>
<BR>[Calls]<UL><LI><a href="#[69]">&gt;&gt;</a>&nbsp;&nbsp;&nbsp;LCM12232B_Display_Page
</UL>
<BR>[Called By]<UL><LI><a href="#[8c]">&gt;&gt;</a>&nbsp;&nbsp;&nbsp;Initialize_TSM
</UL>

<P><STRONG><a name="[6a]"></a>Display_Page_Saving</STRONG> (Thumb, 178 bytes, Stack size 16 bytes, app_tsm.o(i.Display_Page_Saving))
<BR><BR>[Stack]<UL><LI>Max Depth = 64<LI>Call Chain = Display_Page_Saving &rArr; LCM12232B_Display_Page &rArr; LCM12232B_Write_Data_Right &rArr; Systick_Delay_N_microsecond &rArr; SysTick_GetFlagStatus
</UL>
<BR>[Calls]<UL><LI><a href="#[69]">&gt;&gt;</a>&nbsp;&nbsp;&nbsp;LCM12232B_Display_Page
<LI><a href="#[6b]">&gt;&gt;</a>&nbsp;&nbsp;&nbsp;Systick_Delay_N_second
</UL>
<BR>[Called By]<UL><LI><a href="#[a8]">&gt;&gt;</a>&nbsp;&nbsp;&nbsp;Page_2_4
<LI><a href="#[a7]">&gt;&gt;</a>&nbsp;&nbsp;&nbsp;Page_2_3
<LI><a href="#[a5]">&gt;&gt;</a>&nbsp;&nbsp;&nbsp;Page_2_2
<LI><a href="#[a4]">&gt;&gt;</a>&nbsp;&nbsp;&nbsp;Page_2_1
</UL>

<P><STRONG><a name="[6c]"></a>Display_Page_UV_Change</STRONG> (Thumb, 86 bytes, Stack size 16 bytes, app_tsm.o(i.Display_Page_UV_Change))
<BR><BR>[Stack]<UL><LI>Max Depth = 64<LI>Call Chain = Display_Page_UV_Change &rArr; LCM12232B_Display_Page &rArr; LCM12232B_Write_Data_Right &rArr; Systick_Delay_N_microsecond &rArr; SysTick_GetFlagStatus
</UL>
<BR>[Calls]<UL><LI><a href="#[69]">&gt;&gt;</a>&nbsp;&nbsp;&nbsp;LCM12232B_Display_Page
</UL>
<BR>[Called By]<UL><LI><a href="#[ab]">&gt;&gt;</a>&nbsp;&nbsp;&nbsp;Refresh_Page
</UL>

<P><STRONG><a name="[6d]"></a>Display_Page_UV_Error</STRONG> (Thumb, 86 bytes, Stack size 16 bytes, app_tsm.o(i.Display_Page_UV_Error))
<BR><BR>[Stack]<UL><LI>Max Depth = 64<LI>Call Chain = Display_Page_UV_Error &rArr; LCM12232B_Display_Page &rArr; LCM12232B_Write_Data_Right &rArr; Systick_Delay_N_microsecond &rArr; SysTick_GetFlagStatus
</UL>
<BR>[Calls]<UL><LI><a href="#[69]">&gt;&gt;</a>&nbsp;&nbsp;&nbsp;LCM12232B_Display_Page
</UL>
<BR>[Called By]<UL><LI><a href="#[ab]">&gt;&gt;</a>&nbsp;&nbsp;&nbsp;Refresh_Page
</UL>

<P><STRONG><a name="[6e]"></a>Display_Page_UV_Test</STRONG> (Thumb, 86 bytes, Stack size 16 bytes, app_tsm.o(i.Display_Page_UV_Test))
<BR><BR>[Stack]<UL><LI>Max Depth = 64<LI>Call Chain = Display_Page_UV_Test &rArr; LCM12232B_Display_Page &rArr; LCM12232B_Write_Data_Right &rArr; Systick_Delay_N_microsecond &rArr; SysTick_GetFlagStatus
</UL>
<BR>[Calls]<UL><LI><a href="#[69]">&gt;&gt;</a>&nbsp;&nbsp;&nbsp;LCM12232B_Display_Page
</UL>
<BR>[Called By]<UL><LI><a href="#[ab]">&gt;&gt;</a>&nbsp;&nbsp;&nbsp;Refresh_Page
</UL>

<P><STRONG><a name="[6f]"></a>Display_Product_Title</STRONG> (Thumb, 86 bytes, Stack size 16 bytes, app_tsm.o(i.Display_Product_Title))
<BR><BR>[Stack]<UL><LI>Max Depth = 64<LI>Call Chain = Display_Product_Title &rArr; LCM12232B_Display_Page &rArr; LCM12232B_Write_Data_Right &rArr; Systick_Delay_N_microsecond &rArr; SysTick_GetFlagStatus
</UL>
<BR>[Calls]<UL><LI><a href="#[69]">&gt;&gt;</a>&nbsp;&nbsp;&nbsp;LCM12232B_Display_Page
</UL>
<BR>[Called By]<UL><LI><a href="#[8c]">&gt;&gt;</a>&nbsp;&nbsp;&nbsp;Initialize_TSM
</UL>

<P><STRONG><a name="[32]"></a>EXTI15_10_IRQHandler</STRONG> (Thumb, 366 bytes, Stack size 8 bytes, app_tsm.o(i.EXTI15_10_IRQHandler))
<BR><BR>[Stack]<UL><LI>Max Depth = 8<LI>Call Chain = EXTI15_10_IRQHandler
</UL>
<BR>[Calls]<UL><LI><a href="#[73]">&gt;&gt;</a>&nbsp;&nbsp;&nbsp;GPIO_SetBits
<LI><a href="#[72]">&gt;&gt;</a>&nbsp;&nbsp;&nbsp;GPIO_ResetBits
<LI><a href="#[71]">&gt;&gt;</a>&nbsp;&nbsp;&nbsp;GPIO_ReadInputDataBit
<LI><a href="#[70]">&gt;&gt;</a>&nbsp;&nbsp;&nbsp;EXTI_GetITStatus
<LI><a href="#[66]">&gt;&gt;</a>&nbsp;&nbsp;&nbsp;EXTI_ClearITPendingBit
</UL>
<BR>[Address Reference Count : 1]<UL><LI> startup_stm32f10x_hd.o(RESET)
</UL>
<P><STRONG><a name="[66]"></a>EXTI_ClearITPendingBit</STRONG> (Thumb, 6 bytes, Stack size 0 bytes, stm32f10x_exti.o(i.EXTI_ClearITPendingBit))
<BR><BR>[Called By]<UL><LI><a href="#[32]">&gt;&gt;</a>&nbsp;&nbsp;&nbsp;EXTI15_10_IRQHandler
<LI><a href="#[61]">&gt;&gt;</a>&nbsp;&nbsp;&nbsp;Configure_PCF8563
</UL>

<P><STRONG><a name="[70]"></a>EXTI_GetITStatus</STRONG> (Thumb, 34 bytes, Stack size 0 bytes, stm32f10x_exti.o(i.EXTI_GetITStatus))
<BR><BR>[Called By]<UL><LI><a href="#[32]">&gt;&gt;</a>&nbsp;&nbsp;&nbsp;EXTI15_10_IRQHandler
</UL>

<P><STRONG><a name="[64]"></a>EXTI_Init</STRONG> (Thumb, 142 bytes, Stack size 0 bytes, stm32f10x_exti.o(i.EXTI_Init))
<BR><BR>[Called By]<UL><LI><a href="#[61]">&gt;&gt;</a>&nbsp;&nbsp;&nbsp;Configure_PCF8563
</UL>

<P><STRONG><a name="[65]"></a>GPIO_EXTILineConfig</STRONG> (Thumb, 60 bytes, Stack size 12 bytes, stm32f10x_gpio.o(i.GPIO_EXTILineConfig))
<BR><BR>[Stack]<UL><LI>Max Depth = 12<LI>Call Chain = GPIO_EXTILineConfig
</UL>
<BR>[Called By]<UL><LI><a href="#[61]">&gt;&gt;</a>&nbsp;&nbsp;&nbsp;Configure_PCF8563
</UL>

<P><STRONG><a name="[5b]"></a>GPIO_Init</STRONG> (Thumb, 274 bytes, Stack size 24 bytes, stm32f10x_gpio.o(i.GPIO_Init))
<BR><BR>[Stack]<UL><LI>Max Depth = 24<LI>Call Chain = GPIO_Init
</UL>
<BR>[Called By]<UL><LI><a href="#[5c]">&gt;&gt;</a>&nbsp;&nbsp;&nbsp;Configure_DI
<LI><a href="#[60]">&gt;&gt;</a>&nbsp;&nbsp;&nbsp;Configure_LED
<LI><a href="#[5d]">&gt;&gt;</a>&nbsp;&nbsp;&nbsp;Configure_DO
<LI><a href="#[5f]">&gt;&gt;</a>&nbsp;&nbsp;&nbsp;Configure_Key
<LI><a href="#[67]">&gt;&gt;</a>&nbsp;&nbsp;&nbsp;Configure_SN74ALVC164245
<LI><a href="#[59]">&gt;&gt;</a>&nbsp;&nbsp;&nbsp;Configure_24LC01B
<LI><a href="#[61]">&gt;&gt;</a>&nbsp;&nbsp;&nbsp;Configure_PCF8563
<LI><a href="#[5e]">&gt;&gt;</a>&nbsp;&nbsp;&nbsp;Configure_GT21L16S2W
</UL>

<P><STRONG><a name="[94]"></a>GPIO_ReadInputData</STRONG> (Thumb, 8 bytes, Stack size 0 bytes, stm32f10x_gpio.o(i.GPIO_ReadInputData))
<BR><BR>[Called By]<UL><LI><a href="#[a2]">&gt;&gt;</a>&nbsp;&nbsp;&nbsp;Read_Key
<LI><a href="#[91]">&gt;&gt;</a>&nbsp;&nbsp;&nbsp;LCM12232B_Write_Data_Right
<LI><a href="#[90]">&gt;&gt;</a>&nbsp;&nbsp;&nbsp;LCM12232B_Write_Data_Left
<LI><a href="#[87]">&gt;&gt;</a>&nbsp;&nbsp;&nbsp;LCM12232B_Write_Command_Right
<LI><a href="#[86]">&gt;&gt;</a>&nbsp;&nbsp;&nbsp;LCM12232B_Write_Command_Left
</UL>

<P><STRONG><a name="[71]"></a>GPIO_ReadInputDataBit</STRONG> (Thumb, 18 bytes, Stack size 0 bytes, stm32f10x_gpio.o(i.GPIO_ReadInputDataBit))
<BR><BR>[Called By]<UL><LI><a href="#[32]">&gt;&gt;</a>&nbsp;&nbsp;&nbsp;EXTI15_10_IRQHandler
<LI><a href="#[77]">&gt;&gt;</a>&nbsp;&nbsp;&nbsp;I2C_RD_24LC01B
<LI><a href="#[74]">&gt;&gt;</a>&nbsp;&nbsp;&nbsp;I2C_Acknowledge_24LC01B
<LI><a href="#[78]">&gt;&gt;</a>&nbsp;&nbsp;&nbsp;I2C_RD_PCF8563
<LI><a href="#[76]">&gt;&gt;</a>&nbsp;&nbsp;&nbsp;I2C_Acknowledge_PCF8563
<LI><a href="#[a9]">&gt;&gt;</a>&nbsp;&nbsp;&nbsp;RD_GT21L16S2W
</UL>

<P><STRONG><a name="[92]"></a>GPIO_ReadOutputData</STRONG> (Thumb, 8 bytes, Stack size 0 bytes, stm32f10x_gpio.o(i.GPIO_ReadOutputData))
<BR><BR>[Called By]<UL><LI><a href="#[91]">&gt;&gt;</a>&nbsp;&nbsp;&nbsp;LCM12232B_Write_Data_Right
<LI><a href="#[90]">&gt;&gt;</a>&nbsp;&nbsp;&nbsp;LCM12232B_Write_Data_Left
<LI><a href="#[87]">&gt;&gt;</a>&nbsp;&nbsp;&nbsp;LCM12232B_Write_Command_Right
<LI><a href="#[86]">&gt;&gt;</a>&nbsp;&nbsp;&nbsp;LCM12232B_Write_Command_Left
</UL>

<P><STRONG><a name="[72]"></a>GPIO_ResetBits</STRONG> (Thumb, 4 bytes, Stack size 0 bytes, stm32f10x_gpio.o(i.GPIO_ResetBits))
<BR><BR>[Called By]<UL><LI><a href="#[95]">&gt;&gt;</a>&nbsp;&nbsp;&nbsp;Read_GB2312_6X12_GT21L16S2W
<LI><a href="#[97]">&gt;&gt;</a>&nbsp;&nbsp;&nbsp;Read_GB2312_11X12_GT21L16S2W
<LI><a href="#[8d]">&gt;&gt;</a>&nbsp;&nbsp;&nbsp;Operate_24LC01B
<LI><a href="#[32]">&gt;&gt;</a>&nbsp;&nbsp;&nbsp;EXTI15_10_IRQHandler
<LI><a href="#[ab]">&gt;&gt;</a>&nbsp;&nbsp;&nbsp;Refresh_Page
<LI><a href="#[8c]">&gt;&gt;</a>&nbsp;&nbsp;&nbsp;Initialize_TSM
<LI><a href="#[85]">&gt;&gt;</a>&nbsp;&nbsp;&nbsp;Initialize_LCM12232B
<LI><a href="#[82]">&gt;&gt;</a>&nbsp;&nbsp;&nbsp;Initialize_DO
<LI><a href="#[91]">&gt;&gt;</a>&nbsp;&nbsp;&nbsp;LCM12232B_Write_Data_Right
<LI><a href="#[90]">&gt;&gt;</a>&nbsp;&nbsp;&nbsp;LCM12232B_Write_Data_Left
<LI><a href="#[87]">&gt;&gt;</a>&nbsp;&nbsp;&nbsp;LCM12232B_Write_Command_Right
<LI><a href="#[86]">&gt;&gt;</a>&nbsp;&nbsp;&nbsp;LCM12232B_Write_Command_Left
<LI><a href="#[7d]">&gt;&gt;</a>&nbsp;&nbsp;&nbsp;I2C_Stop_24LC01B
<LI><a href="#[7b]">&gt;&gt;</a>&nbsp;&nbsp;&nbsp;I2C_Start_24LC01B
<LI><a href="#[79]">&gt;&gt;</a>&nbsp;&nbsp;&nbsp;I2C_SD_24LC01B
<LI><a href="#[77]">&gt;&gt;</a>&nbsp;&nbsp;&nbsp;I2C_RD_24LC01B
<LI><a href="#[74]">&gt;&gt;</a>&nbsp;&nbsp;&nbsp;I2C_Acknowledge_24LC01B
<LI><a href="#[7e]">&gt;&gt;</a>&nbsp;&nbsp;&nbsp;I2C_Stop_PCF8563
<LI><a href="#[7c]">&gt;&gt;</a>&nbsp;&nbsp;&nbsp;I2C_Start_PCF8563
<LI><a href="#[7a]">&gt;&gt;</a>&nbsp;&nbsp;&nbsp;I2C_SD_PCF8563
<LI><a href="#[78]">&gt;&gt;</a>&nbsp;&nbsp;&nbsp;I2C_RD_PCF8563
<LI><a href="#[76]">&gt;&gt;</a>&nbsp;&nbsp;&nbsp;I2C_Acknowledge_PCF8563
<LI><a href="#[aa]">&gt;&gt;</a>&nbsp;&nbsp;&nbsp;SD_GT21L16S2W
<LI><a href="#[a9]">&gt;&gt;</a>&nbsp;&nbsp;&nbsp;RD_GT21L16S2W
</UL>

<P><STRONG><a name="[73]"></a>GPIO_SetBits</STRONG> (Thumb, 4 bytes, Stack size 0 bytes, stm32f10x_gpio.o(i.GPIO_SetBits))
<BR><BR>[Called By]<UL><LI><a href="#[95]">&gt;&gt;</a>&nbsp;&nbsp;&nbsp;Read_GB2312_6X12_GT21L16S2W
<LI><a href="#[97]">&gt;&gt;</a>&nbsp;&nbsp;&nbsp;Read_GB2312_11X12_GT21L16S2W
<LI><a href="#[8d]">&gt;&gt;</a>&nbsp;&nbsp;&nbsp;Operate_24LC01B
<LI><a href="#[32]">&gt;&gt;</a>&nbsp;&nbsp;&nbsp;EXTI15_10_IRQHandler
<LI><a href="#[ab]">&gt;&gt;</a>&nbsp;&nbsp;&nbsp;Refresh_Page
<LI><a href="#[88]">&gt;&gt;</a>&nbsp;&nbsp;&nbsp;Initialize_LED
<LI><a href="#[85]">&gt;&gt;</a>&nbsp;&nbsp;&nbsp;Initialize_LCM12232B
<LI><a href="#[83]">&gt;&gt;</a>&nbsp;&nbsp;&nbsp;Initialize_GT21L16S2W
<LI><a href="#[7f]">&gt;&gt;</a>&nbsp;&nbsp;&nbsp;Initialize_24LC01B
<LI><a href="#[91]">&gt;&gt;</a>&nbsp;&nbsp;&nbsp;LCM12232B_Write_Data_Right
<LI><a href="#[90]">&gt;&gt;</a>&nbsp;&nbsp;&nbsp;LCM12232B_Write_Data_Left
<LI><a href="#[87]">&gt;&gt;</a>&nbsp;&nbsp;&nbsp;LCM12232B_Write_Command_Right
<LI><a href="#[86]">&gt;&gt;</a>&nbsp;&nbsp;&nbsp;LCM12232B_Write_Command_Left
<LI><a href="#[7d]">&gt;&gt;</a>&nbsp;&nbsp;&nbsp;I2C_Stop_24LC01B
<LI><a href="#[7b]">&gt;&gt;</a>&nbsp;&nbsp;&nbsp;I2C_Start_24LC01B
<LI><a href="#[79]">&gt;&gt;</a>&nbsp;&nbsp;&nbsp;I2C_SD_24LC01B
<LI><a href="#[77]">&gt;&gt;</a>&nbsp;&nbsp;&nbsp;I2C_RD_24LC01B
<LI><a href="#[74]">&gt;&gt;</a>&nbsp;&nbsp;&nbsp;I2C_Acknowledge_24LC01B
<LI><a href="#[7e]">&gt;&gt;</a>&nbsp;&nbsp;&nbsp;I2C_Stop_PCF8563
<LI><a href="#[7c]">&gt;&gt;</a>&nbsp;&nbsp;&nbsp;I2C_Start_PCF8563
<LI><a href="#[7a]">&gt;&gt;</a>&nbsp;&nbsp;&nbsp;I2C_SD_PCF8563
<LI><a href="#[78]">&gt;&gt;</a>&nbsp;&nbsp;&nbsp;I2C_RD_PCF8563
<LI><a href="#[76]">&gt;&gt;</a>&nbsp;&nbsp;&nbsp;I2C_Acknowledge_PCF8563
<LI><a href="#[aa]">&gt;&gt;</a>&nbsp;&nbsp;&nbsp;SD_GT21L16S2W
<LI><a href="#[a9]">&gt;&gt;</a>&nbsp;&nbsp;&nbsp;RD_GT21L16S2W
</UL>

<P><STRONG><a name="[93]"></a>GPIO_Write</STRONG> (Thumb, 4 bytes, Stack size 0 bytes, stm32f10x_gpio.o(i.GPIO_Write))
<BR><BR>[Called By]<UL><LI><a href="#[91]">&gt;&gt;</a>&nbsp;&nbsp;&nbsp;LCM12232B_Write_Data_Right
<LI><a href="#[90]">&gt;&gt;</a>&nbsp;&nbsp;&nbsp;LCM12232B_Write_Data_Left
<LI><a href="#[87]">&gt;&gt;</a>&nbsp;&nbsp;&nbsp;LCM12232B_Write_Command_Right
<LI><a href="#[86]">&gt;&gt;</a>&nbsp;&nbsp;&nbsp;LCM12232B_Write_Command_Left
</UL>

<P><STRONG><a name="[2]"></a>HardFault_Handler</STRONG> (Thumb, 4 bytes, Stack size 0 bytes, stm32f10x_it.o(i.HardFault_Handler))
<BR>[Address Reference Count : 1]<UL><LI> startup_stm32f10x_hd.o(RESET)
</UL>
<P><STRONG><a name="[74]"></a>I2C_Acknowledge_24LC01B</STRONG> (Thumb, 114 bytes, Stack size 16 bytes, app_24lc01b.o(i.I2C_Acknowledge_24LC01B))
<BR><BR>[Stack]<UL><LI>Max Depth = 32<LI>Call Chain = I2C_Acknowledge_24LC01B &rArr; Systick_Delay_N_microsecond &rArr; SysTick_GetFlagStatus
</UL>
<BR>[Calls]<UL><LI><a href="#[73]">&gt;&gt;</a>&nbsp;&nbsp;&nbsp;GPIO_SetBits
<LI><a href="#[72]">&gt;&gt;</a>&nbsp;&nbsp;&nbsp;GPIO_ResetBits
<LI><a href="#[71]">&gt;&gt;</a>&nbsp;&nbsp;&nbsp;GPIO_ReadInputDataBit
<LI><a href="#[75]">&gt;&gt;</a>&nbsp;&nbsp;&nbsp;Systick_Delay_N_microsecond
</UL>
<BR>[Called By]<UL><LI><a href="#[9d]">&gt;&gt;</a>&nbsp;&nbsp;&nbsp;Write_24LC01B
<LI><a href="#[9e]">&gt;&gt;</a>&nbsp;&nbsp;&nbsp;Read_24LC01B
</UL>

<P><STRONG><a name="[76]"></a>I2C_Acknowledge_PCF8563</STRONG> (Thumb, 102 bytes, Stack size 16 bytes, app_pcf8563.o(i.I2C_Acknowledge_PCF8563))
<BR><BR>[Stack]<UL><LI>Max Depth = 32<LI>Call Chain = I2C_Acknowledge_PCF8563 &rArr; Systick_Delay_N_microsecond &rArr; SysTick_GetFlagStatus
</UL>
<BR>[Calls]<UL><LI><a href="#[73]">&gt;&gt;</a>&nbsp;&nbsp;&nbsp;GPIO_SetBits
<LI><a href="#[72]">&gt;&gt;</a>&nbsp;&nbsp;&nbsp;GPIO_ResetBits
<LI><a href="#[71]">&gt;&gt;</a>&nbsp;&nbsp;&nbsp;GPIO_ReadInputDataBit
<LI><a href="#[75]">&gt;&gt;</a>&nbsp;&nbsp;&nbsp;Systick_Delay_N_microsecond
</UL>
<BR>[Called By]<UL><LI><a href="#[9f]">&gt;&gt;</a>&nbsp;&nbsp;&nbsp;Write_PCF8563
<LI><a href="#[a0]">&gt;&gt;</a>&nbsp;&nbsp;&nbsp;Read_PCF8563
</UL>

<P><STRONG><a name="[77]"></a>I2C_RD_24LC01B</STRONG> (Thumb, 126 bytes, Stack size 16 bytes, app_24lc01b.o(i.I2C_RD_24LC01B))
<BR><BR>[Stack]<UL><LI>Max Depth = 32<LI>Call Chain = I2C_RD_24LC01B &rArr; Systick_Delay_N_microsecond &rArr; SysTick_GetFlagStatus
</UL>
<BR>[Calls]<UL><LI><a href="#[73]">&gt;&gt;</a>&nbsp;&nbsp;&nbsp;GPIO_SetBits
<LI><a href="#[72]">&gt;&gt;</a>&nbsp;&nbsp;&nbsp;GPIO_ResetBits
<LI><a href="#[71]">&gt;&gt;</a>&nbsp;&nbsp;&nbsp;GPIO_ReadInputDataBit
<LI><a href="#[75]">&gt;&gt;</a>&nbsp;&nbsp;&nbsp;Systick_Delay_N_microsecond
</UL>
<BR>[Called By]<UL><LI><a href="#[9e]">&gt;&gt;</a>&nbsp;&nbsp;&nbsp;Read_24LC01B
</UL>

<P><STRONG><a name="[78]"></a>I2C_RD_PCF8563</STRONG> (Thumb, 114 bytes, Stack size 16 bytes, app_pcf8563.o(i.I2C_RD_PCF8563))
<BR><BR>[Stack]<UL><LI>Max Depth = 32<LI>Call Chain = I2C_RD_PCF8563 &rArr; Systick_Delay_N_microsecond &rArr; SysTick_GetFlagStatus
</UL>
<BR>[Calls]<UL><LI><a href="#[73]">&gt;&gt;</a>&nbsp;&nbsp;&nbsp;GPIO_SetBits
<LI><a href="#[72]">&gt;&gt;</a>&nbsp;&nbsp;&nbsp;GPIO_ResetBits
<LI><a href="#[71]">&gt;&gt;</a>&nbsp;&nbsp;&nbsp;GPIO_ReadInputDataBit
<LI><a href="#[75]">&gt;&gt;</a>&nbsp;&nbsp;&nbsp;Systick_Delay_N_microsecond
</UL>
<BR>[Called By]<UL><LI><a href="#[a0]">&gt;&gt;</a>&nbsp;&nbsp;&nbsp;Read_PCF8563
</UL>

<P><STRONG><a name="[79]"></a>I2C_SD_24LC01B</STRONG> (Thumb, 104 bytes, Stack size 16 bytes, app_24lc01b.o(i.I2C_SD_24LC01B))
<BR><BR>[Stack]<UL><LI>Max Depth = 32<LI>Call Chain = I2C_SD_24LC01B &rArr; Systick_Delay_N_microsecond &rArr; SysTick_GetFlagStatus
</UL>
<BR>[Calls]<UL><LI><a href="#[73]">&gt;&gt;</a>&nbsp;&nbsp;&nbsp;GPIO_SetBits
<LI><a href="#[72]">&gt;&gt;</a>&nbsp;&nbsp;&nbsp;GPIO_ResetBits
<LI><a href="#[75]">&gt;&gt;</a>&nbsp;&nbsp;&nbsp;Systick_Delay_N_microsecond
</UL>
<BR>[Called By]<UL><LI><a href="#[9d]">&gt;&gt;</a>&nbsp;&nbsp;&nbsp;Write_24LC01B
<LI><a href="#[9e]">&gt;&gt;</a>&nbsp;&nbsp;&nbsp;Read_24LC01B
</UL>

<P><STRONG><a name="[7a]"></a>I2C_SD_PCF8563</STRONG> (Thumb, 96 bytes, Stack size 16 bytes, app_pcf8563.o(i.I2C_SD_PCF8563))
<BR><BR>[Stack]<UL><LI>Max Depth = 32<LI>Call Chain = I2C_SD_PCF8563 &rArr; Systick_Delay_N_microsecond &rArr; SysTick_GetFlagStatus
</UL>
<BR>[Calls]<UL><LI><a href="#[73]">&gt;&gt;</a>&nbsp;&nbsp;&nbsp;GPIO_SetBits
<LI><a href="#[72]">&gt;&gt;</a>&nbsp;&nbsp;&nbsp;GPIO_ResetBits
<LI><a href="#[75]">&gt;&gt;</a>&nbsp;&nbsp;&nbsp;Systick_Delay_N_microsecond
</UL>
<BR>[Called By]<UL><LI><a href="#[9f]">&gt;&gt;</a>&nbsp;&nbsp;&nbsp;Write_PCF8563
<LI><a href="#[a0]">&gt;&gt;</a>&nbsp;&nbsp;&nbsp;Read_PCF8563
</UL>

<P><STRONG><a name="[7b]"></a>I2C_Start_24LC01B</STRONG> (Thumb, 52 bytes, Stack size 8 bytes, app_24lc01b.o(i.I2C_Start_24LC01B))
<BR><BR>[Stack]<UL><LI>Max Depth = 24<LI>Call Chain = I2C_Start_24LC01B &rArr; Systick_Delay_N_microsecond &rArr; SysTick_GetFlagStatus
</UL>
<BR>[Calls]<UL><LI><a href="#[73]">&gt;&gt;</a>&nbsp;&nbsp;&nbsp;GPIO_SetBits
<LI><a href="#[72]">&gt;&gt;</a>&nbsp;&nbsp;&nbsp;GPIO_ResetBits
<LI><a href="#[75]">&gt;&gt;</a>&nbsp;&nbsp;&nbsp;Systick_Delay_N_microsecond
</UL>
<BR>[Called By]<UL><LI><a href="#[9d]">&gt;&gt;</a>&nbsp;&nbsp;&nbsp;Write_24LC01B
<LI><a href="#[9e]">&gt;&gt;</a>&nbsp;&nbsp;&nbsp;Read_24LC01B
</UL>

<P><STRONG><a name="[7c]"></a>I2C_Start_PCF8563</STRONG> (Thumb, 46 bytes, Stack size 8 bytes, app_pcf8563.o(i.I2C_Start_PCF8563))
<BR><BR>[Stack]<UL><LI>Max Depth = 24<LI>Call Chain = I2C_Start_PCF8563 &rArr; Systick_Delay_N_microsecond &rArr; SysTick_GetFlagStatus
</UL>
<BR>[Calls]<UL><LI><a href="#[73]">&gt;&gt;</a>&nbsp;&nbsp;&nbsp;GPIO_SetBits
<LI><a href="#[72]">&gt;&gt;</a>&nbsp;&nbsp;&nbsp;GPIO_ResetBits
<LI><a href="#[75]">&gt;&gt;</a>&nbsp;&nbsp;&nbsp;Systick_Delay_N_microsecond
</UL>
<BR>[Called By]<UL><LI><a href="#[9f]">&gt;&gt;</a>&nbsp;&nbsp;&nbsp;Write_PCF8563
<LI><a href="#[a0]">&gt;&gt;</a>&nbsp;&nbsp;&nbsp;Read_PCF8563
</UL>

<P><STRONG><a name="[7d]"></a>I2C_Stop_24LC01B</STRONG> (Thumb, 52 bytes, Stack size 8 bytes, app_24lc01b.o(i.I2C_Stop_24LC01B))
<BR><BR>[Stack]<UL><LI>Max Depth = 24<LI>Call Chain = I2C_Stop_24LC01B &rArr; Systick_Delay_N_microsecond &rArr; SysTick_GetFlagStatus
</UL>
<BR>[Calls]<UL><LI><a href="#[73]">&gt;&gt;</a>&nbsp;&nbsp;&nbsp;GPIO_SetBits
<LI><a href="#[72]">&gt;&gt;</a>&nbsp;&nbsp;&nbsp;GPIO_ResetBits
<LI><a href="#[75]">&gt;&gt;</a>&nbsp;&nbsp;&nbsp;Systick_Delay_N_microsecond
</UL>
<BR>[Called By]<UL><LI><a href="#[9d]">&gt;&gt;</a>&nbsp;&nbsp;&nbsp;Write_24LC01B
<LI><a href="#[9e]">&gt;&gt;</a>&nbsp;&nbsp;&nbsp;Read_24LC01B
</UL>

<P><STRONG><a name="[7e]"></a>I2C_Stop_PCF8563</STRONG> (Thumb, 46 bytes, Stack size 8 bytes, app_pcf8563.o(i.I2C_Stop_PCF8563))
<BR><BR>[Stack]<UL><LI>Max Depth = 24<LI>Call Chain = I2C_Stop_PCF8563 &rArr; Systick_Delay_N_microsecond &rArr; SysTick_GetFlagStatus
</UL>
<BR>[Calls]<UL><LI><a href="#[73]">&gt;&gt;</a>&nbsp;&nbsp;&nbsp;GPIO_SetBits
<LI><a href="#[72]">&gt;&gt;</a>&nbsp;&nbsp;&nbsp;GPIO_ResetBits
<LI><a href="#[75]">&gt;&gt;</a>&nbsp;&nbsp;&nbsp;Systick_Delay_N_microsecond
</UL>
<BR>[Called By]<UL><LI><a href="#[9f]">&gt;&gt;</a>&nbsp;&nbsp;&nbsp;Write_PCF8563
<LI><a href="#[a0]">&gt;&gt;</a>&nbsp;&nbsp;&nbsp;Read_PCF8563
</UL>

<P><STRONG><a name="[7f]"></a>Initialize_24LC01B</STRONG> (Thumb, 44 bytes, Stack size 8 bytes, app_24lc01b.o(i.Initialize_24LC01B))
<BR><BR>[Stack]<UL><LI>Max Depth = 40<LI>Call Chain = Initialize_24LC01B &rArr; Configure_24LC01B &rArr; GPIO_Init
</UL>
<BR>[Calls]<UL><LI><a href="#[80]">&gt;&gt;</a>&nbsp;&nbsp;&nbsp;Systick_Delay_N_millisecond
<LI><a href="#[73]">&gt;&gt;</a>&nbsp;&nbsp;&nbsp;GPIO_SetBits
<LI><a href="#[59]">&gt;&gt;</a>&nbsp;&nbsp;&nbsp;Configure_24LC01B
</UL>
<BR>[Called By]<UL><LI><a href="#[46]">&gt;&gt;</a>&nbsp;&nbsp;&nbsp;main
</UL>

<P><STRONG><a name="[81]"></a>Initialize_DI</STRONG> (Thumb, 14 bytes, Stack size 8 bytes, app_di.o(i.Initialize_DI))
<BR><BR>[Stack]<UL><LI>Max Depth = 40<LI>Call Chain = Initialize_DI &rArr; Configure_DI &rArr; GPIO_Init
</UL>
<BR>[Calls]<UL><LI><a href="#[80]">&gt;&gt;</a>&nbsp;&nbsp;&nbsp;Systick_Delay_N_millisecond
<LI><a href="#[5c]">&gt;&gt;</a>&nbsp;&nbsp;&nbsp;Configure_DI
</UL>
<BR>[Called By]<UL><LI><a href="#[46]">&gt;&gt;</a>&nbsp;&nbsp;&nbsp;main
</UL>

<P><STRONG><a name="[82]"></a>Initialize_DO</STRONG> (Thumb, 34 bytes, Stack size 8 bytes, app_do.o(i.Initialize_DO))
<BR><BR>[Stack]<UL><LI>Max Depth = 40<LI>Call Chain = Initialize_DO &rArr; Configure_DO &rArr; GPIO_Init
</UL>
<BR>[Calls]<UL><LI><a href="#[80]">&gt;&gt;</a>&nbsp;&nbsp;&nbsp;Systick_Delay_N_millisecond
<LI><a href="#[72]">&gt;&gt;</a>&nbsp;&nbsp;&nbsp;GPIO_ResetBits
<LI><a href="#[5d]">&gt;&gt;</a>&nbsp;&nbsp;&nbsp;Configure_DO
</UL>
<BR>[Called By]<UL><LI><a href="#[46]">&gt;&gt;</a>&nbsp;&nbsp;&nbsp;main
</UL>

<P><STRONG><a name="[83]"></a>Initialize_GT21L16S2W</STRONG> (Thumb, 30 bytes, Stack size 8 bytes, app_gt21l16s2w.o(i.Initialize_GT21L16S2W))
<BR><BR>[Stack]<UL><LI>Max Depth = 40<LI>Call Chain = Initialize_GT21L16S2W &rArr; Configure_GT21L16S2W &rArr; GPIO_Init
</UL>
<BR>[Calls]<UL><LI><a href="#[80]">&gt;&gt;</a>&nbsp;&nbsp;&nbsp;Systick_Delay_N_millisecond
<LI><a href="#[73]">&gt;&gt;</a>&nbsp;&nbsp;&nbsp;GPIO_SetBits
<LI><a href="#[5e]">&gt;&gt;</a>&nbsp;&nbsp;&nbsp;Configure_GT21L16S2W
</UL>
<BR>[Called By]<UL><LI><a href="#[46]">&gt;&gt;</a>&nbsp;&nbsp;&nbsp;main
</UL>

<P><STRONG><a name="[84]"></a>Initialize_Key</STRONG> (Thumb, 14 bytes, Stack size 8 bytes, app_key.o(i.Initialize_Key))
<BR><BR>[Stack]<UL><LI>Max Depth = 40<LI>Call Chain = Initialize_Key &rArr; Configure_Key &rArr; GPIO_Init
</UL>
<BR>[Calls]<UL><LI><a href="#[80]">&gt;&gt;</a>&nbsp;&nbsp;&nbsp;Systick_Delay_N_millisecond
<LI><a href="#[5f]">&gt;&gt;</a>&nbsp;&nbsp;&nbsp;Configure_Key
</UL>
<BR>[Called By]<UL><LI><a href="#[46]">&gt;&gt;</a>&nbsp;&nbsp;&nbsp;main
</UL>

<P><STRONG><a name="[85]"></a>Initialize_LCM12232B</STRONG> (Thumb, 98 bytes, Stack size 8 bytes, app_lcm12232b.o(i.Initialize_LCM12232B))
<BR><BR>[Stack]<UL><LI>Max Depth = 40<LI>Call Chain = Initialize_LCM12232B &rArr; LCM12232B_Write_Command_Right &rArr; Systick_Delay_N_microsecond &rArr; SysTick_GetFlagStatus
</UL>
<BR>[Calls]<UL><LI><a href="#[80]">&gt;&gt;</a>&nbsp;&nbsp;&nbsp;Systick_Delay_N_millisecond
<LI><a href="#[73]">&gt;&gt;</a>&nbsp;&nbsp;&nbsp;GPIO_SetBits
<LI><a href="#[72]">&gt;&gt;</a>&nbsp;&nbsp;&nbsp;GPIO_ResetBits
<LI><a href="#[87]">&gt;&gt;</a>&nbsp;&nbsp;&nbsp;LCM12232B_Write_Command_Right
<LI><a href="#[86]">&gt;&gt;</a>&nbsp;&nbsp;&nbsp;LCM12232B_Write_Command_Left
</UL>
<BR>[Called By]<UL><LI><a href="#[46]">&gt;&gt;</a>&nbsp;&nbsp;&nbsp;main
</UL>

<P><STRONG><a name="[88]"></a>Initialize_LED</STRONG> (Thumb, 46 bytes, Stack size 8 bytes, app_led.o(i.Initialize_LED))
<BR><BR>[Stack]<UL><LI>Max Depth = 40<LI>Call Chain = Initialize_LED &rArr; Configure_LED &rArr; GPIO_Init
</UL>
<BR>[Calls]<UL><LI><a href="#[80]">&gt;&gt;</a>&nbsp;&nbsp;&nbsp;Systick_Delay_N_millisecond
<LI><a href="#[73]">&gt;&gt;</a>&nbsp;&nbsp;&nbsp;GPIO_SetBits
<LI><a href="#[60]">&gt;&gt;</a>&nbsp;&nbsp;&nbsp;Configure_LED
</UL>
<BR>[Called By]<UL><LI><a href="#[46]">&gt;&gt;</a>&nbsp;&nbsp;&nbsp;main
</UL>

<P><STRONG><a name="[89]"></a>Initialize_PCF8563</STRONG> (Thumb, 54 bytes, Stack size 8 bytes, app_pcf8563.o(i.Initialize_PCF8563))
<BR><BR>[Stack]<UL><LI>Max Depth = 72<LI>Call Chain = Initialize_PCF8563 &rArr; Operate_PCF8563 &rArr; Write_PCF8563 &rArr; I2C_SD_PCF8563 &rArr; Systick_Delay_N_microsecond &rArr; SysTick_GetFlagStatus
</UL>
<BR>[Calls]<UL><LI><a href="#[80]">&gt;&gt;</a>&nbsp;&nbsp;&nbsp;Systick_Delay_N_millisecond
<LI><a href="#[8a]">&gt;&gt;</a>&nbsp;&nbsp;&nbsp;Operate_PCF8563
<LI><a href="#[61]">&gt;&gt;</a>&nbsp;&nbsp;&nbsp;Configure_PCF8563
</UL>
<BR>[Called By]<UL><LI><a href="#[46]">&gt;&gt;</a>&nbsp;&nbsp;&nbsp;main
</UL>

<P><STRONG><a name="[8b]"></a>Initialize_SN74ALVC164245</STRONG> (Thumb, 14 bytes, Stack size 8 bytes, app_sn74alvc164245.o(i.Initialize_SN74ALVC164245))
<BR><BR>[Stack]<UL><LI>Max Depth = 40<LI>Call Chain = Initialize_SN74ALVC164245 &rArr; Configure_SN74ALVC164245 &rArr; GPIO_Init
</UL>
<BR>[Calls]<UL><LI><a href="#[80]">&gt;&gt;</a>&nbsp;&nbsp;&nbsp;Systick_Delay_N_millisecond
<LI><a href="#[67]">&gt;&gt;</a>&nbsp;&nbsp;&nbsp;Configure_SN74ALVC164245
</UL>
<BR>[Called By]<UL><LI><a href="#[46]">&gt;&gt;</a>&nbsp;&nbsp;&nbsp;main
</UL>

<P><STRONG><a name="[8c]"></a>Initialize_TSM</STRONG> (Thumb, 448 bytes, Stack size 8 bytes, app_tsm.o(i.Initialize_TSM))
<BR><BR>[Stack]<UL><LI>Max Depth = 120<LI>Call Chain = Initialize_TSM &rArr; Loading_Page_1 &rArr; Read_GB2312_11X12_GT21L16S2W &rArr; SD_GT21L16S2W
</UL>
<BR>[Calls]<UL><LI><a href="#[8a]">&gt;&gt;</a>&nbsp;&nbsp;&nbsp;Operate_PCF8563
<LI><a href="#[8d]">&gt;&gt;</a>&nbsp;&nbsp;&nbsp;Operate_24LC01B
<LI><a href="#[8e]">&gt;&gt;</a>&nbsp;&nbsp;&nbsp;LCM12232B_CLS
<LI><a href="#[72]">&gt;&gt;</a>&nbsp;&nbsp;&nbsp;GPIO_ResetBits
<LI><a href="#[8f]">&gt;&gt;</a>&nbsp;&nbsp;&nbsp;Loading_Page_1
<LI><a href="#[6f]">&gt;&gt;</a>&nbsp;&nbsp;&nbsp;Display_Product_Title
<LI><a href="#[68]">&gt;&gt;</a>&nbsp;&nbsp;&nbsp;Display_Logo
<LI><a href="#[6b]">&gt;&gt;</a>&nbsp;&nbsp;&nbsp;Systick_Delay_N_second
</UL>
<BR>[Called By]<UL><LI><a href="#[ae]">&gt;&gt;</a>&nbsp;&nbsp;&nbsp;System_Start
</UL>

<P><STRONG><a name="[8e]"></a>LCM12232B_CLS</STRONG> (Thumb, 20 bytes, Stack size 0 bytes, app_lcm12232b.o(i.LCM12232B_CLS))
<BR><BR>[Called By]<UL><LI><a href="#[ab]">&gt;&gt;</a>&nbsp;&nbsp;&nbsp;Refresh_Page
<LI><a href="#[a8]">&gt;&gt;</a>&nbsp;&nbsp;&nbsp;Page_2_4
<LI><a href="#[a7]">&gt;&gt;</a>&nbsp;&nbsp;&nbsp;Page_2_3
<LI><a href="#[a5]">&gt;&gt;</a>&nbsp;&nbsp;&nbsp;Page_2_2
<LI><a href="#[a4]">&gt;&gt;</a>&nbsp;&nbsp;&nbsp;Page_2_1
<LI><a href="#[a3]">&gt;&gt;</a>&nbsp;&nbsp;&nbsp;Page_2
<LI><a href="#[a1]">&gt;&gt;</a>&nbsp;&nbsp;&nbsp;Page_1
<LI><a href="#[8c]">&gt;&gt;</a>&nbsp;&nbsp;&nbsp;Initialize_TSM
</UL>

<P><STRONG><a name="[69]"></a>LCM12232B_Display_Page</STRONG> (Thumb, 98 bytes, Stack size 16 bytes, app_lcm12232b.o(i.LCM12232B_Display_Page))
<BR><BR>[Stack]<UL><LI>Max Depth = 48<LI>Call Chain = LCM12232B_Display_Page &rArr; LCM12232B_Write_Data_Right &rArr; Systick_Delay_N_microsecond &rArr; SysTick_GetFlagStatus
</UL>
<BR>[Calls]<UL><LI><a href="#[91]">&gt;&gt;</a>&nbsp;&nbsp;&nbsp;LCM12232B_Write_Data_Right
<LI><a href="#[90]">&gt;&gt;</a>&nbsp;&nbsp;&nbsp;LCM12232B_Write_Data_Left
<LI><a href="#[87]">&gt;&gt;</a>&nbsp;&nbsp;&nbsp;LCM12232B_Write_Command_Right
<LI><a href="#[86]">&gt;&gt;</a>&nbsp;&nbsp;&nbsp;LCM12232B_Write_Command_Left
</UL>
<BR>[Called By]<UL><LI><a href="#[9c]">&gt;&gt;</a>&nbsp;&nbsp;&nbsp;Loading_Page_2_4
<LI><a href="#[9b]">&gt;&gt;</a>&nbsp;&nbsp;&nbsp;Loading_Page_2_3
<LI><a href="#[9a]">&gt;&gt;</a>&nbsp;&nbsp;&nbsp;Loading_Page_2_2
<LI><a href="#[99]">&gt;&gt;</a>&nbsp;&nbsp;&nbsp;Loading_Page_2_1
<LI><a href="#[98]">&gt;&gt;</a>&nbsp;&nbsp;&nbsp;Loading_Page_2
<LI><a href="#[8f]">&gt;&gt;</a>&nbsp;&nbsp;&nbsp;Loading_Page_1
<LI><a href="#[6f]">&gt;&gt;</a>&nbsp;&nbsp;&nbsp;Display_Product_Title
<LI><a href="#[6e]">&gt;&gt;</a>&nbsp;&nbsp;&nbsp;Display_Page_UV_Test
<LI><a href="#[6d]">&gt;&gt;</a>&nbsp;&nbsp;&nbsp;Display_Page_UV_Error
<LI><a href="#[6c]">&gt;&gt;</a>&nbsp;&nbsp;&nbsp;Display_Page_UV_Change
<LI><a href="#[6a]">&gt;&gt;</a>&nbsp;&nbsp;&nbsp;Display_Page_Saving
<LI><a href="#[68]">&gt;&gt;</a>&nbsp;&nbsp;&nbsp;Display_Logo
</UL>

<P><STRONG><a name="[96]"></a>LCM12232B_Loading_Word</STRONG> (Thumb, 204 bytes, Stack size 20 bytes, app_lcm12232b.o(i.LCM12232B_Loading_Word))
<BR><BR>[Stack]<UL><LI>Max Depth = 20<LI>Call Chain = LCM12232B_Loading_Word
</UL>
<BR>[Called By]<UL><LI><a href="#[9c]">&gt;&gt;</a>&nbsp;&nbsp;&nbsp;Loading_Page_2_4
<LI><a href="#[9b]">&gt;&gt;</a>&nbsp;&nbsp;&nbsp;Loading_Page_2_3
<LI><a href="#[9a]">&gt;&gt;</a>&nbsp;&nbsp;&nbsp;Loading_Page_2_2
<LI><a href="#[8f]">&gt;&gt;</a>&nbsp;&nbsp;&nbsp;Loading_Page_1
</UL>

<P><STRONG><a name="[86]"></a>LCM12232B_Write_Command_Left</STRONG> (Thumb, 184 bytes, Stack size 16 bytes, app_lcm12232b.o(i.LCM12232B_Write_Command_Left))
<BR><BR>[Stack]<UL><LI>Max Depth = 32<LI>Call Chain = LCM12232B_Write_Command_Left &rArr; Systick_Delay_N_microsecond &rArr; SysTick_GetFlagStatus
</UL>
<BR>[Calls]<UL><LI><a href="#[93]">&gt;&gt;</a>&nbsp;&nbsp;&nbsp;GPIO_Write
<LI><a href="#[92]">&gt;&gt;</a>&nbsp;&nbsp;&nbsp;GPIO_ReadOutputData
<LI><a href="#[94]">&gt;&gt;</a>&nbsp;&nbsp;&nbsp;GPIO_ReadInputData
<LI><a href="#[73]">&gt;&gt;</a>&nbsp;&nbsp;&nbsp;GPIO_SetBits
<LI><a href="#[72]">&gt;&gt;</a>&nbsp;&nbsp;&nbsp;GPIO_ResetBits
<LI><a href="#[75]">&gt;&gt;</a>&nbsp;&nbsp;&nbsp;Systick_Delay_N_microsecond
</UL>
<BR>[Called By]<UL><LI><a href="#[69]">&gt;&gt;</a>&nbsp;&nbsp;&nbsp;LCM12232B_Display_Page
<LI><a href="#[85]">&gt;&gt;</a>&nbsp;&nbsp;&nbsp;Initialize_LCM12232B
</UL>

<P><STRONG><a name="[87]"></a>LCM12232B_Write_Command_Right</STRONG> (Thumb, 184 bytes, Stack size 16 bytes, app_lcm12232b.o(i.LCM12232B_Write_Command_Right))
<BR><BR>[Stack]<UL><LI>Max Depth = 32<LI>Call Chain = LCM12232B_Write_Command_Right &rArr; Systick_Delay_N_microsecond &rArr; SysTick_GetFlagStatus
</UL>
<BR>[Calls]<UL><LI><a href="#[93]">&gt;&gt;</a>&nbsp;&nbsp;&nbsp;GPIO_Write
<LI><a href="#[92]">&gt;&gt;</a>&nbsp;&nbsp;&nbsp;GPIO_ReadOutputData
<LI><a href="#[94]">&gt;&gt;</a>&nbsp;&nbsp;&nbsp;GPIO_ReadInputData
<LI><a href="#[73]">&gt;&gt;</a>&nbsp;&nbsp;&nbsp;GPIO_SetBits
<LI><a href="#[72]">&gt;&gt;</a>&nbsp;&nbsp;&nbsp;GPIO_ResetBits
<LI><a href="#[75]">&gt;&gt;</a>&nbsp;&nbsp;&nbsp;Systick_Delay_N_microsecond
</UL>
<BR>[Called By]<UL><LI><a href="#[69]">&gt;&gt;</a>&nbsp;&nbsp;&nbsp;LCM12232B_Display_Page
<LI><a href="#[85]">&gt;&gt;</a>&nbsp;&nbsp;&nbsp;Initialize_LCM12232B
</UL>

<P><STRONG><a name="[90]"></a>LCM12232B_Write_Data_Left</STRONG> (Thumb, 184 bytes, Stack size 16 bytes, app_lcm12232b.o(i.LCM12232B_Write_Data_Left))
<BR><BR>[Stack]<UL><LI>Max Depth = 32<LI>Call Chain = LCM12232B_Write_Data_Left &rArr; Systick_Delay_N_microsecond &rArr; SysTick_GetFlagStatus
</UL>
<BR>[Calls]<UL><LI><a href="#[93]">&gt;&gt;</a>&nbsp;&nbsp;&nbsp;GPIO_Write
<LI><a href="#[92]">&gt;&gt;</a>&nbsp;&nbsp;&nbsp;GPIO_ReadOutputData
<LI><a href="#[94]">&gt;&gt;</a>&nbsp;&nbsp;&nbsp;GPIO_ReadInputData
<LI><a href="#[73]">&gt;&gt;</a>&nbsp;&nbsp;&nbsp;GPIO_SetBits
<LI><a href="#[72]">&gt;&gt;</a>&nbsp;&nbsp;&nbsp;GPIO_ResetBits
<LI><a href="#[75]">&gt;&gt;</a>&nbsp;&nbsp;&nbsp;Systick_Delay_N_microsecond
</UL>
<BR>[Called By]<UL><LI><a href="#[69]">&gt;&gt;</a>&nbsp;&nbsp;&nbsp;LCM12232B_Display_Page
</UL>

<P><STRONG><a name="[91]"></a>LCM12232B_Write_Data_Right</STRONG> (Thumb, 184 bytes, Stack size 16 bytes, app_lcm12232b.o(i.LCM12232B_Write_Data_Right))
<BR><BR>[Stack]<UL><LI>Max Depth = 32<LI>Call Chain = LCM12232B_Write_Data_Right &rArr; Systick_Delay_N_microsecond &rArr; SysTick_GetFlagStatus
</UL>
<BR>[Calls]<UL><LI><a href="#[93]">&gt;&gt;</a>&nbsp;&nbsp;&nbsp;GPIO_Write
<LI><a href="#[92]">&gt;&gt;</a>&nbsp;&nbsp;&nbsp;GPIO_ReadOutputData
<LI><a href="#[94]">&gt;&gt;</a>&nbsp;&nbsp;&nbsp;GPIO_ReadInputData
<LI><a href="#[73]">&gt;&gt;</a>&nbsp;&nbsp;&nbsp;GPIO_SetBits
<LI><a href="#[72]">&gt;&gt;</a>&nbsp;&nbsp;&nbsp;GPIO_ResetBits
<LI><a href="#[75]">&gt;&gt;</a>&nbsp;&nbsp;&nbsp;Systick_Delay_N_microsecond
</UL>
<BR>[Called By]<UL><LI><a href="#[69]">&gt;&gt;</a>&nbsp;&nbsp;&nbsp;LCM12232B_Display_Page
</UL>

<P><STRONG><a name="[8f]"></a>Loading_Page_1</STRONG> (Thumb, 692 bytes, Stack size 16 bytes, app_tsm.o(i.Loading_Page_1))
<BR><BR>[Stack]<UL><LI>Max Depth = 112<LI>Call Chain = Loading_Page_1 &rArr; Read_GB2312_11X12_GT21L16S2W &rArr; SD_GT21L16S2W
</UL>
<BR>[Calls]<UL><LI><a href="#[95]">&gt;&gt;</a>&nbsp;&nbsp;&nbsp;Read_GB2312_6X12_GT21L16S2W
<LI><a href="#[97]">&gt;&gt;</a>&nbsp;&nbsp;&nbsp;Read_GB2312_11X12_GT21L16S2W
<LI><a href="#[96]">&gt;&gt;</a>&nbsp;&nbsp;&nbsp;LCM12232B_Loading_Word
<LI><a href="#[69]">&gt;&gt;</a>&nbsp;&nbsp;&nbsp;LCM12232B_Display_Page
</UL>
<BR>[Called By]<UL><LI><a href="#[ab]">&gt;&gt;</a>&nbsp;&nbsp;&nbsp;Refresh_Page
<LI><a href="#[a8]">&gt;&gt;</a>&nbsp;&nbsp;&nbsp;Page_2_4
<LI><a href="#[a7]">&gt;&gt;</a>&nbsp;&nbsp;&nbsp;Page_2_3
<LI><a href="#[a5]">&gt;&gt;</a>&nbsp;&nbsp;&nbsp;Page_2_2
<LI><a href="#[a4]">&gt;&gt;</a>&nbsp;&nbsp;&nbsp;Page_2_1
<LI><a href="#[a3]">&gt;&gt;</a>&nbsp;&nbsp;&nbsp;Page_2
<LI><a href="#[8c]">&gt;&gt;</a>&nbsp;&nbsp;&nbsp;Initialize_TSM
</UL>

<P><STRONG><a name="[98]"></a>Loading_Page_2</STRONG> (Thumb, 276 bytes, Stack size 16 bytes, app_tsm.o(i.Loading_Page_2))
<BR><BR>[Stack]<UL><LI>Max Depth = 64<LI>Call Chain = Loading_Page_2 &rArr; LCM12232B_Display_Page &rArr; LCM12232B_Write_Data_Right &rArr; Systick_Delay_N_microsecond &rArr; SysTick_GetFlagStatus
</UL>
<BR>[Calls]<UL><LI><a href="#[69]">&gt;&gt;</a>&nbsp;&nbsp;&nbsp;LCM12232B_Display_Page
</UL>
<BR>[Called By]<UL><LI><a href="#[a8]">&gt;&gt;</a>&nbsp;&nbsp;&nbsp;Page_2_4
<LI><a href="#[a7]">&gt;&gt;</a>&nbsp;&nbsp;&nbsp;Page_2_3
<LI><a href="#[a5]">&gt;&gt;</a>&nbsp;&nbsp;&nbsp;Page_2_2
<LI><a href="#[a4]">&gt;&gt;</a>&nbsp;&nbsp;&nbsp;Page_2_1
<LI><a href="#[a3]">&gt;&gt;</a>&nbsp;&nbsp;&nbsp;Page_2
<LI><a href="#[a1]">&gt;&gt;</a>&nbsp;&nbsp;&nbsp;Page_1
</UL>

<P><STRONG><a name="[99]"></a>Loading_Page_2_1</STRONG> (Thumb, 258 bytes, Stack size 16 bytes, app_tsm.o(i.Loading_Page_2_1))
<BR><BR>[Stack]<UL><LI>Max Depth = 64<LI>Call Chain = Loading_Page_2_1 &rArr; LCM12232B_Display_Page &rArr; LCM12232B_Write_Data_Right &rArr; Systick_Delay_N_microsecond &rArr; SysTick_GetFlagStatus
</UL>
<BR>[Calls]<UL><LI><a href="#[69]">&gt;&gt;</a>&nbsp;&nbsp;&nbsp;LCM12232B_Display_Page
</UL>
<BR>[Called By]<UL><LI><a href="#[a4]">&gt;&gt;</a>&nbsp;&nbsp;&nbsp;Page_2_1
<LI><a href="#[a3]">&gt;&gt;</a>&nbsp;&nbsp;&nbsp;Page_2
</UL>

<P><STRONG><a name="[9a]"></a>Loading_Page_2_2</STRONG> (Thumb, 1824 bytes, Stack size 16 bytes, app_tsm.o(i.Loading_Page_2_2))
<BR><BR>[Stack]<UL><LI>Max Depth = 112<LI>Call Chain = Loading_Page_2_2 &rArr; Read_GB2312_11X12_GT21L16S2W &rArr; SD_GT21L16S2W
</UL>
<BR>[Calls]<UL><LI><a href="#[95]">&gt;&gt;</a>&nbsp;&nbsp;&nbsp;Read_GB2312_6X12_GT21L16S2W
<LI><a href="#[97]">&gt;&gt;</a>&nbsp;&nbsp;&nbsp;Read_GB2312_11X12_GT21L16S2W
<LI><a href="#[96]">&gt;&gt;</a>&nbsp;&nbsp;&nbsp;LCM12232B_Loading_Word
<LI><a href="#[69]">&gt;&gt;</a>&nbsp;&nbsp;&nbsp;LCM12232B_Display_Page
</UL>
<BR>[Called By]<UL><LI><a href="#[a5]">&gt;&gt;</a>&nbsp;&nbsp;&nbsp;Page_2_2
<LI><a href="#[a3]">&gt;&gt;</a>&nbsp;&nbsp;&nbsp;Page_2
</UL>

<P><STRONG><a name="[9b]"></a>Loading_Page_2_3</STRONG> (Thumb, 600 bytes, Stack size 16 bytes, app_tsm.o(i.Loading_Page_2_3))
<BR><BR>[Stack]<UL><LI>Max Depth = 112<LI>Call Chain = Loading_Page_2_3 &rArr; Read_GB2312_11X12_GT21L16S2W &rArr; SD_GT21L16S2W
</UL>
<BR>[Calls]<UL><LI><a href="#[95]">&gt;&gt;</a>&nbsp;&nbsp;&nbsp;Read_GB2312_6X12_GT21L16S2W
<LI><a href="#[97]">&gt;&gt;</a>&nbsp;&nbsp;&nbsp;Read_GB2312_11X12_GT21L16S2W
<LI><a href="#[96]">&gt;&gt;</a>&nbsp;&nbsp;&nbsp;LCM12232B_Loading_Word
<LI><a href="#[69]">&gt;&gt;</a>&nbsp;&nbsp;&nbsp;LCM12232B_Display_Page
</UL>
<BR>[Called By]<UL><LI><a href="#[a7]">&gt;&gt;</a>&nbsp;&nbsp;&nbsp;Page_2_3
<LI><a href="#[a3]">&gt;&gt;</a>&nbsp;&nbsp;&nbsp;Page_2
</UL>

<P><STRONG><a name="[9c]"></a>Loading_Page_2_4</STRONG> (Thumb, 512 bytes, Stack size 16 bytes, app_tsm.o(i.Loading_Page_2_4))
<BR><BR>[Stack]<UL><LI>Max Depth = 112<LI>Call Chain = Loading_Page_2_4 &rArr; Read_GB2312_11X12_GT21L16S2W &rArr; SD_GT21L16S2W
</UL>
<BR>[Calls]<UL><LI><a href="#[95]">&gt;&gt;</a>&nbsp;&nbsp;&nbsp;Read_GB2312_6X12_GT21L16S2W
<LI><a href="#[97]">&gt;&gt;</a>&nbsp;&nbsp;&nbsp;Read_GB2312_11X12_GT21L16S2W
<LI><a href="#[96]">&gt;&gt;</a>&nbsp;&nbsp;&nbsp;LCM12232B_Loading_Word
<LI><a href="#[69]">&gt;&gt;</a>&nbsp;&nbsp;&nbsp;LCM12232B_Display_Page
</UL>
<BR>[Called By]<UL><LI><a href="#[a8]">&gt;&gt;</a>&nbsp;&nbsp;&nbsp;Page_2_4
<LI><a href="#[a3]">&gt;&gt;</a>&nbsp;&nbsp;&nbsp;Page_2
</UL>

<P><STRONG><a name="[3]"></a>MemManage_Handler</STRONG> (Thumb, 4 bytes, Stack size 0 bytes, stm32f10x_it.o(i.MemManage_Handler))
<BR>[Address Reference Count : 1]<UL><LI> startup_stm32f10x_hd.o(RESET)
</UL>
<P><STRONG><a name="[1]"></a>NMI_Handler</STRONG> (Thumb, 2 bytes, Stack size 0 bytes, stm32f10x_it.o(i.NMI_Handler))
<BR>[Address Reference Count : 1]<UL><LI> startup_stm32f10x_hd.o(RESET)
</UL>
<P><STRONG><a name="[63]"></a>NVIC_Init</STRONG> (Thumb, 102 bytes, Stack size 16 bytes, misc.o(i.NVIC_Init))
<BR><BR>[Stack]<UL><LI>Max Depth = 16<LI>Call Chain = NVIC_Init
</UL>
<BR>[Called By]<UL><LI><a href="#[61]">&gt;&gt;</a>&nbsp;&nbsp;&nbsp;Configure_PCF8563
</UL>

<P><STRONG><a name="[62]"></a>NVIC_PriorityGroupConfig</STRONG> (Thumb, 10 bytes, Stack size 0 bytes, misc.o(i.NVIC_PriorityGroupConfig))
<BR><BR>[Called By]<UL><LI><a href="#[61]">&gt;&gt;</a>&nbsp;&nbsp;&nbsp;Configure_PCF8563
</UL>

<P><STRONG><a name="[8d]"></a>Operate_24LC01B</STRONG> (Thumb, 74 bytes, Stack size 16 bytes, app_24lc01b.o(i.Operate_24LC01B))
<BR><BR>[Stack]<UL><LI>Max Depth = 64<LI>Call Chain = Operate_24LC01B &rArr; Write_24LC01B &rArr; I2C_SD_24LC01B &rArr; Systick_Delay_N_microsecond &rArr; SysTick_GetFlagStatus
</UL>
<BR>[Calls]<UL><LI><a href="#[73]">&gt;&gt;</a>&nbsp;&nbsp;&nbsp;GPIO_SetBits
<LI><a href="#[72]">&gt;&gt;</a>&nbsp;&nbsp;&nbsp;GPIO_ResetBits
<LI><a href="#[9d]">&gt;&gt;</a>&nbsp;&nbsp;&nbsp;Write_24LC01B
<LI><a href="#[9e]">&gt;&gt;</a>&nbsp;&nbsp;&nbsp;Read_24LC01B
<LI><a href="#[75]">&gt;&gt;</a>&nbsp;&nbsp;&nbsp;Systick_Delay_N_microsecond
</UL>
<BR>[Called By]<UL><LI><a href="#[ab]">&gt;&gt;</a>&nbsp;&nbsp;&nbsp;Refresh_Page
<LI><a href="#[a8]">&gt;&gt;</a>&nbsp;&nbsp;&nbsp;Page_2_4
<LI><a href="#[a7]">&gt;&gt;</a>&nbsp;&nbsp;&nbsp;Page_2_3
<LI><a href="#[a4]">&gt;&gt;</a>&nbsp;&nbsp;&nbsp;Page_2_1
<LI><a href="#[a1]">&gt;&gt;</a>&nbsp;&nbsp;&nbsp;Page_1
<LI><a href="#[8c]">&gt;&gt;</a>&nbsp;&nbsp;&nbsp;Initialize_TSM
</UL>

<P><STRONG><a name="[8a]"></a>Operate_PCF8563</STRONG> (Thumb, 42 bytes, Stack size 16 bytes, app_pcf8563.o(i.Operate_PCF8563))
<BR><BR>[Stack]<UL><LI>Max Depth = 64<LI>Call Chain = Operate_PCF8563 &rArr; Write_PCF8563 &rArr; I2C_SD_PCF8563 &rArr; Systick_Delay_N_microsecond &rArr; SysTick_GetFlagStatus
</UL>
<BR>[Calls]<UL><LI><a href="#[9f]">&gt;&gt;</a>&nbsp;&nbsp;&nbsp;Write_PCF8563
<LI><a href="#[a0]">&gt;&gt;</a>&nbsp;&nbsp;&nbsp;Read_PCF8563
</UL>
<BR>[Called By]<UL><LI><a href="#[ab]">&gt;&gt;</a>&nbsp;&nbsp;&nbsp;Refresh_Page
<LI><a href="#[a5]">&gt;&gt;</a>&nbsp;&nbsp;&nbsp;Page_2_2
<LI><a href="#[8c]">&gt;&gt;</a>&nbsp;&nbsp;&nbsp;Initialize_TSM
<LI><a href="#[89]">&gt;&gt;</a>&nbsp;&nbsp;&nbsp;Initialize_PCF8563
</UL>

<P><STRONG><a name="[a1]"></a>Page_1</STRONG> (Thumb, 128 bytes, Stack size 8 bytes, app_tsm.o(i.Page_1))
<BR><BR>[Stack]<UL><LI>Max Depth = 72<LI>Call Chain = Page_1 &rArr; Operate_24LC01B &rArr; Write_24LC01B &rArr; I2C_SD_24LC01B &rArr; Systick_Delay_N_microsecond &rArr; SysTick_GetFlagStatus
</UL>
<BR>[Calls]<UL><LI><a href="#[80]">&gt;&gt;</a>&nbsp;&nbsp;&nbsp;Systick_Delay_N_millisecond
<LI><a href="#[a2]">&gt;&gt;</a>&nbsp;&nbsp;&nbsp;Read_Key
<LI><a href="#[8d]">&gt;&gt;</a>&nbsp;&nbsp;&nbsp;Operate_24LC01B
<LI><a href="#[8e]">&gt;&gt;</a>&nbsp;&nbsp;&nbsp;LCM12232B_CLS
<LI><a href="#[98]">&gt;&gt;</a>&nbsp;&nbsp;&nbsp;Loading_Page_2
</UL>
<BR>[Called By]<UL><LI><a href="#[46]">&gt;&gt;</a>&nbsp;&nbsp;&nbsp;main
</UL>

<P><STRONG><a name="[a3]"></a>Page_2</STRONG> (Thumb, 210 bytes, Stack size 8 bytes, app_tsm.o(i.Page_2))
<BR><BR>[Stack]<UL><LI>Max Depth = 120<LI>Call Chain = Page_2 &rArr; Loading_Page_2_4 &rArr; Read_GB2312_11X12_GT21L16S2W &rArr; SD_GT21L16S2W
</UL>
<BR>[Calls]<UL><LI><a href="#[a2]">&gt;&gt;</a>&nbsp;&nbsp;&nbsp;Read_Key
<LI><a href="#[8e]">&gt;&gt;</a>&nbsp;&nbsp;&nbsp;LCM12232B_CLS
<LI><a href="#[9c]">&gt;&gt;</a>&nbsp;&nbsp;&nbsp;Loading_Page_2_4
<LI><a href="#[9b]">&gt;&gt;</a>&nbsp;&nbsp;&nbsp;Loading_Page_2_3
<LI><a href="#[9a]">&gt;&gt;</a>&nbsp;&nbsp;&nbsp;Loading_Page_2_2
<LI><a href="#[99]">&gt;&gt;</a>&nbsp;&nbsp;&nbsp;Loading_Page_2_1
<LI><a href="#[98]">&gt;&gt;</a>&nbsp;&nbsp;&nbsp;Loading_Page_2
<LI><a href="#[8f]">&gt;&gt;</a>&nbsp;&nbsp;&nbsp;Loading_Page_1
</UL>
<BR>[Called By]<UL><LI><a href="#[46]">&gt;&gt;</a>&nbsp;&nbsp;&nbsp;main
</UL>

<P><STRONG><a name="[a4]"></a>Page_2_1</STRONG> (Thumb, 150 bytes, Stack size 8 bytes, app_tsm.o(i.Page_2_1))
<BR><BR>[Stack]<UL><LI>Max Depth = 120<LI>Call Chain = Page_2_1 &rArr; Loading_Page_1 &rArr; Read_GB2312_11X12_GT21L16S2W &rArr; SD_GT21L16S2W
</UL>
<BR>[Calls]<UL><LI><a href="#[80]">&gt;&gt;</a>&nbsp;&nbsp;&nbsp;Systick_Delay_N_millisecond
<LI><a href="#[a2]">&gt;&gt;</a>&nbsp;&nbsp;&nbsp;Read_Key
<LI><a href="#[8d]">&gt;&gt;</a>&nbsp;&nbsp;&nbsp;Operate_24LC01B
<LI><a href="#[8e]">&gt;&gt;</a>&nbsp;&nbsp;&nbsp;LCM12232B_CLS
<LI><a href="#[99]">&gt;&gt;</a>&nbsp;&nbsp;&nbsp;Loading_Page_2_1
<LI><a href="#[98]">&gt;&gt;</a>&nbsp;&nbsp;&nbsp;Loading_Page_2
<LI><a href="#[8f]">&gt;&gt;</a>&nbsp;&nbsp;&nbsp;Loading_Page_1
<LI><a href="#[6a]">&gt;&gt;</a>&nbsp;&nbsp;&nbsp;Display_Page_Saving
</UL>
<BR>[Called By]<UL><LI><a href="#[46]">&gt;&gt;</a>&nbsp;&nbsp;&nbsp;main
</UL>

<P><STRONG><a name="[a5]"></a>Page_2_2</STRONG> (Thumb, 1640 bytes, Stack size 40 bytes, app_tsm.o(i.Page_2_2))
<BR><BR>[Stack]<UL><LI>Max Depth = 264<LI>Call Chain = Page_2_2 &rArr; pow &rArr; __kernel_poly &rArr; __aeabi_dadd &rArr; _double_epilogue &rArr; _double_round
</UL>
<BR>[Calls]<UL><LI><a href="#[52]">&gt;&gt;</a>&nbsp;&nbsp;&nbsp;__aeabi_i2d
<LI><a href="#[50]">&gt;&gt;</a>&nbsp;&nbsp;&nbsp;__aeabi_dsub
<LI><a href="#[4b]">&gt;&gt;</a>&nbsp;&nbsp;&nbsp;__aeabi_dadd
<LI><a href="#[53]">&gt;&gt;</a>&nbsp;&nbsp;&nbsp;__aeabi_d2iz
<LI><a href="#[80]">&gt;&gt;</a>&nbsp;&nbsp;&nbsp;Systick_Delay_N_millisecond
<LI><a href="#[a2]">&gt;&gt;</a>&nbsp;&nbsp;&nbsp;Read_Key
<LI><a href="#[8a]">&gt;&gt;</a>&nbsp;&nbsp;&nbsp;Operate_PCF8563
<LI><a href="#[8e]">&gt;&gt;</a>&nbsp;&nbsp;&nbsp;LCM12232B_CLS
<LI><a href="#[9a]">&gt;&gt;</a>&nbsp;&nbsp;&nbsp;Loading_Page_2_2
<LI><a href="#[98]">&gt;&gt;</a>&nbsp;&nbsp;&nbsp;Loading_Page_2
<LI><a href="#[8f]">&gt;&gt;</a>&nbsp;&nbsp;&nbsp;Loading_Page_1
<LI><a href="#[6a]">&gt;&gt;</a>&nbsp;&nbsp;&nbsp;Display_Page_Saving
<LI><a href="#[a6]">&gt;&gt;</a>&nbsp;&nbsp;&nbsp;pow
</UL>
<BR>[Called By]<UL><LI><a href="#[46]">&gt;&gt;</a>&nbsp;&nbsp;&nbsp;main
</UL>

<P><STRONG><a name="[a7]"></a>Page_2_3</STRONG> (Thumb, 324 bytes, Stack size 40 bytes, app_tsm.o(i.Page_2_3))
<BR><BR>[Stack]<UL><LI>Max Depth = 264<LI>Call Chain = Page_2_3 &rArr; pow &rArr; __kernel_poly &rArr; __aeabi_dadd &rArr; _double_epilogue &rArr; _double_round
</UL>
<BR>[Calls]<UL><LI><a href="#[52]">&gt;&gt;</a>&nbsp;&nbsp;&nbsp;__aeabi_i2d
<LI><a href="#[50]">&gt;&gt;</a>&nbsp;&nbsp;&nbsp;__aeabi_dsub
<LI><a href="#[4b]">&gt;&gt;</a>&nbsp;&nbsp;&nbsp;__aeabi_dadd
<LI><a href="#[53]">&gt;&gt;</a>&nbsp;&nbsp;&nbsp;__aeabi_d2iz
<LI><a href="#[80]">&gt;&gt;</a>&nbsp;&nbsp;&nbsp;Systick_Delay_N_millisecond
<LI><a href="#[a2]">&gt;&gt;</a>&nbsp;&nbsp;&nbsp;Read_Key
<LI><a href="#[8d]">&gt;&gt;</a>&nbsp;&nbsp;&nbsp;Operate_24LC01B
<LI><a href="#[8e]">&gt;&gt;</a>&nbsp;&nbsp;&nbsp;LCM12232B_CLS
<LI><a href="#[9b]">&gt;&gt;</a>&nbsp;&nbsp;&nbsp;Loading_Page_2_3
<LI><a href="#[98]">&gt;&gt;</a>&nbsp;&nbsp;&nbsp;Loading_Page_2
<LI><a href="#[8f]">&gt;&gt;</a>&nbsp;&nbsp;&nbsp;Loading_Page_1
<LI><a href="#[6a]">&gt;&gt;</a>&nbsp;&nbsp;&nbsp;Display_Page_Saving
<LI><a href="#[a6]">&gt;&gt;</a>&nbsp;&nbsp;&nbsp;pow
</UL>
<BR>[Called By]<UL><LI><a href="#[46]">&gt;&gt;</a>&nbsp;&nbsp;&nbsp;main
</UL>

<P><STRONG><a name="[a8]"></a>Page_2_4</STRONG> (Thumb, 330 bytes, Stack size 40 bytes, app_tsm.o(i.Page_2_4))
<BR><BR>[Stack]<UL><LI>Max Depth = 264<LI>Call Chain = Page_2_4 &rArr; pow &rArr; __kernel_poly &rArr; __aeabi_dadd &rArr; _double_epilogue &rArr; _double_round
</UL>
<BR>[Calls]<UL><LI><a href="#[52]">&gt;&gt;</a>&nbsp;&nbsp;&nbsp;__aeabi_i2d
<LI><a href="#[50]">&gt;&gt;</a>&nbsp;&nbsp;&nbsp;__aeabi_dsub
<LI><a href="#[4b]">&gt;&gt;</a>&nbsp;&nbsp;&nbsp;__aeabi_dadd
<LI><a href="#[53]">&gt;&gt;</a>&nbsp;&nbsp;&nbsp;__aeabi_d2iz
<LI><a href="#[80]">&gt;&gt;</a>&nbsp;&nbsp;&nbsp;Systick_Delay_N_millisecond
<LI><a href="#[a2]">&gt;&gt;</a>&nbsp;&nbsp;&nbsp;Read_Key
<LI><a href="#[8d]">&gt;&gt;</a>&nbsp;&nbsp;&nbsp;Operate_24LC01B
<LI><a href="#[8e]">&gt;&gt;</a>&nbsp;&nbsp;&nbsp;LCM12232B_CLS
<LI><a href="#[9c]">&gt;&gt;</a>&nbsp;&nbsp;&nbsp;Loading_Page_2_4
<LI><a href="#[98]">&gt;&gt;</a>&nbsp;&nbsp;&nbsp;Loading_Page_2
[...]
<LI><a href="#[72]">&gt;&gt;</a>&nbsp;&nbsp;&nbsp;GPIO_ResetBits
<LI><a href="#[71]">&gt;&gt;</a>&nbsp;&nbsp;&nbsp;GPIO_ReadInputDataBit
</UL>
<BR>[Called By]<UL><LI><a href="#[95]">&gt;&gt;</a>&nbsp;&nbsp;&nbsp;Read_GB2312_6X12_GT21L16S2W
<LI><a href="#[97]">&gt;&gt;</a>&nbsp;&nbsp;&nbsp;Read_GB2312_11X12_GT21L16S2W
</UL>

<P><STRONG><a name="[9e]"></a>Read_24LC01B</STRONG> (Thumb, 66 bytes, Stack size 16 bytes, app_24lc01b.o(i.Read_24LC01B))
<BR><BR>[Stack]<UL><LI>Max Depth = 48<LI>Call Chain = Read_24LC01B &rArr; I2C_SD_24LC01B &rArr; Systick_Delay_N_microsecond &rArr; SysTick_GetFlagStatus
</UL>
<BR>[Calls]<UL><LI><a href="#[7d]">&gt;&gt;</a>&nbsp;&nbsp;&nbsp;I2C_Stop_24LC01B
<LI><a href="#[7b]">&gt;&gt;</a>&nbsp;&nbsp;&nbsp;I2C_Start_24LC01B
<LI><a href="#[79]">&gt;&gt;</a>&nbsp;&nbsp;&nbsp;I2C_SD_24LC01B
<LI><a href="#[77]">&gt;&gt;</a>&nbsp;&nbsp;&nbsp;I2C_RD_24LC01B
<LI><a href="#[74]">&gt;&gt;</a>&nbsp;&nbsp;&nbsp;I2C_Acknowledge_24LC01B
</UL>
<BR>[Called By]<UL><LI><a href="#[8d]">&gt;&gt;</a>&nbsp;&nbsp;&nbsp;Operate_24LC01B
</UL>

<P><STRONG><a name="[97]"></a>Read_GB2312_11X12_GT21L16S2W</STRONG> (Thumb, 386 bytes, Stack size 80 bytes, app_gt21l16s2w.o(i.Read_GB2312_11X12_GT21L16S2W))
<BR><BR>[Stack]<UL><LI>Max Depth = 96<LI>Call Chain = Read_GB2312_11X12_GT21L16S2W &rArr; SD_GT21L16S2W
</UL>
<BR>[Calls]<UL><LI><a href="#[73]">&gt;&gt;</a>&nbsp;&nbsp;&nbsp;GPIO_SetBits
<LI><a href="#[72]">&gt;&gt;</a>&nbsp;&nbsp;&nbsp;GPIO_ResetBits
<LI><a href="#[aa]">&gt;&gt;</a>&nbsp;&nbsp;&nbsp;SD_GT21L16S2W
<LI><a href="#[a9]">&gt;&gt;</a>&nbsp;&nbsp;&nbsp;RD_GT21L16S2W
</UL>
<BR>[Called By]<UL><LI><a href="#[9c]">&gt;&gt;</a>&nbsp;&nbsp;&nbsp;Loading_Page_2_4
<LI><a href="#[9b]">&gt;&gt;</a>&nbsp;&nbsp;&nbsp;Loading_Page_2_3
<LI><a href="#[9a]">&gt;&gt;</a>&nbsp;&nbsp;&nbsp;Loading_Page_2_2
<LI><a href="#[8f]">&gt;&gt;</a>&nbsp;&nbsp;&nbsp;Loading_Page_1
</UL>

<P><STRONG><a name="[95]"></a>Read_GB2312_6X12_GT21L16S2W</STRONG> (Thumb, 346 bytes, Stack size 40 bytes, app_gt21l16s2w.o(i.Read_GB2312_6X12_GT21L16S2W))
<BR><BR>[Stack]<UL><LI>Max Depth = 56<LI>Call Chain = Read_GB2312_6X12_GT21L16S2W &rArr; SD_GT21L16S2W
</UL>
<BR>[Calls]<UL><LI><a href="#[73]">&gt;&gt;</a>&nbsp;&nbsp;&nbsp;GPIO_SetBits
<LI><a href="#[72]">&gt;&gt;</a>&nbsp;&nbsp;&nbsp;GPIO_ResetBits
<LI><a href="#[aa]">&gt;&gt;</a>&nbsp;&nbsp;&nbsp;SD_GT21L16S2W
<LI><a href="#[a9]">&gt;&gt;</a>&nbsp;&nbsp;&nbsp;RD_GT21L16S2W
</UL>
<BR>[Called By]<UL><LI><a href="#[9c]">&gt;&gt;</a>&nbsp;&nbsp;&nbsp;Loading_Page_2_4
<LI><a href="#[9b]">&gt;&gt;</a>&nbsp;&nbsp;&nbsp;Loading_Page_2_3
<LI><a href="#[9a]">&gt;&gt;</a>&nbsp;&nbsp;&nbsp;Loading_Page_2_2
<LI><a href="#[8f]">&gt;&gt;</a>&nbsp;&nbsp;&nbsp;Loading_Page_1
</UL>

<P><STRONG><a name="[a2]"></a>Read_Key</STRONG> (Thumb, 68 bytes, Stack size 8 bytes, app_key.o(i.Read_Key))
<BR><BR>[Stack]<UL><LI>Max Depth = 32<LI>Call Chain = Read_Key &rArr; Systick_Delay_N_millisecond &rArr; Systick_Delay_N_microsecond &rArr; SysTick_GetFlagStatus
</UL>
<BR>[Calls]<UL><LI><a href="#[94]">&gt;&gt;</a>&nbsp;&nbsp;&nbsp;GPIO_ReadInputData
<LI><a href="#[80]">&gt;&gt;</a>&nbsp;&nbsp;&nbsp;Systick_Delay_N_millisecond
</UL>
<BR>[Called By]<UL><LI><a href="#[a8]">&gt;&gt;</a>&nbsp;&nbsp;&nbsp;Page_2_4
<LI><a href="#[a7]">&gt;&gt;</a>&nbsp;&nbsp;&nbsp;Page_2_3
<LI><a href="#[a5]">&gt;&gt;</a>&nbsp;&nbsp;&nbsp;Page_2_2
<LI><a href="#[a4]">&gt;&gt;</a>&nbsp;&nbsp;&nbsp;Page_2_1
<LI><a href="#[a3]">&gt;&gt;</a>&nbsp;&nbsp;&nbsp;Page_2
<LI><a href="#[a1]">&gt;&gt;</a>&nbsp;&nbsp;&nbsp;Page_1
</UL>

<P><STRONG><a name="[a0]"></a>Read_PCF8563</STRONG> (Thumb, 66 bytes, Stack size 16 bytes, app_pcf8563.o(i.Read_PCF8563))
<BR><BR>[Stack]<UL><LI>Max Depth = 48<LI>Call Chain = Read_PCF8563 &rArr; I2C_SD_PCF8563 &rArr; Systick_Delay_N_microsecond &rArr; SysTick_GetFlagStatus
</UL>
<BR>[Calls]<UL><LI><a href="#[7e]">&gt;&gt;</a>&nbsp;&nbsp;&nbsp;I2C_Stop_PCF8563
<LI><a href="#[7c]">&gt;&gt;</a>&nbsp;&nbsp;&nbsp;I2C_Start_PCF8563
<LI><a href="#[7a]">&gt;&gt;</a>&nbsp;&nbsp;&nbsp;I2C_SD_PCF8563
<LI><a href="#[78]">&gt;&gt;</a>&nbsp;&nbsp;&nbsp;I2C_RD_PCF8563
<LI><a href="#[76]">&gt;&gt;</a>&nbsp;&nbsp;&nbsp;I2C_Acknowledge_PCF8563
</UL>
<BR>[Called By]<UL><LI><a href="#[8a]">&gt;&gt;</a>&nbsp;&nbsp;&nbsp;Operate_PCF8563
</UL>

<P><STRONG><a name="[ab]"></a>Refresh_Page</STRONG> (Thumb, 524 bytes, Stack size 8 bytes, app_tsm.o(i.Refresh_Page))
<BR><BR>[Stack]<UL><LI>Max Depth = 120<LI>Call Chain = Refresh_Page &rArr; Loading_Page_1 &rArr; Read_GB2312_11X12_GT21L16S2W &rArr; SD_GT21L16S2W
</UL>
<BR>[Calls]<UL><LI><a href="#[80]">&gt;&gt;</a>&nbsp;&nbsp;&nbsp;Systick_Delay_N_millisecond
<LI><a href="#[8a]">&gt;&gt;</a>&nbsp;&nbsp;&nbsp;Operate_PCF8563
<LI><a href="#[8d]">&gt;&gt;</a>&nbsp;&nbsp;&nbsp;Operate_24LC01B
<LI><a href="#[8e]">&gt;&gt;</a>&nbsp;&nbsp;&nbsp;LCM12232B_CLS
<LI><a href="#[73]">&gt;&gt;</a>&nbsp;&nbsp;&nbsp;GPIO_SetBits
<LI><a href="#[72]">&gt;&gt;</a>&nbsp;&nbsp;&nbsp;GPIO_ResetBits
<LI><a href="#[8f]">&gt;&gt;</a>&nbsp;&nbsp;&nbsp;Loading_Page_1
<LI><a href="#[6e]">&gt;&gt;</a>&nbsp;&nbsp;&nbsp;Display_Page_UV_Test
<LI><a href="#[6d]">&gt;&gt;</a>&nbsp;&nbsp;&nbsp;Display_Page_UV_Error
<LI><a href="#[6c]">&gt;&gt;</a>&nbsp;&nbsp;&nbsp;Display_Page_UV_Change
</UL>
<BR>[Called By]<UL><LI><a href="#[46]">&gt;&gt;</a>&nbsp;&nbsp;&nbsp;main
</UL>

<P><STRONG><a name="[aa]"></a>SD_GT21L16S2W</STRONG> (Thumb, 64 bytes, Stack size 16 bytes, app_gt21l16s2w.o(i.SD_GT21L16S2W))
<BR><BR>[Stack]<UL><LI>Max Depth = 16<LI>Call Chain = SD_GT21L16S2W
</UL>
<BR>[Calls]<UL><LI><a href="#[73]">&gt;&gt;</a>&nbsp;&nbsp;&nbsp;GPIO_SetBits
<LI><a href="#[72]">&gt;&gt;</a>&nbsp;&nbsp;&nbsp;GPIO_ResetBits
</UL>
<BR>[Called By]<UL><LI><a href="#[95]">&gt;&gt;</a>&nbsp;&nbsp;&nbsp;Read_GB2312_6X12_GT21L16S2W
<LI><a href="#[97]">&gt;&gt;</a>&nbsp;&nbsp;&nbsp;Read_GB2312_11X12_GT21L16S2W
</UL>

<P><STRONG><a name="[6]"></a>SVC_Handler</STRONG> (Thumb, 2 bytes, Stack size 0 bytes, stm32f10x_it.o(i.SVC_Handler))
<BR>[Address Reference Count : 1]<UL><LI> startup_stm32f10x_hd.o(RESET)
</UL>
<P><STRONG><a name="[b4]"></a>SysTick_CLKSourceConfig</STRONG> (Thumb, 40 bytes, Stack size 0 bytes, misc.o(i.SysTick_CLKSourceConfig))
<BR><BR>[Called By]<UL><LI><a href="#[b2]">&gt;&gt;</a>&nbsp;&nbsp;&nbsp;Systick_Initialization
</UL>

<P><STRONG><a name="[b0]"></a>SysTick_CounterCmd</STRONG> (Thumb, 54 bytes, Stack size 0 bytes, stm32f10x_systick.o(i.SysTick_CounterCmd))
<BR><BR>[Called By]<UL><LI><a href="#[75]">&gt;&gt;</a>&nbsp;&nbsp;&nbsp;Systick_Delay_N_microsecond
</UL>

<P><STRONG><a name="[b1]"></a>SysTick_GetFlagStatus</STRONG> (Thumb, 46 bytes, Stack size 8 bytes, stm32f10x_systick.o(i.SysTick_GetFlagStatus))
<BR><BR>[Stack]<UL><LI>Max Depth = 8<LI>Call Chain = SysTick_GetFlagStatus
</UL>
<BR>[Called By]<UL><LI><a href="#[75]">&gt;&gt;</a>&nbsp;&nbsp;&nbsp;Systick_Delay_N_microsecond
</UL>

<P><STRONG><a name="[9]"></a>SysTick_Handler</STRONG> (Thumb, 2 bytes, Stack size 0 bytes, stm32f10x_it.o(i.SysTick_Handler))
<BR>[Address Reference Count : 1]<UL><LI> startup_stm32f10x_hd.o(RESET)
</UL>
<P><STRONG><a name="[af]"></a>SysTick_SetReload</STRONG> (Thumb, 8 bytes, Stack size 0 bytes, stm32f10x_systick.o(i.SysTick_SetReload))
<BR><BR>[Called By]<UL><LI><a href="#[75]">&gt;&gt;</a>&nbsp;&nbsp;&nbsp;Systick_Delay_N_microsecond
</UL>

<P><STRONG><a name="[47]"></a>SystemInit</STRONG> (Thumb, 78 bytes, Stack size 8 bytes, system_stm32f10x.o(i.SystemInit))
<BR><BR>[Stack]<UL><LI>Max Depth = 28<LI>Call Chain = SystemInit &rArr; SetSysClock &rArr; SetSysClockTo72
</UL>
<BR>[Calls]<UL><LI><a href="#[ac]">&gt;&gt;</a>&nbsp;&nbsp;&nbsp;SetSysClock
</UL>
<BR>[Address Reference Count : 1]<UL><LI> startup_stm32f10x_hd.o(.text)
</UL>
<P><STRONG><a name="[ae]"></a>System_Start</STRONG> (Thumb, 14 bytes, Stack size 8 bytes, main.o(i.System_Start))
<BR><BR>[Stack]<UL><LI>Max Depth = 128<LI>Call Chain = System_Start &rArr; Initialize_TSM &rArr; Loading_Page_1 &rArr; Read_GB2312_11X12_GT21L16S2W &rArr; SD_GT21L16S2W
</UL>
<BR>[Calls]<UL><LI><a href="#[6b]">&gt;&gt;</a>&nbsp;&nbsp;&nbsp;Systick_Delay_N_second
<LI><a href="#[8c]">&gt;&gt;</a>&nbsp;&nbsp;&nbsp;Initialize_TSM
</UL>
<BR>[Called By]<UL><LI><a href="#[46]">&gt;&gt;</a>&nbsp;&nbsp;&nbsp;main
</UL>

<P><STRONG><a name="[75]"></a>Systick_Delay_N_microsecond</STRONG> (Thumb, 50 bytes, Stack size 8 bytes, systick.o(i.Systick_Delay_N_microsecond))
<BR><BR>[Stack]<UL><LI>Max Depth = 16<LI>Call Chain = Systick_Delay_N_microsecond &rArr; SysTick_GetFlagStatus
</UL>
<BR>[Calls]<UL><LI><a href="#[af]">&gt;&gt;</a>&nbsp;&nbsp;&nbsp;SysTick_SetReload
<LI><a href="#[b1]">&gt;&gt;</a>&nbsp;&nbsp;&nbsp;SysTick_GetFlagStatus
<LI><a href="#[b0]">&gt;&gt;</a>&nbsp;&nbsp;&nbsp;SysTick_CounterCmd
</UL>
<BR>[Called By]<UL><LI><a href="#[80]">&gt;&gt;</a>&nbsp;&nbsp;&nbsp;Systick_Delay_N_millisecond
<LI><a href="#[8d]">&gt;&gt;</a>&nbsp;&nbsp;&nbsp;Operate_24LC01B
<LI><a href="#[91]">&gt;&gt;</a>&nbsp;&nbsp;&nbsp;LCM12232B_Write_Data_Right
<LI><a href="#[90]">&gt;&gt;</a>&nbsp;&nbsp;&nbsp;LCM12232B_Write_Data_Left
<LI><a href="#[87]">&gt;&gt;</a>&nbsp;&nbsp;&nbsp;LCM12232B_Write_Command_Right
<LI><a href="#[86]">&gt;&gt;</a>&nbsp;&nbsp;&nbsp;LCM12232B_Write_Command_Left
<LI><a href="#[7d]">&gt;&gt;</a>&nbsp;&nbsp;&nbsp;I2C_Stop_24LC01B
<LI><a href="#[7b]">&gt;&gt;</a>&nbsp;&nbsp;&nbsp;I2C_Start_24LC01B
<LI><a href="#[79]">&gt;&gt;</a>&nbsp;&nbsp;&nbsp;I2C_SD_24LC01B
<LI><a href="#[77]">&gt;&gt;</a>&nbsp;&nbsp;&nbsp;I2C_RD_24LC01B
<LI><a href="#[74]">&gt;&gt;</a>&nbsp;&nbsp;&nbsp;I2C_Acknowledge_24LC01B
<LI><a href="#[7e]">&gt;&gt;</a>&nbsp;&nbsp;&nbsp;I2C_Stop_PCF8563
<LI><a href="#[7c]">&gt;&gt;</a>&nbsp;&nbsp;&nbsp;I2C_Start_PCF8563
<LI><a href="#[7a]">&gt;&gt;</a>&nbsp;&nbsp;&nbsp;I2C_SD_PCF8563
<LI><a href="#[78]">&gt;&gt;</a>&nbsp;&nbsp;&nbsp;I2C_RD_PCF8563
<LI><a href="#[76]">&gt;&gt;</a>&nbsp;&nbsp;&nbsp;I2C_Acknowledge_PCF8563
</UL>

<P><STRONG><a name="[80]"></a>Systick_Delay_N_millisecond</STRONG> (Thumb, 26 bytes, Stack size 8 bytes, systick.o(i.Systick_Delay_N_millisecond))
<BR><BR>[Stack]<UL><LI>Max Depth = 24<LI>Call Chain = Systick_Delay_N_millisecond &rArr; Systick_Delay_N_microsecond &rArr; SysTick_GetFlagStatus
</UL>
<BR>[Calls]<UL><LI><a href="#[75]">&gt;&gt;</a>&nbsp;&nbsp;&nbsp;Systick_Delay_N_microsecond
</UL>
<BR>[Called By]<UL><LI><a href="#[a2]">&gt;&gt;</a>&nbsp;&nbsp;&nbsp;Read_Key
<LI><a href="#[6b]">&gt;&gt;</a>&nbsp;&nbsp;&nbsp;Systick_Delay_N_second
<LI><a href="#[ab]">&gt;&gt;</a>&nbsp;&nbsp;&nbsp;Refresh_Page
<LI><a href="#[a8]">&gt;&gt;</a>&nbsp;&nbsp;&nbsp;Page_2_4
<LI><a href="#[a7]">&gt;&gt;</a>&nbsp;&nbsp;&nbsp;Page_2_3
<LI><a href="#[a5]">&gt;&gt;</a>&nbsp;&nbsp;&nbsp;Page_2_2
<LI><a href="#[a4]">&gt;&gt;</a>&nbsp;&nbsp;&nbsp;Page_2_1
<LI><a href="#[a1]">&gt;&gt;</a>&nbsp;&nbsp;&nbsp;Page_1
<LI><a href="#[8b]">&gt;&gt;</a>&nbsp;&nbsp;&nbsp;Initialize_SN74ALVC164245
<LI><a href="#[89]">&gt;&gt;</a>&nbsp;&nbsp;&nbsp;Initialize_PCF8563
<LI><a href="#[88]">&gt;&gt;</a>&nbsp;&nbsp;&nbsp;Initialize_LED
<LI><a href="#[85]">&gt;&gt;</a>&nbsp;&nbsp;&nbsp;Initialize_LCM12232B
<LI><a href="#[84]">&gt;&gt;</a>&nbsp;&nbsp;&nbsp;Initialize_Key
<LI><a href="#[83]">&gt;&gt;</a>&nbsp;&nbsp;&nbsp;Initialize_GT21L16S2W
<LI><a href="#[82]">&gt;&gt;</a>&nbsp;&nbsp;&nbsp;Initialize_DO
<LI><a href="#[81]">&gt;&gt;</a>&nbsp;&nbsp;&nbsp;Initialize_DI
<LI><a href="#[7f]">&gt;&gt;</a>&nbsp;&nbsp;&nbsp;Initialize_24LC01B
</UL>

<P><STRONG><a name="[6b]"></a>Systick_Delay_N_second</STRONG> (Thumb, 26 bytes, Stack size 8 bytes, systick.o(i.Systick_Delay_N_second))
<BR><BR>[Stack]<UL><LI>Max Depth = 32<LI>Call Chain = Systick_Delay_N_second &rArr; Systick_Delay_N_millisecond &rArr; Systick_Delay_N_microsecond &rArr; SysTick_GetFlagStatus
</UL>
<BR>[Calls]<UL><LI><a href="#[80]">&gt;&gt;</a>&nbsp;&nbsp;&nbsp;Systick_Delay_N_millisecond
</UL>
<BR>[Called By]<UL><LI><a href="#[6a]">&gt;&gt;</a>&nbsp;&nbsp;&nbsp;Display_Page_Saving
<LI><a href="#[8c]">&gt;&gt;</a>&nbsp;&nbsp;&nbsp;Initialize_TSM
<LI><a href="#[ae]">&gt;&gt;</a>&nbsp;&nbsp;&nbsp;System_Start
</UL>

<P><STRONG><a name="[b2]"></a>Systick_Initialization</STRONG> (Thumb, 32 bytes, Stack size 24 bytes, systick.o(i.Systick_Initialization))
<BR><BR>[Stack]<UL><LI>Max Depth = 36<LI>Call Chain = Systick_Initialization &rArr; RCC_GetClocksFreq
</UL>
<BR>[Calls]<UL><LI><a href="#[b4]">&gt;&gt;</a>&nbsp;&nbsp;&nbsp;SysTick_CLKSourceConfig
<LI><a href="#[b3]">&gt;&gt;</a>&nbsp;&nbsp;&nbsp;RCC_GetClocksFreq
</UL>
<BR>[Called By]<UL><LI><a href="#[46]">&gt;&gt;</a>&nbsp;&nbsp;&nbsp;main
</UL>

<P><STRONG><a name="[5]"></a>UsageFault_Handler</STRONG> (Thumb, 4 bytes, Stack size 0 bytes, stm32f10x_it.o(i.UsageFault_Handler))
<BR>[Address Reference Count : 1]<UL><LI> startup_stm32f10x_hd.o(RESET)
</UL>
<P><STRONG><a name="[9d]"></a>Write_24LC01B</STRONG> (Thumb, 66 bytes, Stack size 16 bytes, app_24lc01b.o(i.Write_24LC01B))
<BR><BR>[Stack]<UL><LI>Max Depth = 48<LI>Call Chain = Write_24LC01B &rArr; I2C_SD_24LC01B &rArr; Systick_Delay_N_microsecond &rArr; SysTick_GetFlagStatus
</UL>
<BR>[Calls]<UL><LI><a href="#[7d]">&gt;&gt;</a>&nbsp;&nbsp;&nbsp;I2C_Stop_24LC01B
<LI><a href="#[7b]">&gt;&gt;</a>&nbsp;&nbsp;&nbsp;I2C_Start_24LC01B
<LI><a href="#[79]">&gt;&gt;</a>&nbsp;&nbsp;&nbsp;I2C_SD_24LC01B
<LI><a href="#[74]">&gt;&gt;</a>&nbsp;&nbsp;&nbsp;I2C_Acknowledge_24LC01B
</UL>
<BR>[Called By]<UL><LI><a href="#[8d]">&gt;&gt;</a>&nbsp;&nbsp;&nbsp;Operate_24LC01B
</UL>

<P><STRONG><a name="[9f]"></a>Write_PCF8563</STRONG> (Thumb, 56 bytes, Stack size 16 bytes, app_pcf8563.o(i.Write_PCF8563))
<BR><BR>[Stack]<UL><LI>Max Depth = 48<LI>Call Chain = Write_PCF8563 &rArr; I2C_SD_PCF8563 &rArr; Systick_Delay_N_microsecond &rArr; SysTick_GetFlagStatus
</UL>
<BR>[Calls]<UL><LI><a href="#[7e]">&gt;&gt;</a>&nbsp;&nbsp;&nbsp;I2C_Stop_PCF8563
<LI><a href="#[7c]">&gt;&gt;</a>&nbsp;&nbsp;&nbsp;I2C_Start_PCF8563
<LI><a href="#[7a]">&gt;&gt;</a>&nbsp;&nbsp;&nbsp;I2C_SD_PCF8563
<LI><a href="#[76]">&gt;&gt;</a>&nbsp;&nbsp;&nbsp;I2C_Acknowledge_PCF8563
</UL>
<BR>[Called By]<UL><LI><a href="#[8a]">&gt;&gt;</a>&nbsp;&nbsp;&nbsp;Operate_PCF8563
</UL>

<P><STRONG><a name="[bb]"></a>__ARM_fpclassify</STRONG> (Thumb, 40 bytes, Stack size 0 bytes, fpclassify.o(i.__ARM_fpclassify))
<BR><BR>[Called By]<UL><LI><a href="#[a6]">&gt;&gt;</a>&nbsp;&nbsp;&nbsp;pow
</UL>

<P><STRONG><a name="[b5]"></a>__kernel_poly</STRONG> (Thumb, 170 bytes, Stack size 24 bytes, poly.o(i.__kernel_poly))
<BR><BR>[Stack]<UL><LI>Max Depth = 112<LI>Call Chain = __kernel_poly &rArr; __aeabi_dadd &rArr; _double_epilogue &rArr; _double_round
</UL>
<BR>[Calls]<UL><LI><a href="#[4b]">&gt;&gt;</a>&nbsp;&nbsp;&nbsp;__aeabi_dadd
<LI><a href="#[55]">&gt;&gt;</a>&nbsp;&nbsp;&nbsp;__aeabi_dmul
</UL>
<BR>[Called By]<UL><LI><a href="#[a6]">&gt;&gt;</a>&nbsp;&nbsp;&nbsp;pow
</UL>

<P><STRONG><a name="[b6]"></a>__mathlib_dbl_underflow</STRONG> (Thumb, 10 bytes, Stack size 0 bytes, dunder.o(i.__mathlib_dbl_underflow))
<BR><BR>[Stack]<UL><LI>Max Depth = 16<LI>Call Chain = __mathlib_dbl_underflow &rArr; __ARM_scalbn
</UL>
<BR>[Calls]<UL><LI><a href="#[b7]">&gt;&gt;</a>&nbsp;&nbsp;&nbsp;__ARM_scalbn
</UL>
<BR>[Called By]<UL><LI><a href="#[a6]">&gt;&gt;</a>&nbsp;&nbsp;&nbsp;pow
</UL>

<P><STRONG><a name="[c8]"></a>__scatterload_copy</STRONG> (Thumb, 14 bytes, Stack size unknown bytes, handlers.o(i.__scatterload_copy), UNUSED)

<P><STRONG><a name="[c9]"></a>__scatterload_null</STRONG> (Thumb, 2 bytes, Stack size unknown bytes, handlers.o(i.__scatterload_null), UNUSED)

<P><STRONG><a name="[ca]"></a>__scatterload_zeroinit</STRONG> (Thumb, 14 bytes, Stack size unknown bytes, handlers.o(i.__scatterload_zeroinit), UNUSED)

<P><STRONG><a name="[b8]"></a>__set_errno</STRONG> (Thumb, 6 bytes, Stack size 0 bytes, errno.o(i.__set_errno))
<BR><BR>[Called By]<UL><LI><a href="#[b9]">&gt;&gt;</a>&nbsp;&nbsp;&nbsp;sqrt
<LI><a href="#[a6]">&gt;&gt;</a>&nbsp;&nbsp;&nbsp;pow
</UL>

<P><STRONG><a name="[46]"></a>main</STRONG> (Thumb, 76 bytes, Stack size 0 bytes, main.o(i.main))
<BR><BR>[Stack]<UL><LI>Max Depth = 264<LI>Call Chain = main &rArr; Page_2_4 &rArr; pow &rArr; __kernel_poly &rArr; __aeabi_dadd &rArr; _double_epilogue &rArr; _double_round
</UL>
<BR>[Calls]<UL><LI><a href="#[b2]">&gt;&gt;</a>&nbsp;&nbsp;&nbsp;Systick_Initialization
<LI><a href="#[ab]">&gt;&gt;</a>&nbsp;&nbsp;&nbsp;Refresh_Page
<LI><a href="#[a8]">&gt;&gt;</a>&nbsp;&nbsp;&nbsp;Page_2_4
<LI><a href="#[a7]">&gt;&gt;</a>&nbsp;&nbsp;&nbsp;Page_2_3
<LI><a href="#[a5]">&gt;&gt;</a>&nbsp;&nbsp;&nbsp;Page_2_2
<LI><a href="#[a4]">&gt;&gt;</a>&nbsp;&nbsp;&nbsp;Page_2_1
<LI><a href="#[a3]">&gt;&gt;</a>&nbsp;&nbsp;&nbsp;Page_2
<LI><a href="#[a1]">&gt;&gt;</a>&nbsp;&nbsp;&nbsp;Page_1
<LI><a href="#[8b]">&gt;&gt;</a>&nbsp;&nbsp;&nbsp;Initialize_SN74ALVC164245
<LI><a href="#[89]">&gt;&gt;</a>&nbsp;&nbsp;&nbsp;Initialize_PCF8563
<LI><a href="#[88]">&gt;&gt;</a>&nbsp;&nbsp;&nbsp;Initialize_LED
<LI><a href="#[85]">&gt;&gt;</a>&nbsp;&nbsp;&nbsp;Initialize_LCM12232B
<LI><a href="#[84]">&gt;&gt;</a>&nbsp;&nbsp;&nbsp;Initialize_Key
<LI><a href="#[83]">&gt;&gt;</a>&nbsp;&nbsp;&nbsp;Initialize_GT21L16S2W
<LI><a href="#[82]">&gt;&gt;</a>&nbsp;&nbsp;&nbsp;Initialize_DO
<LI><a href="#[81]">&gt;&gt;</a>&nbsp;&nbsp;&nbsp;Initialize_DI
<LI><a href="#[7f]">&gt;&gt;</a>&nbsp;&nbsp;&nbsp;Initialize_24LC01B
<LI><a href="#[ae]">&gt;&gt;</a>&nbsp;&nbsp;&nbsp;System_Start
</UL>
<BR>[Address Reference Count : 1]<UL><LI> entry9a.o(.ARM.Collect$$$$0000000B)
</UL>
<P><STRONG><a name="[a6]"></a>pow</STRONG> (Thumb, 2510 bytes, Stack size 112 bytes, pow.o(i.pow))
<BR><BR>[Stack]<UL><LI>Max Depth = 224<LI>Call Chain = pow &rArr; __kernel_poly &rArr; __aeabi_dadd &rArr; _double_epilogue &rArr; _double_round
</UL>
<BR>[Calls]<UL><LI><a href="#[52]">&gt;&gt;</a>&nbsp;&nbsp;&nbsp;__aeabi_i2d
<LI><a href="#[50]">&gt;&gt;</a>&nbsp;&nbsp;&nbsp;__aeabi_dsub
<LI><a href="#[4b]">&gt;&gt;</a>&nbsp;&nbsp;&nbsp;__aeabi_dadd
<LI><a href="#[b8]">&gt;&gt;</a>&nbsp;&nbsp;&nbsp;__set_errno
<LI><a href="#[b9]">&gt;&gt;</a>&nbsp;&nbsp;&nbsp;sqrt
<LI><a href="#[b5]">&gt;&gt;</a>&nbsp;&nbsp;&nbsp;__kernel_poly
<LI><a href="#[bb]">&gt;&gt;</a>&nbsp;&nbsp;&nbsp;__ARM_fpclassify
<LI><a href="#[b6]">&gt;&gt;</a>&nbsp;&nbsp;&nbsp;__mathlib_dbl_underflow
<LI><a href="#[51]">&gt;&gt;</a>&nbsp;&nbsp;&nbsp;__aeabi_drsub
<LI><a href="#[55]">&gt;&gt;</a>&nbsp;&nbsp;&nbsp;__aeabi_dmul
<LI><a href="#[56]">&gt;&gt;</a>&nbsp;&nbsp;&nbsp;__aeabi_ddiv
<LI><a href="#[ba]">&gt;&gt;</a>&nbsp;&nbsp;&nbsp;__aeabi_cdrcmple
<LI><a href="#[b7]">&gt;&gt;</a>&nbsp;&nbsp;&nbsp;__ARM_scalbn
</UL>
<BR>[Called By]<UL><LI><a href="#[a8]">&gt;&gt;</a>&nbsp;&nbsp;&nbsp;Page_2_4
<LI><a href="#[a7]">&gt;&gt;</a>&nbsp;&nbsp;&nbsp;Page_2_3
<LI><a href="#[a5]">&gt;&gt;</a>&nbsp;&nbsp;&nbsp;Page_2_2
</UL>

<P><STRONG><a name="[b9]"></a>sqrt</STRONG> (Thumb, 76 bytes, Stack size 24 bytes, sqrt.o(i.sqrt))
<BR><BR>[Stack]<UL><LI>Max Depth = 64<LI>Call Chain = sqrt &rArr; _dsqrt &rArr; _double_round
</UL>
<BR>[Calls]<UL><LI><a href="#[b8]">&gt;&gt;</a>&nbsp;&nbsp;&nbsp;__set_errno
<LI><a href="#[58]">&gt;&gt;</a>&nbsp;&nbsp;&nbsp;_dsqrt
</UL>
<BR>[Called By]<UL><LI><a href="#[a6]">&gt;&gt;</a>&nbsp;&nbsp;&nbsp;pow
</UL>
<P>
<H3>
Local Symbols
</H3>
<P><STRONG><a name="[ac]"></a>SetSysClock</STRONG> (Thumb, 8 bytes, Stack size 8 bytes, system_stm32f10x.o(i.SetSysClock))
<BR><BR>[Stack]<UL><LI>Max Depth = 20<LI>Call Chain = SetSysClock &rArr; SetSysClockTo72
</UL>
<BR>[Calls]<UL><LI><a href="#[ad]">&gt;&gt;</a>&nbsp;&nbsp;&nbsp;SetSysClockTo72
</UL>
<BR>[Called By]<UL><LI><a href="#[47]">&gt;&gt;</a>&nbsp;&nbsp;&nbsp;SystemInit
</UL>

<P><STRONG><a name="[ad]"></a>SetSysClockTo72</STRONG> (Thumb, 212 bytes, Stack size 12 bytes, system_stm32f10x.o(i.SetSysClockTo72))
<BR><BR>[Stack]<UL><LI>Max Depth = 12<LI>Call Chain = SetSysClockTo72
</UL>
<BR>[Called By]<UL><LI><a href="#[ac]">&gt;&gt;</a>&nbsp;&nbsp;&nbsp;SetSysClock
</UL>
<P>
<H3>
Undefined Global Symbols
</H3><HR></body></html>
