ARM Linker, 5.03 [Build 76] [MDK-ARM Standard]

==============================================================================

Section Cross References

    main.o(i.System_Start) refers to app_tsm.o(i.Initialize_TSM) for Initialize_TSM
    main.o(i.System_Start) refers to systick.o(i.Systick_Delay_N_second) for Systick_Delay_N_second
    main.o(i.main) refers to systick.o(i.Systick_Initialization) for Systick_Initialization
    main.o(i.main) refers to app_gt21l16s2w.o(i.Initialize_GT21L16S2W) for Initialize_GT21L16S2W
    main.o(i.main) refers to app_pcf8563.o(i.Initialize_PCF8563) for Initialize_PCF8563
    main.o(i.main) refers to app_24lc01b.o(i.Initialize_24LC01B) for Initialize_24LC01B
    main.o(i.main) refers to app_led.o(i.Initialize_LED) for Initialize_LED
    main.o(i.main) refers to app_key.o(i.Initialize_Key) for Initialize_Key
    main.o(i.main) refers to app_do.o(i.Initialize_DO) for Initialize_DO
    main.o(i.main) refers to app_di.o(i.Initialize_DI) for Initialize_DI
    main.o(i.main) refers to app_sn74alvc164245.o(i.Initialize_SN74ALVC164245) for Initialize_SN74ALVC164245
    main.o(i.main) refers to app_lcm12232b.o(i.Initialize_LCM12232B) for Initialize_LCM12232B
    main.o(i.main) refers to main.o(i.System_Start) for System_Start
    main.o(i.main) refers to app_tsm.o(i.Page_1) for Page_1
    main.o(i.main) refers to app_tsm.o(i.Page_2) for Page_2
    main.o(i.main) refers to app_tsm.o(i.Page_2_1) for Page_2_1
    main.o(i.main) refers to app_tsm.o(i.Page_2_2) for Page_2_2
    main.o(i.main) refers to app_tsm.o(i.Page_2_3) for Page_2_3
    main.o(i.main) refers to app_tsm.o(i.Page_2_4) for Page_2_4
    main.o(i.main) refers to app_tsm.o(i.Refresh_Page) for Refresh_Page
    app_tsm.o(i.Display_Logo) refers to app_lcm12232b.o(i.LCM12232B_Display_Page) for LCM12232B_Display_Page
    app_tsm.o(i.Display_Logo) refers to app_tsm.o(.data) for LogoNo
    app_tsm.o(i.Display_Logo) refers to app_tsm.o(.constdata) for Logo_LCM12232B
    app_tsm.o(i.Display_Logo) refers to app_lcm12232b.o(.bss) for Ram_LM12232B
    app_tsm.o(i.Display_Page_Saving) refers to app_lcm12232b.o(i.LCM12232B_Display_Page) for LCM12232B_Display_Page
    app_tsm.o(i.Display_Page_Saving) refers to systick.o(i.Systick_Delay_N_second) for Systick_Delay_N_second
    app_tsm.o(i.Display_Page_Saving) refers to app_tsm.o(.data) for LanguageNo
    app_tsm.o(i.Display_Page_Saving) refers to app_tsm.o(.constdata) for Page_Saving_Line1
    app_tsm.o(i.Display_Page_Saving) refers to app_lcm12232b.o(.bss) for Ram_LM12232B
    app_tsm.o(i.Display_Page_UV_Change) refers to app_lcm12232b.o(i.LCM12232B_Display_Page) for LCM12232B_Display_Page
    app_tsm.o(i.Display_Page_UV_Change) refers to app_tsm.o(.data) for LanguageNo
    app_tsm.o(i.Display_Page_UV_Change) refers to app_tsm.o(.constdata) for Page_UV_Change
    app_tsm.o(i.Display_Page_UV_Change) refers to app_lcm12232b.o(.bss) for Ram_LM12232B
    app_tsm.o(i.Display_Page_UV_Error) refers to app_lcm12232b.o(i.LCM12232B_Display_Page) for LCM12232B_Display_Page
    app_tsm.o(i.Display_Page_UV_Error) refers to app_tsm.o(.data) for LanguageNo
    app_tsm.o(i.Display_Page_UV_Error) refers to app_tsm.o(.constdata) for Page_UV_Error
    app_tsm.o(i.Display_Page_UV_Error) refers to app_lcm12232b.o(.bss) for Ram_LM12232B
    app_tsm.o(i.Display_Page_UV_Test) refers to app_lcm12232b.o(i.LCM12232B_Display_Page) for LCM12232B_Display_Page
    app_tsm.o(i.Display_Page_UV_Test) refers to app_tsm.o(.data) for LanguageNo
    app_tsm.o(i.Display_Page_UV_Test) refers to app_tsm.o(.constdata) for Page_UV_Test
    app_tsm.o(i.Display_Page_UV_Test) refers to app_lcm12232b.o(.bss) for Ram_LM12232B
    app_tsm.o(i.Display_Product_Title) refers to app_lcm12232b.o(i.LCM12232B_Display_Page) for LCM12232B_Display_Page
    app_tsm.o(i.Display_Product_Title) refers to app_tsm.o(.data) for LanguageNo
    app_tsm.o(i.Display_Product_Title) refers to app_tsm.o(.constdata) for Product_Title_LCM12232B
    app_tsm.o(i.Display_Product_Title) refers to app_lcm12232b.o(.bss) for Ram_LM12232B
    app_tsm.o(i.EXTI15_10_IRQHandler) refers to stm32f10x_exti.o(i.EXTI_GetITStatus) for EXTI_GetITStatus
    app_tsm.o(i.EXTI15_10_IRQHandler) refers to stm32f10x_exti.o(i.EXTI_ClearITPendingBit) for EXTI_ClearITPendingBit
    app_tsm.o(i.EXTI15_10_IRQHandler) refers to stm32f10x_gpio.o(i.GPIO_ReadInputDataBit) for GPIO_ReadInputDataBit
    app_tsm.o(i.EXTI15_10_IRQHandler) refers to stm32f10x_gpio.o(i.GPIO_ResetBits) for GPIO_ResetBits
    app_tsm.o(i.EXTI15_10_IRQHandler) refers to stm32f10x_gpio.o(i.GPIO_SetBits) for GPIO_SetBits
    app_tsm.o(i.EXTI15_10_IRQHandler) refers to app_tsm.o(.data) for Start_Flag
    app_tsm.o(i.Initialize_TSM) refers to stm32f10x_gpio.o(i.GPIO_ResetBits) for GPIO_ResetBits
    app_tsm.o(i.Initialize_TSM) refers to app_24lc01b.o(i.Operate_24LC01B) for Operate_24LC01B
    app_tsm.o(i.Initialize_TSM) refers to app_tsm.o(i.Display_Logo) for Display_Logo
[...]
    Removing stm32f10x_can.o(i.CAN_Sleep), (30 bytes).
    Removing stm32f10x_can.o(i.CAN_StructInit), (32 bytes).
    Removing stm32f10x_can.o(i.CAN_Transmit), (294 bytes).
    Removing stm32f10x_can.o(i.CAN_TransmitStatus), (142 bytes).
    Removing stm32f10x_can.o(i.CAN_WakeUp), (48 bytes).
    Removing stm32f10x_can.o(i.CheckITStatus), (16 bytes).
    Removing stm32f10x_cec.o(i.CEC_ClearFlag), (36 bytes).
    Removing stm32f10x_cec.o(i.CEC_ClearITPendingBit), (36 bytes).
    Removing stm32f10x_cec.o(i.CEC_Cmd), (28 bytes).
    Removing stm32f10x_cec.o(i.CEC_DeInit), (22 bytes).
    Removing stm32f10x_cec.o(i.CEC_EndOfMessageCmd), (12 bytes).
    Removing stm32f10x_cec.o(i.CEC_GetFlagStatus), (48 bytes).
    Removing stm32f10x_cec.o(i.CEC_GetITStatus), (40 bytes).
    Removing stm32f10x_cec.o(i.CEC_ITConfig), (12 bytes).
    Removing stm32f10x_cec.o(i.CEC_Init), (32 bytes).
    Removing stm32f10x_cec.o(i.CEC_OwnAddressConfig), (12 bytes).
    Removing stm32f10x_cec.o(i.CEC_ReceiveDataByte), (12 bytes).
    Removing stm32f10x_cec.o(i.CEC_SendDataByte), (12 bytes).
    Removing stm32f10x_cec.o(i.CEC_SetPrescaler), (12 bytes).
    Removing stm32f10x_cec.o(i.CEC_StartOfMessage), (12 bytes).
    Removing stm32f10x_crc.o(i.CRC_CalcBlockCRC), (36 bytes).
    Removing stm32f10x_crc.o(i.CRC_CalcCRC), (16 bytes).
    Removing stm32f10x_crc.o(i.CRC_GetCRC), (12 bytes).
    Removing stm32f10x_crc.o(i.CRC_GetIDRegister), (12 bytes).
    Removing stm32f10x_crc.o(i.CRC_ResetDR), (12 bytes).
    Removing stm32f10x_crc.o(i.CRC_SetIDRegister), (12 bytes).
    Removing stm32f10x_dac.o(i.DAC_Cmd), (40 bytes).
    Removing stm32f10x_dac.o(i.DAC_DMACmd), (44 bytes).
    Removing stm32f10x_dac.o(i.DAC_DeInit), (22 bytes).
    Removing stm32f10x_dac.o(i.DAC_DualSoftwareTriggerCmd), (36 bytes).
    Removing stm32f10x_dac.o(i.DAC_GetDataOutputValue), (36 bytes).
    Removing stm32f10x_dac.o(i.DAC_Init), (52 bytes).
    Removing stm32f10x_dac.o(i.DAC_SetChannel1Data), (32 bytes).
    Removing stm32f10x_dac.o(i.DAC_SetChannel2Data), (32 bytes).
    Removing stm32f10x_dac.o(i.DAC_SetDualChannelData), (36 bytes).
    Removing stm32f10x_dac.o(i.DAC_SoftwareTriggerCmd), (44 bytes).
    Removing stm32f10x_dac.o(i.DAC_StructInit), (12 bytes).
    Removing stm32f10x_dac.o(i.DAC_WaveGenerationCmd), (40 bytes).
    Removing stm32f10x_dbgmcu.o(i.DBGMCU_Config), (32 bytes).
    Removing stm32f10x_dbgmcu.o(i.DBGMCU_GetDEVID), (16 bytes).
    Removing stm32f10x_dbgmcu.o(i.DBGMCU_GetREVID), (12 bytes).
    Removing stm32f10x_dma.o(i.DMA_ClearFlag), (28 bytes).
    Removing stm32f10x_dma.o(i.DMA_ClearITPendingBit), (28 bytes).
    Removing stm32f10x_dma.o(i.DMA_Cmd), (24 bytes).
    Removing stm32f10x_dma.o(i.DMA_DeInit), (332 bytes).
    Removing stm32f10x_dma.o(i.DMA_GetCurrDataCounter), (8 bytes).
    Removing stm32f10x_dma.o(i.DMA_GetFlagStatus), (44 bytes).
    Removing stm32f10x_dma.o(i.DMA_GetITStatus), (44 bytes).
    Removing stm32f10x_dma.o(i.DMA_ITConfig), (18 bytes).
    Removing stm32f10x_dma.o(i.DMA_Init), (60 bytes).
    Removing stm32f10x_dma.o(i.DMA_SetCurrDataCounter), (4 bytes).
    Removing stm32f10x_dma.o(i.DMA_StructInit), (26 bytes).
    Removing stm32f10x_exti.o(i.EXTI_ClearFlag), (12 bytes).
    Removing stm32f10x_exti.o(i.EXTI_DeInit), (36 bytes).
    Removing stm32f10x_exti.o(i.EXTI_GenerateSWInterrupt), (16 bytes).
    Removing stm32f10x_exti.o(i.EXTI_GetFlagStatus), (24 bytes).
    Removing stm32f10x_exti.o(i.EXTI_StructInit), (16 bytes).
    Removing stm32f10x_fsmc.o(i.FSMC_ClearFlag), (72 bytes).
    Removing stm32f10x_fsmc.o(i.FSMC_ClearITPendingBit), (72 bytes).
    Removing stm32f10x_fsmc.o(i.FSMC_GetECC), (28 bytes).
    Removing stm32f10x_fsmc.o(i.FSMC_GetFlagStatus), (56 bytes).
    Removing stm32f10x_fsmc.o(i.FSMC_GetITStatus), (68 bytes).
    Removing stm32f10x_fsmc.o(i.FSMC_ITConfig), (136 bytes).
    Removing stm32f10x_fsmc.o(i.FSMC_NANDCmd), (92 bytes).
    Removing stm32f10x_fsmc.o(i.FSMC_NANDDeInit), (72 bytes).
    Removing stm32f10x_fsmc.o(i.FSMC_NANDECCCmd), (92 bytes).
    Removing stm32f10x_fsmc.o(i.FSMC_NANDInit), (140 bytes).
    Removing stm32f10x_fsmc.o(i.FSMC_NANDStructInit), (54 bytes).
    Removing stm32f10x_fsmc.o(i.FSMC_NORSRAMCmd), (52 bytes).
    Removing stm32f10x_fsmc.o(i.FSMC_NORSRAMDeInit), (56 bytes).
    Removing stm32f10x_fsmc.o(i.FSMC_NORSRAMInit), (224 bytes).
    Removing stm32f10x_fsmc.o(i.FSMC_NORSRAMStructInit), (114 bytes).
    Removing stm32f10x_fsmc.o(i.FSMC_PCCARDCmd), (48 bytes).
    Removing stm32f10x_fsmc.o(i.FSMC_PCCARDDeInit), (48 bytes).
    Removing stm32f10x_fsmc.o(i.FSMC_PCCARDInit), (136 bytes).
    Removing stm32f10x_fsmc.o(i.FSMC_PCCARDStructInit), (60 bytes).
    Removing stm32f10x_i2c.o(i.I2C_ARPCmd), (24 bytes).
    Removing stm32f10x_i2c.o(i.I2C_AcknowledgeConfig), (24 bytes).
    Removing stm32f10x_i2c.o(i.I2C_CalculatePEC), (24 bytes).
    Removing stm32f10x_i2c.o(i.I2C_CheckEvent), (42 bytes).
    Removing stm32f10x_i2c.o(i.I2C_ClearFlag), (12 bytes).
    Removing stm32f10x_i2c.o(i.I2C_ClearITPendingBit), (12 bytes).
    Removing stm32f10x_i2c.o(i.I2C_Cmd), (24 bytes).
    Removing stm32f10x_i2c.o(i.I2C_DMACmd), (24 bytes).
    Removing stm32f10x_i2c.o(i.I2C_DMALastTransferCmd), (24 bytes).
    Removing stm32f10x_i2c.o(i.I2C_DeInit), (56 bytes).
    Removing stm32f10x_i2c.o(i.I2C_DualAddressCmd), (24 bytes).
    Removing stm32f10x_i2c.o(i.I2C_FastModeDutyCycleConfig), (28 bytes).
    Removing stm32f10x_i2c.o(i.I2C_GeneralCallCmd), (24 bytes).
    Removing stm32f10x_i2c.o(i.I2C_GenerateSTART), (24 bytes).
    Removing stm32f10x_i2c.o(i.I2C_GenerateSTOP), (24 bytes).
    Removing stm32f10x_i2c.o(i.I2C_GetFlagStatus), (58 bytes).
    Removing stm32f10x_i2c.o(i.I2C_GetITStatus), (38 bytes).
    Removing stm32f10x_i2c.o(i.I2C_GetLastEvent), (26 bytes).
    Removing stm32f10x_i2c.o(i.I2C_GetPEC), (8 bytes).
    Removing stm32f10x_i2c.o(i.I2C_ITConfig), (18 bytes).
    Removing stm32f10x_i2c.o(i.I2C_Init), (236 bytes).
    Removing stm32f10x_i2c.o(i.I2C_OwnAddress2Config), (22 bytes).
    Removing stm32f10x_i2c.o(i.I2C_PECPositionConfig), (28 bytes).
    Removing stm32f10x_i2c.o(i.I2C_ReadRegister), (22 bytes).
    Removing stm32f10x_i2c.o(i.I2C_ReceiveData), (8 bytes).
    Removing stm32f10x_i2c.o(i.I2C_SMBusAlertConfig), (28 bytes).
    Removing stm32f10x_i2c.o(i.I2C_Send7bitAddress), (18 bytes).
    Removing stm32f10x_i2c.o(i.I2C_SendData), (4 bytes).
    Removing stm32f10x_i2c.o(i.I2C_SoftwareResetCmd), (22 bytes).
    Removing stm32f10x_i2c.o(i.I2C_StretchClockCmd), (24 bytes).
    Removing stm32f10x_i2c.o(i.I2C_StructInit), (30 bytes).
    Removing stm32f10x_i2c.o(i.I2C_TransmitPEC), (24 bytes).
    Removing stm32f10x_iwdg.o(i.IWDG_Enable), (16 bytes).
    Removing stm32f10x_iwdg.o(i.IWDG_GetFlagStatus), (24 bytes).
    Removing stm32f10x_iwdg.o(i.IWDG_ReloadCounter), (16 bytes).
    Removing stm32f10x_iwdg.o(i.IWDG_SetPrescaler), (12 bytes).
    Removing stm32f10x_iwdg.o(i.IWDG_SetReload), (12 bytes).
    Removing stm32f10x_iwdg.o(i.IWDG_WriteAccessCmd), (12 bytes).
    Removing stm32f10x_pwr.o(i.PWR_BackupAccessCmd), (12 bytes).
    Removing stm32f10x_pwr.o(i.PWR_ClearFlag), (20 bytes).
    Removing stm32f10x_pwr.o(i.PWR_DeInit), (22 bytes).
    Removing stm32f10x_pwr.o(i.PWR_EnterSTANDBYMode), (52 bytes).
    Removing stm32f10x_pwr.o(i.PWR_EnterSTOPMode), (64 bytes).
    Removing stm32f10x_pwr.o(i.PWR_GetFlagStatus), (24 bytes).
    Removing stm32f10x_pwr.o(i.PWR_PVDCmd), (12 bytes).
    Removing stm32f10x_pwr.o(i.PWR_PVDLevelConfig), (24 bytes).
    Removing stm32f10x_pwr.o(i.PWR_WakeUpPinCmd), (12 bytes).
    Removing stm32f10x_rtc.o(i.RTC_ClearFlag), (16 bytes).
    Removing stm32f10x_rtc.o(i.RTC_ClearITPendingBit), (16 bytes).
    Removing stm32f10x_rtc.o(i.RTC_EnterConfigMode), (20 bytes).
    Removing stm32f10x_rtc.o(i.RTC_ExitConfigMode), (20 bytes).
    Removing stm32f10x_rtc.o(i.RTC_GetCounter), (20 bytes).
    Removing stm32f10x_rtc.o(i.RTC_GetDivider), (24 bytes).
    Removing stm32f10x_rtc.o(i.RTC_GetFlagStatus), (24 bytes).
    Removing stm32f10x_rtc.o(i.RTC_GetITStatus), (36 bytes).
    Removing stm32f10x_rtc.o(i.RTC_ITConfig), (32 bytes).
    Removing stm32f10x_rtc.o(i.RTC_SetAlarm), (28 bytes).
    Removing stm32f10x_rtc.o(i.RTC_SetCounter), (28 bytes).
    Removing stm32f10x_rtc.o(i.RTC_SetPrescaler), (32 bytes).
    Removing stm32f10x_rtc.o(i.RTC_WaitForLastTask), (20 bytes).
    Removing stm32f10x_rtc.o(i.RTC_WaitForSynchro), (32 bytes).
    Removing stm32f10x_sdio.o(i.SDIO_CEATAITCmd), (16 bytes).
    Removing stm32f10x_sdio.o(i.SDIO_ClearFlag), (12 bytes).
    Removing stm32f10x_sdio.o(i.SDIO_ClearITPendingBit), (12 bytes).
    Removing stm32f10x_sdio.o(i.SDIO_ClockCmd), (12 bytes).
    Removing stm32f10x_sdio.o(i.SDIO_CmdStructInit), (14 bytes).
    Removing stm32f10x_sdio.o(i.SDIO_CommandCompletionCmd), (12 bytes).
    Removing stm32f10x_sdio.o(i.SDIO_DMACmd), (12 bytes).
    Removing stm32f10x_sdio.o(i.SDIO_DataConfig), (48 bytes).
    Removing stm32f10x_sdio.o(i.SDIO_DataStructInit), (20 bytes).
    Removing stm32f10x_sdio.o(i.SDIO_DeInit), (36 bytes).
    Removing stm32f10x_sdio.o(i.SDIO_GetCommandResponse), (12 bytes).
    Removing stm32f10x_sdio.o(i.SDIO_GetDataCounter), (12 bytes).
    Removing stm32f10x_sdio.o(i.SDIO_GetFIFOCount), (12 bytes).
    Removing stm32f10x_sdio.o(i.SDIO_GetFlagStatus), (24 bytes).
    Removing stm32f10x_sdio.o(i.SDIO_GetITStatus), (24 bytes).
    Removing stm32f10x_sdio.o(i.SDIO_GetPowerState), (16 bytes).
    Removing stm32f10x_sdio.o(i.SDIO_GetResponse), (24 bytes).
    Removing stm32f10x_sdio.o(i.SDIO_ITConfig), (32 bytes).
    Removing stm32f10x_sdio.o(i.SDIO_Init), (48 bytes).
    Removing stm32f10x_sdio.o(i.SDIO_ReadData), (12 bytes).
    Removing stm32f10x_sdio.o(i.SDIO_SendCEATACmd), (12 bytes).
    Removing stm32f10x_sdio.o(i.SDIO_SendCommand), (44 bytes).
    Removing stm32f10x_sdio.o(i.SDIO_SendSDIOSuspendCmd), (12 bytes).
    Removing stm32f10x_sdio.o(i.SDIO_SetPowerState), (28 bytes).
    Removing stm32f10x_sdio.o(i.SDIO_SetSDIOOperation), (12 bytes).
    Removing stm32f10x_sdio.o(i.SDIO_SetSDIOReadWaitMode), (12 bytes).
    Removing stm32f10x_sdio.o(i.SDIO_StartSDIOReadWait), (12 bytes).
    Removing stm32f10x_sdio.o(i.SDIO_StopSDIOReadWait), (12 bytes).
    Removing stm32f10x_sdio.o(i.SDIO_StructInit), (16 bytes).
    Removing stm32f10x_sdio.o(i.SDIO_WriteData), (12 bytes).
    Removing stm32f10x_spi.o(i.I2S_Cmd), (24 bytes).
    Removing stm32f10x_spi.o(i.I2S_Init), (232 bytes).
    Removing stm32f10x_spi.o(i.I2S_StructInit), (20 bytes).
    Removing stm32f10x_spi.o(i.SPI_BiDirectionalLineConfig), (28 bytes).
    Removing stm32f10x_spi.o(i.SPI_CalculateCRC), (24 bytes).
    Removing stm32f10x_spi.o(i.SPI_Cmd), (24 bytes).
    Removing stm32f10x_spi.o(i.SPI_DataSizeConfig), (18 bytes).
    Removing stm32f10x_spi.o(i.SPI_GetCRC), (16 bytes).
    Removing stm32f10x_spi.o(i.SPI_GetCRCPolynomial), (6 bytes).
    Removing stm32f10x_spi.o(i.SPI_I2S_ClearFlag), (6 bytes).
    Removing stm32f10x_spi.o(i.SPI_I2S_ClearITPendingBit), (20 bytes).
    Removing stm32f10x_spi.o(i.SPI_I2S_DMACmd), (18 bytes).
    Removing stm32f10x_spi.o(i.SPI_I2S_DeInit), (88 bytes).
    Removing stm32f10x_spi.o(i.SPI_I2S_GetFlagStatus), (18 bytes).
    Removing stm32f10x_spi.o(i.SPI_I2S_GetITStatus), (52 bytes).
    Removing stm32f10x_spi.o(i.SPI_I2S_ITConfig), (32 bytes).
    Removing stm32f10x_spi.o(i.SPI_I2S_ReceiveData), (6 bytes).
    Removing stm32f10x_spi.o(i.SPI_I2S_SendData), (4 bytes).
    Removing stm32f10x_spi.o(i.SPI_Init), (60 bytes).
    Removing stm32f10x_spi.o(i.SPI_NSSInternalSoftwareConfig), (30 bytes).
    Removing stm32f10x_spi.o(i.SPI_SSOutputCmd), (24 bytes).
    Removing stm32f10x_spi.o(i.SPI_StructInit), (24 bytes).
    Removing stm32f10x_spi.o(i.SPI_TransmitCRC), (10 bytes).
    Removing stm32f10x_tim.o(i.TI1_Config), (128 bytes).
    Removing stm32f10x_tim.o(i.TI2_Config), (152 bytes).
    Removing stm32f10x_tim.o(i.TI3_Config), (144 bytes).
    Removing stm32f10x_tim.o(i.TI4_Config), (152 bytes).
    Removing stm32f10x_tim.o(i.TIM_ARRPreloadConfig), (24 bytes).
    Removing stm32f10x_tim.o(i.TIM_BDTRConfig), (32 bytes).
    Removing stm32f10x_tim.o(i.TIM_BDTRStructInit), (18 bytes).
    Removing stm32f10x_tim.o(i.TIM_CCPreloadControl), (24 bytes).
    Removing stm32f10x_tim.o(i.TIM_CCxCmd), (30 bytes).
    Removing stm32f10x_tim.o(i.TIM_CCxNCmd), (30 bytes).
    Removing stm32f10x_tim.o(i.TIM_ClearFlag), (6 bytes).
    Removing stm32f10x_tim.o(i.TIM_ClearITPendingBit), (6 bytes).
    Removing stm32f10x_tim.o(i.TIM_ClearOC1Ref), (18 bytes).
    Removing stm32f10x_tim.o(i.TIM_ClearOC2Ref), (24 bytes).
    Removing stm32f10x_tim.o(i.TIM_ClearOC3Ref), (18 bytes).
    Removing stm32f10x_tim.o(i.TIM_ClearOC4Ref), (24 bytes).
    Removing stm32f10x_tim.o(i.TIM_Cmd), (24 bytes).
    Removing stm32f10x_tim.o(i.TIM_CounterModeConfig), (18 bytes).
    Removing stm32f10x_tim.o(i.TIM_CtrlPWMOutputs), (30 bytes).
    Removing stm32f10x_tim.o(i.TIM_DMACmd), (18 bytes).
    Removing stm32f10x_tim.o(i.TIM_DMAConfig), (10 bytes).
    Removing stm32f10x_tim.o(i.TIM_DeInit), (488 bytes).
    Removing stm32f10x_tim.o(i.TIM_ETRClockMode1Config), (54 bytes).
    Removing stm32f10x_tim.o(i.TIM_ETRClockMode2Config), (32 bytes).
    Removing stm32f10x_tim.o(i.TIM_ETRConfig), (28 bytes).
    Removing stm32f10x_tim.o(i.TIM_EncoderInterfaceConfig), (66 bytes).
    Removing stm32f10x_tim.o(i.TIM_ForcedOC1Config), (18 bytes).
    Removing stm32f10x_tim.o(i.TIM_ForcedOC2Config), (26 bytes).
    Removing stm32f10x_tim.o(i.TIM_ForcedOC3Config), (18 bytes).
    Removing stm32f10x_tim.o(i.TIM_ForcedOC4Config), (26 bytes).
    Removing stm32f10x_tim.o(i.TIM_GenerateEvent), (4 bytes).
    Removing stm32f10x_tim.o(i.TIM_GetCapture1), (6 bytes).
    Removing stm32f10x_tim.o(i.TIM_GetCapture2), (6 bytes).
    Removing stm32f10x_tim.o(i.TIM_GetCapture3), (6 bytes).
    Removing stm32f10x_tim.o(i.TIM_GetCapture4), (8 bytes).
    Removing stm32f10x_tim.o(i.TIM_GetCounter), (6 bytes).
    Removing stm32f10x_tim.o(i.TIM_GetFlagStatus), (18 bytes).
    Removing stm32f10x_tim.o(i.TIM_GetITStatus), (34 bytes).
    Removing stm32f10x_tim.o(i.TIM_GetPrescaler), (6 bytes).
    Removing stm32f10x_tim.o(i.TIM_ICInit), (172 bytes).
    Removing stm32f10x_tim.o(i.TIM_ICStructInit), (18 bytes).
    Removing stm32f10x_tim.o(i.TIM_ITConfig), (18 bytes).
    Removing stm32f10x_tim.o(i.TIM_ITRxExternalClockConfig), (24 bytes).
    Removing stm32f10x_tim.o(i.TIM_InternalClockConfig), (12 bytes).
    Removing stm32f10x_tim.o(i.TIM_OC1FastConfig), (18 bytes).
    Removing stm32f10x_tim.o(i.TIM_OC1Init), (152 bytes).
    Removing stm32f10x_tim.o(i.TIM_OC1NPolarityConfig), (18 bytes).
    Removing stm32f10x_tim.o(i.TIM_OC1PolarityConfig), (18 bytes).
    Removing stm32f10x_tim.o(i.TIM_OC1PreloadConfig), (18 bytes).
    Removing stm32f10x_tim.o(i.TIM_OC2FastConfig), (26 bytes).
    Removing stm32f10x_tim.o(i.TIM_OC2Init), (164 bytes).
    Removing stm32f10x_tim.o(i.TIM_OC2NPolarityConfig), (26 bytes).
    Removing stm32f10x_tim.o(i.TIM_OC2PolarityConfig), (26 bytes).
    Removing stm32f10x_tim.o(i.TIM_OC2PreloadConfig), (26 bytes).
    Removing stm32f10x_tim.o(i.TIM_OC3FastConfig), (18 bytes).
    Removing stm32f10x_tim.o(i.TIM_OC3Init), (160 bytes).
    Removing stm32f10x_tim.o(i.TIM_OC3NPolarityConfig), (26 bytes).
    Removing stm32f10x_tim.o(i.TIM_OC3PolarityConfig), (26 bytes).
    Removing stm32f10x_tim.o(i.TIM_OC3PreloadConfig), (18 bytes).
    Removing stm32f10x_tim.o(i.TIM_OC4FastConfig), (26 bytes).
    Removing stm32f10x_tim.o(i.TIM_OC4Init), (124 bytes).
    Removing stm32f10x_tim.o(i.TIM_OC4PolarityConfig), (26 bytes).
    Removing stm32f10x_tim.o(i.TIM_OC4PreloadConfig), (26 bytes).
    Removing stm32f10x_tim.o(i.TIM_OCStructInit), (20 bytes).
    Removing stm32f10x_tim.o(i.TIM_PWMIConfig), (124 bytes).
    Removing stm32f10x_tim.o(i.TIM_PrescalerConfig), (6 bytes).
    Removing stm32f10x_tim.o(i.TIM_SelectCCDMA), (24 bytes).
    Removing stm32f10x_tim.o(i.TIM_SelectCOM), (24 bytes).
    Removing stm32f10x_tim.o(i.TIM_SelectHallSensor), (24 bytes).
    Removing stm32f10x_tim.o(i.TIM_SelectInputTrigger), (18 bytes).
    Removing stm32f10x_tim.o(i.TIM_SelectMasterSlaveMode), (18 bytes).
    Removing stm32f10x_tim.o(i.TIM_SelectOCxM), (82 bytes).
    Removing stm32f10x_tim.o(i.TIM_SelectOnePulseMode), (18 bytes).
    Removing stm32f10x_tim.o(i.TIM_SelectOutputTrigger), (18 bytes).
    Removing stm32f10x_tim.o(i.TIM_SelectSlaveMode), (18 bytes).
    Removing stm32f10x_tim.o(i.TIM_SetAutoreload), (4 bytes).
    Removing stm32f10x_tim.o(i.TIM_SetClockDivision), (18 bytes).
    Removing stm32f10x_tim.o(i.TIM_SetCompare1), (4 bytes).
    Removing stm32f10x_tim.o(i.TIM_SetCompare2), (4 bytes).
    Removing stm32f10x_tim.o(i.TIM_SetCompare3), (4 bytes).
    Removing stm32f10x_tim.o(i.TIM_SetCompare4), (6 bytes).
    Removing stm32f10x_tim.o(i.TIM_SetCounter), (4 bytes).
    Removing stm32f10x_tim.o(i.TIM_SetIC1Prescaler), (18 bytes).
    Removing stm32f10x_tim.o(i.TIM_SetIC2Prescaler), (26 bytes).
    Removing stm32f10x_tim.o(i.TIM_SetIC3Prescaler), (18 bytes).
    Removing stm32f10x_tim.o(i.TIM_SetIC4Prescaler), (26 bytes).
    Removing stm32f10x_tim.o(i.TIM_TIxExternalClockConfig), (62 bytes).
    Removing stm32f10x_tim.o(i.TIM_TimeBaseInit), (164 bytes).
    Removing stm32f10x_tim.o(i.TIM_TimeBaseStructInit), (18 bytes).
    Removing stm32f10x_tim.o(i.TIM_UpdateDisableConfig), (24 bytes).
    Removing stm32f10x_tim.o(i.TIM_UpdateRequestConfig), (24 bytes).
    Removing stm32f10x_usart.o(i.USART_ClearFlag), (18 bytes).
    Removing stm32f10x_usart.o(i.USART_ClearITPendingBit), (30 bytes).
    Removing stm32f10x_usart.o(i.USART_ClockInit), (34 bytes).
    Removing stm32f10x_usart.o(i.USART_ClockStructInit), (12 bytes).
    Removing stm32f10x_usart.o(i.USART_Cmd), (24 bytes).
    Removing stm32f10x_usart.o(i.USART_DMACmd), (18 bytes).
    Removing stm32f10x_usart.o(i.USART_DeInit), (156 bytes).
    Removing stm32f10x_usart.o(i.USART_GetFlagStatus), (26 bytes).
    Removing stm32f10x_usart.o(i.USART_GetITStatus), (84 bytes).
    Removing stm32f10x_usart.o(i.USART_HalfDuplexCmd), (24 bytes).
    Removing stm32f10x_usart.o(i.USART_ITConfig), (74 bytes).
    Removing stm32f10x_usart.o(i.USART_Init), (216 bytes).
    Removing stm32f10x_usart.o(i.USART_IrDACmd), (24 bytes).
    Removing stm32f10x_usart.o(i.USART_IrDAConfig), (18 bytes).
    Removing stm32f10x_usart.o(i.USART_LINBreakDetectLengthConfig), (18 bytes).
    Removing stm32f10x_usart.o(i.USART_LINCmd), (24 bytes).
    Removing stm32f10x_usart.o(i.USART_OneBitMethodCmd), (24 bytes).
    Removing stm32f10x_usart.o(i.USART_OverSampling8Cmd), (22 bytes).
    Removing stm32f10x_usart.o(i.USART_ReceiveData), (10 bytes).
    Removing stm32f10x_usart.o(i.USART_ReceiverWakeUpCmd), (24 bytes).
    Removing stm32f10x_usart.o(i.USART_SendBreak), (10 bytes).
    Removing stm32f10x_usart.o(i.USART_SendData), (8 bytes).
    Removing stm32f10x_usart.o(i.USART_SetAddress), (18 bytes).
    Removing stm32f10x_usart.o(i.USART_SetGuardTime), (16 bytes).
    Removing stm32f10x_usart.o(i.USART_SetPrescaler), (16 bytes).
    Removing stm32f10x_usart.o(i.USART_SmartCardCmd), (24 bytes).
    Removing stm32f10x_usart.o(i.USART_SmartCardNACKCmd), (24 bytes).
    Removing stm32f10x_usart.o(i.USART_StructInit), (24 bytes).
    Removing stm32f10x_usart.o(i.USART_WakeUpConfig), (18 bytes).
    Removing stm32f10x_wwdg.o(i.WWDG_ClearFlag), (12 bytes).
    Removing stm32f10x_wwdg.o(i.WWDG_DeInit), (22 bytes).
    Removing stm32f10x_wwdg.o(i.WWDG_Enable), (16 bytes).
    Removing stm32f10x_wwdg.o(i.WWDG_EnableIT), (12 bytes).
    Removing stm32f10x_wwdg.o(i.WWDG_GetFlagStatus), (12 bytes).
    Removing stm32f10x_wwdg.o(i.WWDG_SetCounter), (16 bytes).
    Removing stm32f10x_wwdg.o(i.WWDG_SetPrescaler), (24 bytes).
    Removing stm32f10x_wwdg.o(i.WWDG_SetWindowValue), (40 bytes).
    Removing core_cm3.o(.emb_text), (32 bytes).
    Removing system_stm32f10x.o(i.SystemCoreClockUpdate), (164 bytes).
    Removing system_stm32f10x.o(.data), (20 bytes).
    Removing startup_stm32f10x_hd.o(HEAP), (512 bytes).
    Removing stm32f10x_systick.o(i.SysTick_GetCounter), (8 bytes).
    Removing stm32f10x_systick.o(i.SysTick_ITConfig), (38 bytes).
    Removing app_pcf8563.o(i.Start_PCF8563), (14 bytes).
    Removing app_pcf8563.o(i.Stop_PCF8563), (14 bytes).
    Removing app_lcm12232b.o(i.LCM12232B_Loading_Line), (64 bytes).
    Removing app_lcm12232b.o(i.LCM12232B_Loading_Page), (56 bytes).
    Removing app_led.o(i.Operate_LED), (20 bytes).
    Removing app_led.o(.data), (1 bytes).
    Removing cdcmple.o(.text), (40 bytes).

465 unused section(s) (total 18969 bytes) removed from the image.

==============================================================================

Image Symbol Table

    Local Symbols

    Symbol Name                              Value     Ov Type        Size  Object(Section)

    ../clib/microlib/errno.c                 0x00000000   Number         0  errno.o ABSOLUTE
    ../clib/microlib/init/entry.s            0x00000000   Number         0  entry10b.o ABSOLUTE
    ../clib/microlib/init/entry.s            0x00000000   Number         0  entry2.o ABSOLUTE
    ../clib/microlib/init/entry.s            0x00000000   Number         0  entry5.o ABSOLUTE
    ../clib/microlib/init/entry.s            0x00000000   Number         0  entry7a.o ABSOLUTE
    ../clib/microlib/init/entry.s            0x00000000   Number         0  entry7b.o ABSOLUTE
    ../clib/microlib/init/entry.s            0x00000000   Number         0  entry8a.o ABSOLUTE
    ../clib/microlib/init/entry.s            0x00000000   Number         0  entry8b.o ABSOLUTE
    ../clib/microlib/init/entry.s            0x00000000   Number         0  entry9a.o ABSOLUTE
    ../clib/microlib/init/entry.s            0x00000000   Number         0  entry9b.o ABSOLUTE
    ../clib/microlib/init/entry.s            0x00000000   Number         0  entry.o ABSOLUTE
    ../clib/microlib/init/entry.s            0x00000000   Number         0  entry10a.o ABSOLUTE
    ../clib/microlib/init/entry.s            0x00000000   Number         0  entry11b.o ABSOLUTE
    ../clib/microlib/init/entry.s            0x00000000   Number         0  entry11a.o ABSOLUTE
    ../clib/microlib/longlong.c              0x00000000   Number         0  llsshr.o ABSOLUTE
    ../clib/microlib/longlong.c              0x00000000   Number         0  llshl.o ABSOLUTE
    ../clib/microlib/longlong.c              0x00000000   Number         0  llushr.o ABSOLUTE
    ../clib/microlib/stubs.s                 0x00000000   Number         0  iusefp.o ABSOLUTE
    ../fplib/microlib/fpadd.c                0x00000000   Number         0  dadd.o ABSOLUTE
    ../fplib/microlib/fpdiv.c                0x00000000   Number         0  ddiv.o ABSOLUTE
    ../fplib/microlib/fpepilogue.c           0x00000000   Number         0  depilogue.o ABSOLUTE
    ../fplib/microlib/fpfix.c                0x00000000   Number         0  dfixi.o ABSOLUTE
    ../fplib/microlib/fpflt.c                0x00000000   Number         0  dflti.o ABSOLUTE
    ../fplib/microlib/fpmul.c                0x00000000   Number         0  dmul.o ABSOLUTE
    ../fplib/microlib/fpscalb.c              0x00000000   Number         0  dscalb.o ABSOLUTE
    ../fplib/microlib/fpsqrt.c               0x00000000   Number         0  dsqrt.o ABSOLUTE
    ../mathlib/dunder.c                      0x00000000   Number         0  dunder.o ABSOLUTE
    ../mathlib/fpclassify.c                  0x00000000   Number         0  fpclassify.o ABSOLUTE
    ../mathlib/poly.c                        0x00000000   Number         0  poly.o ABSOLUTE
    ../mathlib/pow.c                         0x00000000   Number         0  pow_x.o ABSOLUTE
    ../mathlib/pow.c                         0x00000000   Number         0  pow.o ABSOLUTE
    ../mathlib/qnan.c                        0x00000000   Number         0  qnan.o ABSOLUTE
    ../mathlib/sqrt.c                        0x00000000   Number         0  sqrt_x.o ABSOLUTE
    ../mathlib/sqrt.c                        0x00000000   Number         0  sqrt.o ABSOLUTE
    ..\Libraries\CMSIS\CM3\CoreSupport\core_cm3.c 0x00000000   Number         0  core_cm3.o ABSOLUTE
    ..\Libraries\CMSIS\CM3\DeviceSupport\ST\STM32F10x\startup\arm\startup_stm32f10x_hd.s 0x00000000   Number         0  startup_stm32f10x_hd.o ABSOLUTE
    ..\Libraries\STM32F10x_StdPeriph_Driver\src\misc.c 0x00000000   Number         0  misc.o ABSOLUTE
    ..\Libraries\STM32F10x_StdPeriph_Driver\src\stm32f10x_adc.c 0x00000000   Number         0  stm32f10x_adc.o ABSOLUTE
    ..\Libraries\STM32F10x_StdPeriph_Driver\src\stm32f10x_bkp.c 0x00000000   Number         0  stm32f10x_bkp.o ABSOLUTE
    ..\Libraries\STM32F10x_StdPeriph_Driver\src\stm32f10x_can.c 0x00000000   Number         0  stm32f10x_can.o ABSOLUTE
    ..\Libraries\STM32F10x_StdPeriph_Driver\src\stm32f10x_cec.c 0x00000000   Number         0  stm32f10x_cec.o ABSOLUTE
    ..\Libraries\STM32F10x_StdPeriph_Driver\src\stm32f10x_crc.c 0x00000000   Number         0  stm32f10x_crc.o ABSOLUTE
    ..\Libraries\STM32F10x_StdPeriph_Driver\src\stm32f10x_dac.c 0x00000000   Number         0  stm32f10x_dac.o ABSOLUTE
    ..\Libraries\STM32F10x_StdPeriph_Driver\src\stm32f10x_dbgmcu.c 0x00000000   Number         0  stm32f10x_dbgmcu.o ABSOLUTE
    ..\Libraries\STM32F10x_StdPeriph_Driver\src\stm32f10x_dma.c 0x00000000   Number         0  stm32f10x_dma.o ABSOLUTE
    ..\Libraries\STM32F10x_StdPeriph_Driver\src\stm32f10x_exti.c 0x00000000   Number         0  stm32f10x_exti.o ABSOLUTE
    ..\Libraries\STM32F10x_StdPeriph_Driver\src\stm32f10x_flash.c 0x00000000   Number         0  stm32f10x_flash.o ABSOLUTE
    ..\Libraries\STM32F10x_StdPeriph_Driver\src\stm32f10x_fsmc.c 0x00000000   Number         0  stm32f10x_fsmc.o ABSOLUTE
    ..\Libraries\STM32F10x_StdPeriph_Driver\src\stm32f10x_gpio.c 0x00000000   Number         0  stm32f10x_gpio.o ABSOLUTE
    ..\Libraries\STM32F10x_StdPeriph_Driver\src\stm32f10x_i2c.c 0x00000000   Number         0  stm32f10x_i2c.o ABSOLUTE
    ..\Libraries\STM32F10x_StdPeriph_Driver\src\stm32f10x_iwdg.c 0x00000000   Number         0  stm32f10x_iwdg.o ABSOLUTE
    ..\Libraries\STM32F10x_StdPeriph_Driver\src\stm32f10x_pwr.c 0x00000000   Number         0  stm32f10x_pwr.o ABSOLUTE
    ..\Libraries\STM32F10x_StdPeriph_Driver\src\stm32f10x_rcc.c 0x00000000   Number         0  stm32f10x_rcc.o ABSOLUTE
    ..\Libraries\STM32F10x_StdPeriph_Driver\src\stm32f10x_rtc.c 0x00000000   Number         0  stm32f10x_rtc.o ABSOLUTE
    ..\Libraries\STM32F10x_StdPeriph_Driver\src\stm32f10x_sdio.c 0x00000000   Number         0  stm32f10x_sdio.o ABSOLUTE
    ..\Libraries\STM32F10x_StdPeriph_Driver\src\stm32f10x_spi.c 0x00000000   Number         0  stm32f10x_spi.o ABSOLUTE
    ..\Libraries\STM32F10x_StdPeriph_Driver\src\stm32f10x_tim.c 0x00000000   Number         0  stm32f10x_tim.o ABSOLUTE
    ..\Libraries\STM32F10x_StdPeriph_Driver\src\stm32f10x_usart.c 0x00000000   Number         0  stm32f10x_usart.o ABSOLUTE
    ..\Libraries\STM32F10x_StdPeriph_Driver\src\stm32f10x_wwdg.c 0x00000000   Number         0  stm32f10x_wwdg.o ABSOLUTE
    ..\USER\24LC01B\APP_24LC01B.c            0x00000000   Number         0  app_24lc01b.o ABSOLUTE
    ..\USER\APP_CodeConversion.c             0x00000000   Number         0  app_codeconversion.o ABSOLUTE
    ..\USER\APP_TSM.c                        0x00000000   Number         0  app_tsm.o ABSOLUTE
    ..\USER\GT21L16S2W\APP_GT21L16S2W.c      0x00000000   Number         0  app_gt21l16s2w.o ABSOLUTE
    ..\USER\LCM12232B\APP_LCM12232B.c        0x00000000   Number         0  app_lcm12232b.o ABSOLUTE
    ..\USER\PCF8563\APP_PCF8563.c            0x00000000   Number         0  app_pcf8563.o ABSOLUTE
    ..\USER\Peripheral\APP_DI.c              0x00000000   Number         0  app_di.o ABSOLUTE
    ..\USER\Peripheral\APP_DO.c              0x00000000   Number         0  app_do.o ABSOLUTE
    ..\USER\Peripheral\APP_Key.c             0x00000000   Number         0  app_key.o ABSOLUTE
    ..\USER\Peripheral\APP_LED.c             0x00000000   Number         0  app_led.o ABSOLUTE
    ..\USER\SN74ALVC164245\APP_SN74ALVC164245.c 0x00000000   Number         0  app_sn74alvc164245.o ABSOLUTE
    ..\USER\SysTick\stm32f10x_systick.c      0x00000000   Number         0  stm32f10x_systick.o ABSOLUTE
    ..\USER\SysTick\systick.c                0x00000000   Number         0  systick.o ABSOLUTE
    ..\USER\main.c                           0x00000000   Number         0  main.o ABSOLUTE
    ..\USER\stm32f10x_it.c                   0x00000000   Number         0  stm32f10x_it.o ABSOLUTE
    ..\USER\system_stm32f10x.c               0x00000000   Number         0  system_stm32f10x.o ABSOLUTE
    ..\\Libraries\\CMSIS\\CM3\\CoreSupport\\core_cm3.c 0x00000000   Number         0  core_cm3.o ABSOLUTE
    cdcmple.s                                0x00000000   Number         0  cdcmple.o ABSOLUTE
    cdrcmple.s                               0x00000000   Number         0  cdrcmple.o ABSOLUTE
    dc.s                                     0x00000000   Number         0  dc.o ABSOLUTE
    handlers.s                               0x00000000   Number         0  handlers.o ABSOLUTE
    init.s                                   0x00000000   Number         0  init.o ABSOLUTE
    RESET                                    0x08000000   Section      304  startup_stm32f10x_hd.o(RESET)
    .ARM.Collect$$$$00000000                 0x08000130   Section        0  entry.o(.ARM.Collect$$$$00000000)
    .ARM.Collect$$$$00000001                 0x08000130   Section        4  entry2.o(.ARM.Collect$$$$00000001)
    .ARM.Collect$$$$00000004                 0x08000134   Section        4  entry5.o(.ARM.Collect$$$$00000004)
    .ARM.Collect$$$$00000008                 0x08000138   Section        0  entry7b.o(.ARM.Collect$$$$00000008)
    .ARM.Collect$$$$0000000A                 0x08000138   Section        0  entry8b.o(.ARM.Collect$$$$0000000A)
    .ARM.Collect$$$$0000000B                 0x08000138   Section        8  entry9a.o(.ARM.Collect$$$$0000000B)
    .ARM.Collect$$$$0000000D                 0x08000140   Section        0  entry10a.o(.ARM.Collect$$$$0000000D)
    .ARM.Collect$$$$0000000F                 0x08000140   Section        0  entry11a.o(.ARM.Collect$$$$0000000F)
    .ARM.Collect$$$$00002712                 0x08000140   Section        4  entry2.o(.ARM.Collect$$$$00002712)
    __lit__00000000                          0x08000140   Data           4  entry2.o(.ARM.Collect$$$$00002712)
    .text                                    0x08000144   Section       36  startup_stm32f10x_hd.o(.text)
    .text                                    0x08000168   Section        0  dadd.o(.text)
    .text                                    0x080002b6   Section        0  dflti.o(.text)
    .text                                    0x080002d8   Section        0  dfixi.o(.text)
    .text                                    0x08000316   Section        0  llshl.o(.text)
    .text                                    0x08000334   Section        0  llushr.o(.text)
    .text                                    0x08000354   Section        0  llsshr.o(.text)
    .text                                    0x08000378   Section        0  iusefp.o(.text)
    .text                                    0x08000378   Section        0  depilogue.o(.text)
    .text                                    0x08000436   Section        0  dmul.o(.text)
    .text                                    0x0800051a   Section        0  ddiv.o(.text)
    .text                                    0x080005f8   Section        0  dscalb.o(.text)
    .text                                    0x08000628   Section       40  cdrcmple.o(.text)
    .text                                    0x08000650   Section       36  init.o(.text)
    .text                                    0x08000674   Section        0  dsqrt.o(.text)
    i.BusFault_Handler                       0x08000716   Section        0  stm32f10x_it.o(i.BusFault_Handler)
    i.Configure_24LC01B                      0x0800071c   Section        0  app_24lc01b.o(i.Configure_24LC01B)
    i.Configure_DI                           0x08000764   Section        0  app_di.o(i.Configure_DI)
    i.Configure_DO                           0x08000790   Section        0  app_do.o(i.Configure_DO)
    i.Configure_GT21L16S2W                   0x080007bc   Section        0  app_gt21l16s2w.o(i.Configure_GT21L16S2W)
    i.Configure_Key                          0x08000800   Section        0  app_key.o(i.Configure_Key)
    i.Configure_LED                          0x0800082c   Section        0  app_led.o(i.Configure_LED)
    i.Configure_PCF8563                      0x08000858   Section        0  app_pcf8563.o(i.Configure_PCF8563)
    i.Configure_SN74ALVC164245               0x08000910   Section        0  app_sn74alvc164245.o(i.Configure_SN74ALVC164245)
    i.DebugMon_Handler                       0x080009d0   Section        0  stm32f10x_it.o(i.DebugMon_Handler)
    i.Display_Logo                           0x080009d4   Section        0  app_tsm.o(i.Display_Logo)
    i.Display_Page_Saving                    0x08000a34   Section        0  app_tsm.o(i.Display_Page_Saving)
    i.Display_Page_UV_Change                 0x08000af8   Section        0  app_tsm.o(i.Display_Page_UV_Change)
    i.Display_Page_UV_Error                  0x08000b5c   Section        0  app_tsm.o(i.Display_Page_UV_Error)
    i.Display_Page_UV_Test                   0x08000bc0   Section        0  app_tsm.o(i.Display_Page_UV_Test)
    i.Display_Product_Title                  0x08000c24   Section        0  app_tsm.o(i.Display_Product_Title)
    i.EXTI15_10_IRQHandler                   0x08000c88   Section        0  app_tsm.o(i.EXTI15_10_IRQHandler)
    i.EXTI_ClearITPendingBit                 0x08000e2c   Section        0  stm32f10x_exti.o(i.EXTI_ClearITPendingBit)
    i.EXTI_GetITStatus                       0x08000e38   Section        0  stm32f10x_exti.o(i.EXTI_GetITStatus)
    i.EXTI_Init                              0x08000e60   Section        0  stm32f10x_exti.o(i.EXTI_Init)
    i.GPIO_EXTILineConfig                    0x08000ef4   Section        0  stm32f10x_gpio.o(i.GPIO_EXTILineConfig)
    i.GPIO_Init                              0x08000f34   Section        0  stm32f10x_gpio.o(i.GPIO_Init)
    i.GPIO_ReadInputData                     0x08001046   Section        0  stm32f10x_gpio.o(i.GPIO_ReadInputData)
    i.GPIO_ReadInputDataBit                  0x0800104e   Section        0  stm32f10x_gpio.o(i.GPIO_ReadInputDataBit)
    i.GPIO_ReadOutputData                    0x08001060   Section        0  stm32f10x_gpio.o(i.GPIO_ReadOutputData)
    i.GPIO_ResetBits                         0x08001068   Section        0  stm32f10x_gpio.o(i.GPIO_ResetBits)
    i.GPIO_SetBits                           0x0800106c   Section        0  stm32f10x_gpio.o(i.GPIO_SetBits)
    i.GPIO_Write                             0x08001070   Section        0  stm32f10x_gpio.o(i.GPIO_Write)
    i.HardFault_Handler                      0x08001074   Section        0  stm32f10x_it.o(i.HardFault_Handler)
    i.I2C_Acknowledge_24LC01B                0x08001078   Section        0  app_24lc01b.o(i.I2C_Acknowledge_24LC01B)
    i.I2C_Acknowledge_PCF8563                0x080010f0   Section        0  app_pcf8563.o(i.I2C_Acknowledge_PCF8563)
    i.I2C_RD_24LC01B                         0x0800115c   Section        0  app_24lc01b.o(i.I2C_RD_24LC01B)
    i.I2C_RD_PCF8563                         0x080011e0   Section        0  app_pcf8563.o(i.I2C_RD_PCF8563)
    i.I2C_SD_24LC01B                         0x08001258   Section        0  app_24lc01b.o(i.I2C_SD_24LC01B)
    i.I2C_SD_PCF8563                         0x080012c4   Section        0  app_pcf8563.o(i.I2C_SD_PCF8563)
    i.I2C_Start_24LC01B                      0x08001328   Section        0  app_24lc01b.o(i.I2C_Start_24LC01B)
    i.I2C_Start_PCF8563                      0x08001360   Section        0  app_pcf8563.o(i.I2C_Start_PCF8563)
    i.I2C_Stop_24LC01B                       0x08001394   Section        0  app_24lc01b.o(i.I2C_Stop_24LC01B)
    i.I2C_Stop_PCF8563                       0x080013cc   Section        0  app_pcf8563.o(i.I2C_Stop_PCF8563)
    i.Initialize_24LC01B                     0x08001400   Section        0  app_24lc01b.o(i.Initialize_24LC01B)
    i.Initialize_DI                          0x08001430   Section        0  app_di.o(i.Initialize_DI)
    i.Initialize_DO                          0x08001440   Section        0  app_do.o(i.Initialize_DO)
    i.Initialize_GT21L16S2W                  0x08001468   Section        0  app_gt21l16s2w.o(i.Initialize_GT21L16S2W)
    i.Initialize_Key                         0x0800148c   Section        0  app_key.o(i.Initialize_Key)
    i.Initialize_LCM12232B                   0x0800149c   Section        0  app_lcm12232b.o(i.Initialize_LCM12232B)
    i.Initialize_LED                         0x0800150c   Section        0  app_led.o(i.Initialize_LED)
    i.Initialize_PCF8563                     0x08001540   Section        0  app_pcf8563.o(i.Initialize_PCF8563)
    i.Initialize_SN74ALVC164245              0x08001576   Section        0  app_sn74alvc164245.o(i.Initialize_SN74ALVC164245)
    i.Initialize_TSM                         0x08001584   Section        0  app_tsm.o(i.Initialize_TSM)
    i.LCM12232B_CLS                          0x08001788   Section        0  app_lcm12232b.o(i.LCM12232B_CLS)
    i.LCM12232B_Display_Page                 0x080017a0   Section        0  app_lcm12232b.o(i.LCM12232B_Display_Page)
    i.LCM12232B_Loading_Word                 0x08001808   Section        0  app_lcm12232b.o(i.LCM12232B_Loading_Word)
    i.LCM12232B_Write_Command_Left           0x080018e0   Section        0  app_lcm12232b.o(i.LCM12232B_Write_Command_Left)
    i.LCM12232B_Write_Command_Right          0x080019a0   Section        0  app_lcm12232b.o(i.LCM12232B_Write_Command_Right)
    i.LCM12232B_Write_Data_Left              0x08001a60   Section        0  app_lcm12232b.o(i.LCM12232B_Write_Data_Left)
    i.LCM12232B_Write_Data_Right             0x08001b20   Section        0  app_lcm12232b.o(i.LCM12232B_Write_Data_Right)
    i.Loading_Page_1                         0x08001be0   Section        0  app_tsm.o(i.Loading_Page_1)
    i.Loading_Page_2                         0x08001eb0   Section        0  app_tsm.o(i.Loading_Page_2)
    i.Loading_Page_2_1                       0x08001fdc   Section        0  app_tsm.o(i.Loading_Page_2_1)
    i.Loading_Page_2_2                       0x080020f4   Section        0  app_tsm.o(i.Loading_Page_2_2)
    i.Loading_Page_2_3                       0x0800282c   Section        0  app_tsm.o(i.Loading_Page_2_3)
    i.Loading_Page_2_4                       0x08002aa8   Section        0  app_tsm.o(i.Loading_Page_2_4)
    i.MemManage_Handler                      0x08002cc0   Section        0  stm32f10x_it.o(i.MemManage_Handler)
    i.NMI_Handler                            0x08002cc4   Section        0  stm32f10x_it.o(i.NMI_Handler)
    i.NVIC_Init                              0x08002cc8   Section        0  misc.o(i.NVIC_Init)
    i.NVIC_PriorityGroupConfig               0x08002d3c   Section        0  misc.o(i.NVIC_PriorityGroupConfig)
    i.Operate_24LC01B                        0x08002d50   Section        0  app_24lc01b.o(i.Operate_24LC01B)
    i.Operate_PCF8563                        0x08002da0   Section        0  app_pcf8563.o(i.Operate_PCF8563)
    i.Page_1                                 0x08002dcc   Section        0  app_tsm.o(i.Page_1)
    i.Page_2                                 0x08002e60   Section        0  app_tsm.o(i.Page_2)
    i.Page_2_1                               0x08002f40   Section        0  app_tsm.o(i.Page_2_1)
    i.Page_2_2                               0x08002fe0   Section        0  app_tsm.o(i.Page_2_2)
    i.Page_2_3                               0x0800366c   Section        0  app_tsm.o(i.Page_2_3)
    i.Page_2_4                               0x080037c4   Section        0  app_tsm.o(i.Page_2_4)
    i.PendSV_Handler                         0x08003920   Section        0  stm32f10x_it.o(i.PendSV_Handler)
    i.RCC_APB2PeriphClockCmd                 0x08003924   Section        0  stm32f10x_rcc.o(i.RCC_APB2PeriphClockCmd)
    i.RCC_GetClocksFreq                      0x08003944   Section        0  stm32f10x_rcc.o(i.RCC_GetClocksFreq)
    i.RD_GT21L16S2W                          0x08003a18   Section        0  app_gt21l16s2w.o(i.RD_GT21L16S2W)
    i.Read_24LC01B                           0x08003a58   Section        0  app_24lc01b.o(i.Read_24LC01B)
    i.Read_GB2312_11X12_GT21L16S2W           0x08003aa0   Section        0  app_gt21l16s2w.o(i.Read_GB2312_11X12_GT21L16S2W)
    i.Read_GB2312_6X12_GT21L16S2W            0x08003c30   Section        0  app_gt21l16s2w.o(i.Read_GB2312_6X12_GT21L16S2W)
    i.Read_Key                               0x08003d98   Section        0  app_key.o(i.Read_Key)
    i.Read_PCF8563                           0x08003de0   Section        0  app_pcf8563.o(i.Read_PCF8563)
    i.Refresh_Page                           0x08003e28   Section        0  app_tsm.o(i.Refresh_Page)
    i.SD_GT21L16S2W                          0x08004070   Section        0  app_gt21l16s2w.o(i.SD_GT21L16S2W)
    i.SVC_Handler                            0x080040b4   Section        0  stm32f10x_it.o(i.SVC_Handler)
    i.SetSysClock                            0x080040b6   Section        0  system_stm32f10x.o(i.SetSysClock)
    SetSysClock                              0x080040b7   Thumb Code     8  system_stm32f10x.o(i.SetSysClock)
    i.SetSysClockTo72                        0x080040c0   Section        0  system_stm32f10x.o(i.SetSysClockTo72)
    SetSysClockTo72                          0x080040c1   Thumb Code   212  system_stm32f10x.o(i.SetSysClockTo72)
    i.SysTick_CLKSourceConfig                0x0800419c   Section        0  misc.o(i.SysTick_CLKSourceConfig)
    i.SysTick_CounterCmd                     0x080041c4   Section        0  stm32f10x_systick.o(i.SysTick_CounterCmd)
    i.SysTick_GetFlagStatus                  0x080041fa   Section        0  stm32f10x_systick.o(i.SysTick_GetFlagStatus)
    i.SysTick_Handler                        0x08004228   Section        0  stm32f10x_it.o(i.SysTick_Handler)
    i.SysTick_SetReload                      0x0800422a   Section        0  stm32f10x_systick.o(i.SysTick_SetReload)
    i.SystemInit                             0x08004234   Section        0  system_stm32f10x.o(i.SystemInit)
    i.System_Start                           0x08004294   Section        0  main.o(i.System_Start)
    i.Systick_Delay_N_microsecond            0x080042a4   Section        0  systick.o(i.Systick_Delay_N_microsecond)
    i.Systick_Delay_N_millisecond            0x080042dc   Section        0  systick.o(i.Systick_Delay_N_millisecond)
    i.Systick_Delay_N_second                 0x080042f6   Section        0  systick.o(i.Systick_Delay_N_second)
    i.Systick_Initialization                 0x08004310   Section        0  systick.o(i.Systick_Initialization)
    i.UsageFault_Handler                     0x08004338   Section        0  stm32f10x_it.o(i.UsageFault_Handler)
    i.Write_24LC01B                          0x0800433c   Section        0  app_24lc01b.o(i.Write_24LC01B)
    i.Write_PCF8563                          0x0800437e   Section        0  app_pcf8563.o(i.Write_PCF8563)
    i.__ARM_fpclassify                       0x080043b6   Section        0  fpclassify.o(i.__ARM_fpclassify)
    i.__kernel_poly                          0x080043de   Section        0  poly.o(i.__kernel_poly)
    i.__mathlib_dbl_underflow                0x08004488   Section        0  dunder.o(i.__mathlib_dbl_underflow)
    i.__scatterload_copy                     0x08004498   Section       14  handlers.o(i.__scatterload_copy)
    i.__scatterload_null                     0x080044a6   Section        2  handlers.o(i.__scatterload_null)
    i.__scatterload_zeroinit                 0x080044a8   Section       14  handlers.o(i.__scatterload_zeroinit)
    i.__set_errno                            0x080044b8   Section        0  errno.o(i.__set_errno)
    i.main                                   0x080044c4   Section        0  main.o(i.main)
    i.pow                                    0x08004510   Section        0  pow.o(i.pow)
    i.sqrt                                   0x08004ef0   Section        0  sqrt.o(i.sqrt)
    .constdata                               0x08004f3c   Section    12688  app_tsm.o(.constdata)
    .constdata                               0x080080d0   Section      136  pow.o(.constdata)
    bp                                       0x080080d0   Data          16  pow.o(.constdata)
    dp_h                                     0x080080e0   Data          16  pow.o(.constdata)
    dp_l                                     0x080080f0   Data          16  pow.o(.constdata)
    L                                        0x08008100   Data          48  pow.o(.constdata)
    P                                        0x08008130   Data          40  pow.o(.constdata)
    .constdata                               0x08008158   Section        8  qnan.o(.constdata)
    .data                                    0x20000000   Section       27  app_tsm.o(.data)
    .data                                    0x2000001b   Section       20  stm32f10x_rcc.o(.data)
    APBAHBPrescTable                         0x2000001b   Data          16  stm32f10x_rcc.o(.data)
    ADCPrescTable                            0x2000002b   Data           4  stm32f10x_rcc.o(.data)
    .data                                    0x20000030   Section        2  systick.o(.data)
    a_microsecond                            0x20000030   Data           2  systick.o(.data)
    .data                                    0x20000032   Section        1  app_pcf8563.o(.data)
    .data                                    0x20000033   Section        1  app_24lc01b.o(.data)
    .data                                    0x20000034   Section        4  errno.o(.data)
    _errno                                   0x20000034   Data           4  errno.o(.data)
    .bss                                     0x20000038   Section       34  app_gt21l16s2w.o(.bss)
    .bss                                     0x2000005a   Section      488  app_lcm12232b.o(.bss)
    STACK                                    0x20000248   Section     1024  startup_stm32f10x_hd.o(STACK)

    Global Symbols

    Symbol Name                              Value     Ov Type        Size  Object(Section)

    BuildAttributes$$THM_ISAv4$P$D$K$B$S$PE$A:L22UL41UL21$X:L11$S22US41US21$IEEE1$IW$USESV6$~STKCKD$USESV7$~SHL$OTIME$ROPI$IEEEX$EBA8$MICROLIB$REQ8$PRES8$EABIv2 0x00000000   Number         0  anon$$obj.o ABSOLUTE
    __ARM_use_no_argv                        0x00000000   Number         0  main.o ABSOLUTE
    __cpp_initialize__aeabi_                  - Undefined Weak Reference
    __cxa_finalize                            - Undefined Weak Reference
    __decompress                              - Undefined Weak Reference
    _clock_init                               - Undefined Weak Reference
    _microlib_exit                            - Undefined Weak Reference
    __Vectors_Size                           0x00000130   Number         0  startup_stm32f10x_hd.o ABSOLUTE
    __Vectors                                0x08000000   Data           4  startup_stm32f10x_hd.o(RESET)
    __Vectors_End                            0x08000130   Data           0  startup_stm32f10x_hd.o(RESET)
    __main                                   0x08000131   Thumb Code     0  entry.o(.ARM.Collect$$$$00000000)
    _main_stk                                0x08000131   Thumb Code     0  entry2.o(.ARM.Collect$$$$00000001)
    _main_scatterload                        0x08000135   Thumb Code     0  entry5.o(.ARM.Collect$$$$00000004)
    __main_after_scatterload                 0x08000139   Thumb Code     0  entry5.o(.ARM.Collect$$$$00000004)
    _main_clock                              0x08000139   Thumb Code     0  entry7b.o(.ARM.Collect$$$$00000008)
    _main_cpp_init                           0x08000139   Thumb Code     0  entry8b.o(.ARM.Collect$$$$0000000A)
    _main_init                               0x08000139   Thumb Code     0  entry9a.o(.ARM.Collect$$$$0000000B)
    __rt_final_cpp                           0x08000141   Thumb Code     0  entry10a.o(.ARM.Collect$$$$0000000D)
    __rt_final_exit                          0x08000141   Thumb Code     0  entry11a.o(.ARM.Collect$$$$0000000F)
    Reset_Handler                            0x08000145   Thumb Code     8  startup_stm32f10x_hd.o(.text)
    ADC1_2_IRQHandler                        0x0800015f   Thumb Code     0  startup_stm32f10x_hd.o(.text)
    ADC3_IRQHandler                          0x0800015f   Thumb Code     0  startup_stm32f10x_hd.o(.text)
    CAN1_RX1_IRQHandler                      0x0800015f   Thumb Code     0  startup_stm32f10x_hd.o(.text)
    CAN1_SCE_IRQHandler                      0x0800015f   Thumb Code     0  startup_stm32f10x_hd.o(.text)
    DMA1_Channel1_IRQHandler                 0x0800015f   Thumb Code     0  startup_stm32f10x_hd.o(.text)
    DMA1_Channel2_IRQHandler                 0x0800015f   Thumb Code     0  startup_stm32f10x_hd.o(.text)
    DMA1_Channel3_IRQHandler                 0x0800015f   Thumb Code     0  startup_stm32f10x_hd.o(.text)
    DMA1_Channel4_IRQHandler                 0x0800015f   Thumb Code     0  startup_stm32f10x_hd.o(.text)
    DMA1_Channel5_IRQHandler                 0x0800015f   Thumb Code     0  startup_stm32f10x_hd.o(.text)
    DMA1_Channel6_IRQHandler                 0x0800015f   Thumb Code     0  startup_stm32f10x_hd.o(.text)
    DMA1_Channel7_IRQHandler                 0x0800015f   Thumb Code     0  startup_stm32f10x_hd.o(.text)
    DMA2_Channel1_IRQHandler                 0x0800015f   Thumb Code     0  startup_stm32f10x_hd.o(.text)
    DMA2_Channel2_IRQHandler                 0x0800015f   Thumb Code     0  startup_stm32f10x_hd.o(.text)
    DMA2_Channel3_IRQHandler                 0x0800015f   Thumb Code     0  startup_stm32f10x_hd.o(.text)
    DMA2_Channel4_5_IRQHandler               0x0800015f   Thumb Code     0  startup_stm32f10x_hd.o(.text)
    EXTI0_IRQHandler                         0x0800015f   Thumb Code     0  startup_stm32f10x_hd.o(.text)
    EXTI1_IRQHandler                         0x0800015f   Thumb Code     0  startup_stm32f10x_hd.o(.text)
    EXTI2_IRQHandler                         0x0800015f   Thumb Code     0  startup_stm32f10x_hd.o(.text)
    EXTI3_IRQHandler                         0x0800015f   Thumb Code     0  startup_stm32f10x_hd.o(.text)
    EXTI4_IRQHandler                         0x0800015f   Thumb Code     0  startup_stm32f10x_hd.o(.text)
    EXTI9_5_IRQHandler                       0x0800015f   Thumb Code     0  startup_stm32f10x_hd.o(.text)
    FLASH_IRQHandler                         0x0800015f   Thumb Code     0  startup_stm32f10x_hd.o(.text)
    FSMC_IRQHandler                          0x0800015f   Thumb Code     0  startup_stm32f10x_hd.o(.text)
    I2C1_ER_IRQHandler                       0x0800015f   Thumb Code     0  startup_stm32f10x_hd.o(.text)
    I2C1_EV_IRQHandler                       0x0800015f   Thumb Code     0  startup_stm32f10x_hd.o(.text)
    I2C2_ER_IRQHandler                       0x0800015f   Thumb Code     0  startup_stm32f10x_hd.o(.text)
    I2C2_EV_IRQHandler                       0x0800015f   Thumb Code     0  startup_stm32f10x_hd.o(.text)
    PVD_IRQHandler                           0x0800015f   Thumb Code     0  startup_stm32f10x_hd.o(.text)
    RCC_IRQHandler                           0x0800015f   Thumb Code     0  startup_stm32f10x_hd.o(.text)
    RTCAlarm_IRQHandler                      0x0800015f   Thumb Code     0  startup_stm32f10x_hd.o(.text)
    RTC_IRQHandler                           0x0800015f   Thumb Code     0  startup_stm32f10x_hd.o(.text)
    SDIO_IRQHandler                          0x0800015f   Thumb Code     0  startup_stm32f10x_hd.o(.text)
    SPI1_IRQHandler                          0x0800015f   Thumb Code     0  startup_stm32f10x_hd.o(.text)
    SPI2_IRQHandler                          0x0800015f   Thumb Code     0  startup_stm32f10x_hd.o(.text)
    SPI3_IRQHandler                          0x0800015f   Thumb Code     0  startup_stm32f10x_hd.o(.text)
    TAMPER_IRQHandler                        0x0800015f   Thumb Code     0  startup_stm32f10x_hd.o(.text)
    TIM1_BRK_IRQHandler                      0x0800015f   Thumb Code     0  startup_stm32f10x_hd.o(.text)
    TIM1_CC_IRQHandler                       0x0800015f   Thumb Code     0  startup_stm32f10x_hd.o(.text)
    TIM1_TRG_COM_IRQHandler                  0x0800015f   Thumb Code     0  startup_stm32f10x_hd.o(.text)
    TIM1_UP_IRQHandler                       0x0800015f   Thumb Code     0  startup_stm32f10x_hd.o(.text)
    TIM2_IRQHandler                          0x0800015f   Thumb Code     0  startup_stm32f10x_hd.o(.text)
    TIM3_IRQHandler                          0x0800015f   Thumb Code     0  startup_stm32f10x_hd.o(.text)
    TIM4_IRQHandler                          0x0800015f   Thumb Code     0  startup_stm32f10x_hd.o(.text)
    TIM5_IRQHandler                          0x0800015f   Thumb Code     0  startup_stm32f10x_hd.o(.text)
    TIM6_IRQHandler                          0x0800015f   Thumb Code     0  startup_stm32f10x_hd.o(.text)
    TIM7_IRQHandler                          0x0800015f   Thumb Code     0  startup_stm32f10x_hd.o(.text)
    TIM8_BRK_IRQHandler                      0x0800015f   Thumb Code     0  startup_stm32f10x_hd.o(.text)
    TIM8_CC_IRQHandler                       0x0800015f   Thumb Code     0  startup_stm32f10x_hd.o(.text)
    TIM8_TRG_COM_IRQHandler                  0x0800015f   Thumb Code     0  startup_stm32f10x_hd.o(.text)
    TIM8_UP_IRQHandler                       0x0800015f   Thumb Code     0  startup_stm32f10x_hd.o(.text)
    UART4_IRQHandler                         0x0800015f   Thumb Code     0  startup_stm32f10x_hd.o(.text)
    UART5_IRQHandler                         0x0800015f   Thumb Code     0  startup_stm32f10x_hd.o(.text)
    USART1_IRQHandler                        0x0800015f   Thumb Code     0  startup_stm32f10x_hd.o(.text)
    USART2_IRQHandler                        0x0800015f   Thumb Code     0  startup_stm32f10x_hd.o(.text)
    USART3_IRQHandler                        0x0800015f   Thumb Code     0  startup_stm32f10x_hd.o(.text)
    USBWakeUp_IRQHandler                     0x0800015f   Thumb Code     0  startup_stm32f10x_hd.o(.text)
    USB_HP_CAN1_TX_IRQHandler                0x0800015f   Thumb Code     0  startup_stm32f10x_hd.o(.text)
    USB_LP_CAN1_RX0_IRQHandler               0x0800015f   Thumb Code     0  startup_stm32f10x_hd.o(.text)
    WWDG_IRQHandler                          0x0800015f   Thumb Code     0  startup_stm32f10x_hd.o(.text)
    __aeabi_dadd                             0x08000169   Thumb Code   322  dadd.o(.text)
    __aeabi_dsub                             0x080002ab   Thumb Code     6  dadd.o(.text)
    __aeabi_drsub                            0x080002b1   Thumb Code     6  dadd.o(.text)
    __aeabi_i2d                              0x080002b7   Thumb Code    34  dflti.o(.text)
    __aeabi_d2iz                             0x080002d9   Thumb Code    62  dfixi.o(.text)
    __aeabi_llsl                             0x08000317   Thumb Code    30  llshl.o(.text)
    _ll_shift_l                              0x08000317   Thumb Code     0  llshl.o(.text)
    __aeabi_llsr                             0x08000335   Thumb Code    32  llushr.o(.text)
    _ll_ushift_r                             0x08000335   Thumb Code     0  llushr.o(.text)
    __aeabi_lasr                             0x08000355   Thumb Code    36  llsshr.o(.text)
    _ll_sshift_r                             0x08000355   Thumb Code     0  llsshr.o(.text)
    __I$use$fp                               0x08000379   Thumb Code     0  iusefp.o(.text)
    _double_round                            0x08000379   Thumb Code    26  depilogue.o(.text)
    _double_epilogue                         0x08000393   Thumb Code   164  depilogue.o(.text)
    __aeabi_dmul                             0x08000437   Thumb Code   228  dmul.o(.text)
    __aeabi_ddiv                             0x0800051b   Thumb Code   222  ddiv.o(.text)
    __ARM_scalbn                             0x080005f9   Thumb Code    46  dscalb.o(.text)
    scalbn                                   0x080005f9   Thumb Code     0  dscalb.o(.text)
    __aeabi_cdrcmple                         0x08000629   Thumb Code    38  cdrcmple.o(.text)
    __scatterload                            0x08000651   Thumb Code    28  init.o(.text)
    __scatterload_rt2                        0x08000651   Thumb Code     0  init.o(.text)
    _dsqrt                                   0x08000675   Thumb Code   162  dsqrt.o(.text)
    BusFault_Handler                         0x08000717   Thumb Code     4  stm32f10x_it.o(i.BusFault_Handler)
    Configure_24LC01B                        0x0800071d   Thumb Code    68  app_24lc01b.o(i.Configure_24LC01B)
    Configure_DI                             0x08000765   Thumb Code    40  app_di.o(i.Configure_DI)
    Configure_DO                             0x08000791   Thumb Code    40  app_do.o(i.Configure_DO)
    Configure_GT21L16S2W                     0x080007bd   Thumb Code    64  app_gt21l16s2w.o(i.Configure_GT21L16S2W)
    Configure_Key                            0x08000801   Thumb Code    40  app_key.o(i.Configure_Key)
    Configure_LED                            0x0800082d   Thumb Code    38  app_led.o(i.Configure_LED)
    Configure_PCF8563                        0x08000859   Thumb Code   174  app_pcf8563.o(i.Configure_PCF8563)
    Configure_SN74ALVC164245                 0x08000911   Thumb Code   174  app_sn74alvc164245.o(i.Configure_SN74ALVC164245)
    DebugMon_Handler                         0x080009d1   Thumb Code     2  stm32f10x_it.o(i.DebugMon_Handler)
    Display_Logo                             0x080009d5   Thumb Code    84  app_tsm.o(i.Display_Logo)
    Display_Page_Saving                      0x08000a35   Thumb Code   178  app_tsm.o(i.Display_Page_Saving)
    Display_Page_UV_Change                   0x08000af9   Thumb Code    86  app_tsm.o(i.Display_Page_UV_Change)
    Display_Page_UV_Error                    0x08000b5d   Thumb Code    86  app_tsm.o(i.Display_Page_UV_Error)
    Display_Page_UV_Test                     0x08000bc1   Thumb Code    86  app_tsm.o(i.Display_Page_UV_Test)
    Display_Product_Title                    0x08000c25   Thumb Code    86  app_tsm.o(i.Display_Product_Title)
    EXTI15_10_IRQHandler                     0x08000c89   Thumb Code   366  app_tsm.o(i.EXTI15_10_IRQHandler)
    EXTI_ClearITPendingBit                   0x08000e2d   Thumb Code     6  stm32f10x_exti.o(i.EXTI_ClearITPendingBit)
    EXTI_GetITStatus                         0x08000e39   Thumb Code    34  stm32f10x_exti.o(i.EXTI_GetITStatus)
    EXTI_Init                                0x08000e61   Thumb Code   142  stm32f10x_exti.o(i.EXTI_Init)
    GPIO_EXTILineConfig                      0x08000ef5   Thumb Code    60  stm32f10x_gpio.o(i.GPIO_EXTILineConfig)
    GPIO_Init                                0x08000f35   Thumb Code   274  stm32f10x_gpio.o(i.GPIO_Init)
    GPIO_ReadInputData                       0x08001047   Thumb Code     8  stm32f10x_gpio.o(i.GPIO_ReadInputData)
    GPIO_ReadInputDataBit                    0x0800104f   Thumb Code    18  stm32f10x_gpio.o(i.GPIO_ReadInputDataBit)
    GPIO_ReadOutputData                      0x08001061   Thumb Code     8  stm32f10x_gpio.o(i.GPIO_ReadOutputData)
    GPIO_ResetBits                           0x08001069   Thumb Code     4  stm32f10x_gpio.o(i.GPIO_ResetBits)
    GPIO_SetBits                             0x0800106d   Thumb Code     4  stm32f10x_gpio.o(i.GPIO_SetBits)
    GPIO_Write                               0x08001071   Thumb Code     4  stm32f10x_gpio.o(i.GPIO_Write)
    HardFault_Handler                        0x08001075   Thumb Code     4  stm32f10x_it.o(i.HardFault_Handler)
    I2C_Acknowledge_24LC01B                  0x08001079   Thumb Code   114  app_24lc01b.o(i.I2C_Acknowledge_24LC01B)
    I2C_Acknowledge_PCF8563                  0x080010f1   Thumb Code   102  app_pcf8563.o(i.I2C_Acknowledge_PCF8563)
    I2C_RD_24LC01B                           0x0800115d   Thumb Code   126  app_24lc01b.o(i.I2C_RD_24LC01B)
    I2C_RD_PCF8563                           0x080011e1   Thumb Code   114  app_pcf8563.o(i.I2C_RD_PCF8563)
    I2C_SD_24LC01B                           0x08001259   Thumb Code   104  app_24lc01b.o(i.I2C_SD_24LC01B)
    I2C_SD_PCF8563                           0x080012c5   Thumb Code    96  app_pcf8563.o(i.I2C_SD_PCF8563)
    I2C_Start_24LC01B                        0x08001329   Thumb Code    52  app_24lc01b.o(i.I2C_Start_24LC01B)
    I2C_Start_PCF8563                        0x08001361   Thumb Code    46  app_pcf8563.o(i.I2C_Start_PCF8563)
    I2C_Stop_24LC01B                         0x08001395   Thumb Code    52  app_24lc01b.o(i.I2C_Stop_24LC01B)
    I2C_Stop_PCF8563                         0x080013cd   Thumb Code    46  app_pcf8563.o(i.I2C_Stop_PCF8563)
    Initialize_24LC01B                       0x08001401   Thumb Code    44  app_24lc01b.o(i.Initialize_24LC01B)
    Initialize_DI                            0x08001431   Thumb Code    14  app_di.o(i.Initialize_DI)
    Initialize_DO                            0x08001441   Thumb Code    34  app_do.o(i.Initialize_DO)
    Initialize_GT21L16S2W                    0x08001469   Thumb Code    30  app_gt21l16s2w.o(i.Initialize_GT21L16S2W)
    Initialize_Key                           0x0800148d   Thumb Code    14  app_key.o(i.Initialize_Key)
    Initialize_LCM12232B                     0x0800149d   Thumb Code    98  app_lcm12232b.o(i.Initialize_LCM12232B)
    Initialize_LED                           0x0800150d   Thumb Code    46  app_led.o(i.Initialize_LED)
    Initialize_PCF8563                       0x08001541   Thumb Code    54  app_pcf8563.o(i.Initialize_PCF8563)
    Initialize_SN74ALVC164245                0x08001577   Thumb Code    14  app_sn74alvc164245.o(i.Initialize_SN74ALVC164245)
    Initialize_TSM                           0x08001585   Thumb Code   448  app_tsm.o(i.Initialize_TSM)
    LCM12232B_CLS                            0x08001789   Thumb Code    20  app_lcm12232b.o(i.LCM12232B_CLS)
    LCM12232B_Display_Page                   0x080017a1   Thumb Code    98  app_lcm12232b.o(i.LCM12232B_Display_Page)
    LCM12232B_Loading_Word                   0x08001809   Thumb Code   204  app_lcm12232b.o(i.LCM12232B_Loading_Word)
    LCM12232B_Write_Command_Left             0x080018e1   Thumb Code   184  app_lcm12232b.o(i.LCM12232B_Write_Command_Left)
    LCM12232B_Write_Command_Right            0x080019a1   Thumb Code   184  app_lcm12232b.o(i.LCM12232B_Write_Command_Right)
    LCM12232B_Write_Data_Left                0x08001a61   Thumb Code   184  app_lcm12232b.o(i.LCM12232B_Write_Data_Left)
    LCM12232B_Write_Data_Right               0x08001b21   Thumb Code   184  app_lcm12232b.o(i.LCM12232B_Write_Data_Right)
    Loading_Page_1                           0x08001be1   Thumb Code   692  app_tsm.o(i.Loading_Page_1)
    Loading_Page_2                           0x08001eb1   Thumb Code   276  app_tsm.o(i.Loading_Page_2)
    Loading_Page_2_1                         0x08001fdd   Thumb Code   258  app_tsm.o(i.Loading_Page_2_1)
    Loading_Page_2_2                         0x080020f5   Thumb Code  1824  app_tsm.o(i.Loading_Page_2_2)
    Loading_Page_2_3                         0x0800282d   Thumb Code   600  app_tsm.o(i.Loading_Page_2_3)
    Loading_Page_2_4                         0x08002aa9   Thumb Code   512  app_tsm.o(i.Loading_Page_2_4)
    MemManage_Handler                        0x08002cc1   Thumb Code     4  stm32f10x_it.o(i.MemManage_Handler)
    NMI_Handler                              0x08002cc5   Thumb Code     2  stm32f10x_it.o(i.NMI_Handler)
    NVIC_Init                                0x08002cc9   Thumb Code   102  misc.o(i.NVIC_Init)
    NVIC_PriorityGroupConfig                 0x08002d3d   Thumb Code    10  misc.o(i.NVIC_PriorityGroupConfig)
    Operate_24LC01B                          0x08002d51   Thumb Code    74  app_24lc01b.o(i.Operate_24LC01B)
    Operate_PCF8563                          0x08002da1   Thumb Code    42  app_pcf8563.o(i.Operate_PCF8563)
    Page_1                                   0x08002dcd   Thumb Code   128  app_tsm.o(i.Page_1)
    Page_2                                   0x08002e61   Thumb Code   210  app_tsm.o(i.Page_2)
    Page_2_1                                 0x08002f41   Thumb Code   150  app_tsm.o(i.Page_2_1)
    Page_2_2                                 0x08002fe1   Thumb Code  1640  app_tsm.o(i.Page_2_2)
    Page_2_3                                 0x0800366d   Thumb Code   324  app_tsm.o(i.Page_2_3)
    Page_2_4                                 0x080037c5   Thumb Code   330  app_tsm.o(i.Page_2_4)
    PendSV_Handler                           0x08003921   Thumb Code     2  stm32f10x_it.o(i.PendSV_Handler)
    RCC_APB2PeriphClockCmd                   0x08003925   Thumb Code    26  stm32f10x_rcc.o(i.RCC_APB2PeriphClockCmd)
    RCC_GetClocksFreq                        0x08003945   Thumb Code   192  stm32f10x_rcc.o(i.RCC_GetClocksFreq)
    RD_GT21L16S2W                            0x08003a19   Thumb Code    60  app_gt21l16s2w.o(i.RD_GT21L16S2W)
    Read_24LC01B                             0x08003a59   Thumb Code    66  app_24lc01b.o(i.Read_24LC01B)
    Read_GB2312_11X12_GT21L16S2W             0x08003aa1   Thumb Code   386  app_gt21l16s2w.o(i.Read_GB2312_11X12_GT21L16S2W)
    Read_GB2312_6X12_GT21L16S2W              0x08003c31   Thumb Code   346  app_gt21l16s2w.o(i.Read_GB2312_6X12_GT21L16S2W)
    Read_Key                                 0x08003d99   Thumb Code    68  app_key.o(i.Read_Key)
    Read_PCF8563                             0x08003de1   Thumb Code    66  app_pcf8563.o(i.Read_PCF8563)
    Refresh_Page                             0x08003e29   Thumb Code   524  app_tsm.o(i.Refresh_Page)
    SD_GT21L16S2W                            0x08004071   Thumb Code    64  app_gt21l16s2w.o(i.SD_GT21L16S2W)
    SVC_Handler                              0x080040b5   Thumb Code     2  stm32f10x_it.o(i.SVC_Handler)
    SysTick_CLKSourceConfig                  0x0800419d   Thumb Code    40  misc.o(i.SysTick_CLKSourceConfig)
    SysTick_CounterCmd                       0x080041c5   Thumb Code    54  stm32f10x_systick.o(i.SysTick_CounterCmd)
    SysTick_GetFlagStatus                    0x080041fb   Thumb Code    46  stm32f10x_systick.o(i.SysTick_GetFlagStatus)
    SysTick_Handler                          0x08004229   Thumb Code     2  stm32f10x_it.o(i.SysTick_Handler)
    SysTick_SetReload                        0x0800422b   Thumb Code     8  stm32f10x_systick.o(i.SysTick_SetReload)
    SystemInit                               0x08004235   Thumb Code    78  system_stm32f10x.o(i.SystemInit)
    System_Start                             0x08004295   Thumb Code    14  main.o(i.System_Start)
    Systick_Delay_N_microsecond              0x080042a5   Thumb Code    50  systick.o(i.Systick_Delay_N_microsecond)
    Systick_Delay_N_millisecond              0x080042dd   Thumb Code    26  systick.o(i.Systick_Delay_N_millisecond)
    Systick_Delay_N_second                   0x080042f7   Thumb Code    26  systick.o(i.Systick_Delay_N_second)
    Systick_Initialization                   0x08004311   Thumb Code    32  systick.o(i.Systick_Initialization)
    UsageFault_Handler                       0x08004339   Thumb Code     4  stm32f10x_it.o(i.UsageFault_Handler)
    Write_24LC01B                            0x0800433d   Thumb Code    66  app_24lc01b.o(i.Write_24LC01B)
    Write_PCF8563                            0x0800437f   Thumb Code    56  app_pcf8563.o(i.Write_PCF8563)
    __ARM_fpclassify                         0x080043b7   Thumb Code    40  fpclassify.o(i.__ARM_fpclassify)
    __kernel_poly                            0x080043df   Thumb Code   170  poly.o(i.__kernel_poly)
    __mathlib_dbl_underflow                  0x08004489   Thumb Code    10  dunder.o(i.__mathlib_dbl_underflow)
    __scatterload_copy                       0x08004499   Thumb Code    14  handlers.o(i.__scatterload_copy)
    __scatterload_null                       0x080044a7   Thumb Code     2  handlers.o(i.__scatterload_null)
    __scatterload_zeroinit                   0x080044a9   Thumb Code    14  handlers.o(i.__scatterload_zeroinit)
    __set_errno                              0x080044b9   Thumb Code     6  errno.o(i.__set_errno)
    main                                     0x080044c5   Thumb Code    76  main.o(i.main)
    pow                                      0x08004511   Thumb Code  2510  pow.o(i.pow)
    sqrt                                     0x08004ef1   Thumb Code    76  sqrt.o(i.sqrt)
    ArrowUp_and_ArrowDown                    0x08004f3c   Data         488  app_tsm.o(.constdata)
    Logo_LCM12232B                           0x08005124   Data         488  app_tsm.o(.constdata)
    Product_Title_LCM12232B                  0x0800530c   Data         976  app_tsm.o(.constdata)
    Page_1_Line2                             0x080056dc   Data         976  app_tsm.o(.constdata)
    Page_2_Line1                             0x08005aac   Data         488  app_tsm.o(.constdata)
    Page_2_Line2                             0x08005c94   Data        1952  app_tsm.o(.constdata)
    Page_2_1_Line1                           0x08006434   Data         488  app_tsm.o(.constdata)
    Page_2_1_Line2                           0x0800661c   Data         488  app_tsm.o(.constdata)
    Page_2_2_Line1                           0x08006804   Data         488  app_tsm.o(.constdata)
    Page_2_2_Line2                           0x080069ec   Data         488  app_tsm.o(.constdata)
    Page_2_3_Line1                           0x08006bd4   Data         488  app_tsm.o(.constdata)
    Page_2_3_Line2                           0x08006dbc   Data         488  app_tsm.o(.constdata)
    Page_2_4_Line1                           0x08006fa4   Data         488  app_tsm.o(.constdata)
    Page_2_4_Line2                           0x0800718c   Data         488  app_tsm.o(.constdata)
    UV_Status                                0x08007374   Data         976  app_tsm.o(.constdata)
    Page_Saving_Line1                        0x08007744   Data         488  app_tsm.o(.constdata)
    Page_Saving_Line2                        0x0800792c   Data         488  app_tsm.o(.constdata)
    Page_UV_Test                             0x08007b14   Data         488  app_tsm.o(.constdata)
    Page_UV_Change                           0x08007cfc   Data         488  app_tsm.o(.constdata)
    Page_UV_Error                            0x08007ee4   Data         488  app_tsm.o(.constdata)
    __mathlib_zero                           0x08008158   Data           8  qnan.o(.constdata)
    Region$$Table$$Base                      0x08008160   Number         0  anon$$obj.o(Region$$Table)
    Region$$Table$$Limit                     0x08008180   Number         0  anon$$obj.o(Region$$Table)
    Start_Flag                               0x20000000   Data           1  app_tsm.o(.data)
    Test_Flag                                0x20000001   Data           1  app_tsm.o(.data)
    Timer                                    0x20000002   Data           1  app_tsm.o(.data)
    Test_Timer                               0x20000003   Data           1  app_tsm.o(.data)
    PageNo                                   0x20000004   Data           1  app_tsm.o(.data)
    Page_2No                                 0x20000005   Data           1  app_tsm.o(.data)
    RefreshDisplayPageNo                     0x20000006   Data           1  app_tsm.o(.data)
    LogoNo                                   0x20000007   Data           1  app_tsm.o(.data)
    LanguageNo                               0x20000008   Data           1  app_tsm.o(.data)
    UVStatusNo                               0x20000009   Data           1  app_tsm.o(.data)
    BitNo                                    0x2000000a   Data           1  app_tsm.o(.data)
    UV_Life                                  0x2000000c   Data           4  app_tsm.o(.data)
    UV_Used_Time                             0x20000010   Data           4  app_tsm.o(.data)
    UV_Loop_Time                             0x20000014   Data           1  app_tsm.o(.data)
    Value_Hour                               0x20000015   Data           1  app_tsm.o(.data)
    Value_Minute                             0x20000016   Data           1  app_tsm.o(.data)
    Value_Second                             0x20000017   Data           1  app_tsm.o(.data)
    Value_Year                               0x20000018   Data           1  app_tsm.o(.data)
    Value_Month                              0x20000019   Data           1  app_tsm.o(.data)
    Value_Day                                0x2000001a   Data           1  app_tsm.o(.data)
    RAM_PCF8563                              0x20000032   Data           1  app_pcf8563.o(.data)
    RAM_24LC01B                              0x20000033   Data           1  app_24lc01b.o(.data)
    Ram_6X12_GT21L16S2W                      0x20000038   Data          12  app_gt21l16s2w.o(.bss)
    Ram_11X12_GT21L16S2W                     0x20000044   Data          22  app_gt21l16s2w.o(.bss)
    Ram_LM12232B                             0x2000005a   Data         488  app_lcm12232b.o(.bss)
    __initial_sp                             0x20000648   Data           0  startup_stm32f10x_hd.o(STACK)



==============================================================================

Memory Map of the image

  Image Entry point : 0x08000131

  Load Region LR_IROM1 (Base: 0x08000000, Size: 0x000081b8, Max: 0x00080000, ABSOLUTE)

    Execution Region ER_IROM1 (Base: 0x08000000, Size: 0x00008180, Max: 0x00080000, ABSOLUTE)

    Base Addr    Size         Type   Attr      Idx    E Section Name        Object

    0x08000000   0x00000130   Data   RO         3358    RESET               startup_stm32f10x_hd.o
    0x08000130   0x00000000   Code   RO         3822  * .ARM.Collect$$$$00000000  mc_w.l(entry.o)
    0x08000130   0x00000004   Code   RO         3846    .ARM.Collect$$$$00000001  mc_w.l(entry2.o)
    0x08000134   0x00000004   Code   RO         3849    .ARM.Collect$$$$00000004  mc_w.l(entry5.o)
    0x08000138   0x00000000   Code   RO         3851    .ARM.Collect$$$$00000008  mc_w.l(entry7b.o)
    0x08000138   0x00000000   Code   RO         3853    .ARM.Collect$$$$0000000A  mc_w.l(entry8b.o)
    0x08000138   0x00000008   Code   RO         3854    .ARM.Collect$$$$0000000B  mc_w.l(entry9a.o)
    0x08000140   0x00000000   Code   RO         3856    .ARM.Collect$$$$0000000D  mc_w.l(entry10a.o)
    0x08000140   0x00000000   Code   RO         3858    .ARM.Collect$$$$0000000F  mc_w.l(entry11a.o)
    0x08000140   0x00000004   Code   RO         3847    .ARM.Collect$$$$00002712  mc_w.l(entry2.o)
    0x08000144   0x00000024   Code   RO         3359    .text               startup_stm32f10x_hd.o
    0x08000168   0x0000014e   Code   RO         3825    .text               mf_w.l(dadd.o)
    0x080002b6   0x00000022   Code   RO         3827    .text               mf_w.l(dflti.o)
    0x080002d8   0x0000003e   Code   RO         3829    .text               mf_w.l(dfixi.o)
    0x08000316   0x0000001e   Code   RO         3860    .text               mc_w.l(llshl.o)
    0x08000334   0x00000020   Code   RO         3862    .text               mc_w.l(llushr.o)
    0x08000354   0x00000024   Code   RO         3864    .text               mc_w.l(llsshr.o)
    0x08000378   0x00000000   Code   RO         3873    .text               mc_w.l(iusefp.o)
    0x08000378   0x000000be   Code   RO         3874    .text               mf_w.l(depilogue.o)
    0x08000436   0x000000e4   Code   RO         3876    .text               mf_w.l(dmul.o)
    0x0800051a   0x000000de   Code   RO         3878    .text               mf_w.l(ddiv.o)
    0x080005f8   0x0000002e   Code   RO         3880    .text               mf_w.l(dscalb.o)
    0x08000626   0x00000002   PAD
    0x08000628   0x00000028   Code   RO         3882    .text               mf_w.l(cdrcmple.o)
    0x08000650   0x00000024   Code   RO         3884    .text               mc_w.l(init.o)
    0x08000674   0x000000a2   Code   RO         3886    .text               mf_w.l(dsqrt.o)
    0x08000716   0x00000004   Code   RO           94    i.BusFault_Handler  stm32f10x_it.o
    0x0800071a   0x00000002   PAD
    0x0800071c   0x00000048   Code   RO         3563    i.Configure_24LC01B  app_24lc01b.o
    0x08000764   0x0000002c   Code   RO         3794    i.Configure_DI      app_di.o
    0x08000790   0x0000002c   Code   RO         3749    i.Configure_DO      app_do.o
    0x080007bc   0x00000044   Code   RO         3431    i.Configure_GT21L16S2W  app_gt21l16s2w.o
    0x08000800   0x0000002c   Code   RO         3725    i.Configure_Key     app_key.o
    0x0800082c   0x0000002c   Code   RO         3767    i.Configure_LED     app_led.o
    0x08000858   0x000000b8   Code   RO         3479    i.Configure_PCF8563  app_pcf8563.o
    0x08000910   0x000000c0   Code   RO         3707    i.Configure_SN74ALVC164245  app_sn74alvc164245.o
    0x080009d0   0x00000002   Code   RO           95    i.DebugMon_Handler  stm32f10x_it.o
    0x080009d2   0x00000002   PAD
    0x080009d4   0x00000060   Code   RO          157    i.Display_Logo      app_tsm.o
    0x08000a34   0x000000c4   Code   RO          158    i.Display_Page_Saving  app_tsm.o
    0x08000af8   0x00000064   Code   RO          159    i.Display_Page_UV_Change  app_tsm.o
    0x08000b5c   0x00000064   Code   RO          160    i.Display_Page_UV_Error  app_tsm.o
    0x08000bc0   0x00000064   Code   RO          161    i.Display_Page_UV_Test  app_tsm.o
    0x08000c24   0x00000064   Code   RO          162    i.Display_Product_Title  app_tsm.o
    0x08000c88   0x000001a4   Code   RO          163    i.EXTI15_10_IRQHandler  app_tsm.o
    0x08000e2c   0x0000000c   Code   RO         1606    i.EXTI_ClearITPendingBit  stm32f10x_exti.o
    0x08000e38   0x00000028   Code   RO         1610    i.EXTI_GetITStatus  stm32f10x_exti.o
    0x08000e60   0x00000094   Code   RO         1611    i.EXTI_Init         stm32f10x_exti.o
    0x08000ef4   0x00000040   Code   RO          539    i.GPIO_EXTILineConfig  stm32f10x_gpio.o
    0x08000f34   0x00000112   Code   RO          542    i.GPIO_Init         stm32f10x_gpio.o
    0x08001046   0x00000008   Code   RO          545    i.GPIO_ReadInputData  stm32f10x_gpio.o
    0x0800104e   0x00000012   Code   RO          546    i.GPIO_ReadInputDataBit  stm32f10x_gpio.o
    0x08001060   0x00000008   Code   RO          547    i.GPIO_ReadOutputData  stm32f10x_gpio.o
    0x08001068   0x00000004   Code   RO          549    i.GPIO_ResetBits    stm32f10x_gpio.o
    0x0800106c   0x00000004   Code   RO          550    i.GPIO_SetBits      stm32f10x_gpio.o
    0x08001070   0x00000004   Code   RO          552    i.GPIO_Write        stm32f10x_gpio.o
    0x08001074   0x00000004   Code   RO           96    i.HardFault_Handler  stm32f10x_it.o
    0x08001078   0x00000078   Code   RO         3564    i.I2C_Acknowledge_24LC01B  app_24lc01b.o
    0x080010f0   0x0000006c   Code   RO         3480    i.I2C_Acknowledge_PCF8563  app_pcf8563.o
    0x0800115c   0x00000084   Code   RO         3565    i.I2C_RD_24LC01B    app_24lc01b.o
    0x080011e0   0x00000078   Code   RO         3481    i.I2C_RD_PCF8563    app_pcf8563.o
    0x08001258   0x0000006c   Code   RO         3566    i.I2C_SD_24LC01B    app_24lc01b.o
    0x080012c4   0x00000064   Code   RO         3482    i.I2C_SD_PCF8563    app_pcf8563.o
    0x08001328   0x00000038   Code   RO         3567    i.I2C_Start_24LC01B  app_24lc01b.o
    0x08001360   0x00000034   Code   RO         3483    i.I2C_Start_PCF8563  app_pcf8563.o
    0x08001394   0x00000038   Code   RO         3568    i.I2C_Stop_24LC01B  app_24lc01b.o
    0x080013cc   0x00000034   Code   RO         3484    i.I2C_Stop_PCF8563  app_pcf8563.o
    0x08001400   0x00000030   Code   RO         3569    i.Initialize_24LC01B  app_24lc01b.o
    0x08001430   0x0000000e   Code   RO         3795    i.Initialize_DI     app_di.o
    0x0800143e   0x00000002   PAD
    0x08001440   0x00000028   Code   RO         3750    i.Initialize_DO     app_do.o
    0x08001468   0x00000024   Code   RO         3432    i.Initialize_GT21L16S2W  app_gt21l16s2w.o
    0x0800148c   0x0000000e   Code   RO         3726    i.Initialize_Key    app_key.o
    0x0800149a   0x00000002   PAD
    0x0800149c   0x00000070   Code   RO         3635    i.Initialize_LCM12232B  app_lcm12232b.o
    0x0800150c   0x00000034   Code   RO         3768    i.Initialize_LED    app_led.o
    0x08001540   0x00000036   Code   RO         3485    i.Initialize_PCF8563  app_pcf8563.o
    0x08001576   0x0000000e   Code   RO         3708    i.Initialize_SN74ALVC164245  app_sn74alvc164245.o
    0x08001584   0x00000204   Code   RO          164    i.Initialize_TSM    app_tsm.o
    0x08001788   0x00000018   Code   RO         3636    i.LCM12232B_CLS     app_lcm12232b.o
    0x080017a0   0x00000068   Code   RO         3637    i.LCM12232B_Display_Page  app_lcm12232b.o
    0x08001808   0x000000d8   Code   RO         3640    i.LCM12232B_Loading_Word  app_lcm12232b.o
    0x080018e0   0x000000c0   Code   RO         3641    i.LCM12232B_Write_Command_Left  app_lcm12232b.o
    0x080019a0   0x000000c0   Code   RO         3642    i.LCM12232B_Write_Command_Right  app_lcm12232b.o
    0x08001a60   0x000000c0   Code   RO         3643    i.LCM12232B_Write_Data_Left  app_lcm12232b.o
    0x08001b20   0x000000c0   Code   RO         3644    i.LCM12232B_Write_Data_Right  app_lcm12232b.o
    0x08001be0   0x000002d0   Code   RO          165    i.Loading_Page_1    app_tsm.o
    0x08001eb0   0x0000012c   Code   RO          166    i.Loading_Page_2    app_tsm.o
    0x08001fdc   0x00000118   Code   RO          167    i.Loading_Page_2_1  app_tsm.o
    0x080020f4   0x00000738   Code   RO          168    i.Loading_Page_2_2  app_tsm.o
    0x0800282c   0x0000027c   Code   RO          169    i.Loading_Page_2_3  app_tsm.o
    0x08002aa8   0x00000218   Code   RO          170    i.Loading_Page_2_4  app_tsm.o
    0x08002cc0   0x00000004   Code   RO           97    i.MemManage_Handler  stm32f10x_it.o
    0x08002cc4   0x00000002   Code   RO           98    i.NMI_Handler       stm32f10x_it.o
    0x08002cc6   0x00000002   PAD
    0x08002cc8   0x00000074   Code   RO          323    i.NVIC_Init         misc.o
    0x08002d3c   0x00000014   Code   RO          324    i.NVIC_PriorityGroupConfig  misc.o
    0x08002d50   0x00000050   Code   RO         3570    i.Operate_24LC01B   app_24lc01b.o
    0x08002da0   0x0000002a   Code   RO         3486    i.Operate_PCF8563   app_pcf8563.o
    0x08002dca   0x00000002   PAD
    0x08002dcc   0x00000094   Code   RO          171    i.Page_1            app_tsm.o
    0x08002e60   0x000000e0   Code   RO          172    i.Page_2            app_tsm.o
    0x08002f40   0x000000a0   Code   RO          173    i.Page_2_1          app_tsm.o
    0x08002fe0   0x0000068c   Code   RO          174    i.Page_2_2          app_tsm.o
    0x0800366c   0x00000158   Code   RO          175    i.Page_2_3          app_tsm.o
    0x080037c4   0x0000015c   Code   RO          176    i.Page_2_4          app_tsm.o
    0x08003920   0x00000002   Code   RO           99    i.PendSV_Handler    stm32f10x_it.o
    0x08003922   0x00000002   PAD
    0x08003924   0x00000020   Code   RO          654    i.RCC_APB2PeriphClockCmd  stm32f10x_rcc.o
    0x08003944   0x000000d4   Code   RO          662    i.RCC_GetClocksFreq  stm32f10x_rcc.o
    0x08003a18   0x00000040   Code   RO         3433    i.RD_GT21L16S2W     app_gt21l16s2w.o
    0x08003a58   0x00000048   Code   RO         3571    i.Read_24LC01B      app_24lc01b.o
    0x08003aa0   0x00000190   Code   RO         3434    i.Read_GB2312_11X12_GT21L16S2W  app_gt21l16s2w.o
    0x08003c30   0x00000168   Code   RO         3435    i.Read_GB2312_6X12_GT21L16S2W  app_gt21l16s2w.o
    0x08003d98   0x00000048   Code   RO         3727    i.Read_Key          app_key.o
    0x08003de0   0x00000048   Code   RO         3487    i.Read_PCF8563      app_pcf8563.o
    0x08003e28   0x00000248   Code   RO          177    i.Refresh_Page      app_tsm.o
    0x08004070   0x00000044   Code   RO         3436    i.SD_GT21L16S2W     app_gt21l16s2w.o
    0x080040b4   0x00000002   Code   RO          100    i.SVC_Handler       stm32f10x_it.o
    0x080040b6   0x00000008   Code   RO         3322    i.SetSysClock       system_stm32f10x.o
    0x080040be   0x00000002   PAD
    0x080040c0   0x000000dc   Code   RO         3323    i.SetSysClockTo72   system_stm32f10x.o
    0x0800419c   0x00000028   Code   RO          327    i.SysTick_CLKSourceConfig  misc.o
    0x080041c4   0x00000036   Code   RO         3363    i.SysTick_CounterCmd  stm32f10x_systick.o
    0x080041fa   0x0000002e   Code   RO         3365    i.SysTick_GetFlagStatus  stm32f10x_systick.o
    0x08004228   0x00000002   Code   RO          101    i.SysTick_Handler   stm32f10x_it.o
    0x0800422a   0x00000008   Code   RO         3367    i.SysTick_SetReload  stm32f10x_systick.o
    0x08004232   0x00000002   PAD
    0x08004234   0x00000060   Code   RO         3325    i.SystemInit        system_stm32f10x.o
    0x08004294   0x0000000e   Code   RO            1    i.System_Start      main.o
    0x080042a2   0x00000002   PAD
    0x080042a4   0x00000038   Code   RO         3399    i.Systick_Delay_N_microsecond  systick.o
    0x080042dc   0x0000001a   Code   RO         3400    i.Systick_Delay_N_millisecond  systick.o
    0x080042f6   0x0000001a   Code   RO         3401    i.Systick_Delay_N_second  systick.o
    0x08004310   0x00000028   Code   RO         3402    i.Systick_Initialization  systick.o
    0x08004338   0x00000004   Code   RO          102    i.UsageFault_Handler  stm32f10x_it.o
    0x0800433c   0x00000042   Code   RO         3572    i.Write_24LC01B     app_24lc01b.o
    0x0800437e   0x00000038   Code   RO         3490    i.Write_PCF8563     app_pcf8563.o
    0x080043b6   0x00000028   Code   RO         3833    i.__ARM_fpclassify  m_ws.l(fpclassify.o)
    0x080043de   0x000000aa   Code   RO         3835    i.__kernel_poly     m_ws.l(poly.o)
    0x08004488   0x00000010   Code   RO         3831    i.__mathlib_dbl_underflow  m_ws.l(dunder.o)
    0x08004498   0x0000000e   Code   RO         3892    i.__scatterload_copy  mc_w.l(handlers.o)
    0x080044a6   0x00000002   Code   RO         3893    i.__scatterload_null  mc_w.l(handlers.o)
    0x080044a8   0x0000000e   Code   RO         3894    i.__scatterload_zeroinit  mc_w.l(handlers.o)
    0x080044b6   0x00000002   PAD
    0x080044b8   0x0000000c   Code   RO         3868    i.__set_errno       mc_w.l(errno.o)
    0x080044c4   0x0000004c   Code   RO            2    i.main              main.o
    0x08004510   0x000009e0   Code   RO         3813    i.pow               m_ws.l(pow.o)
    0x08004ef0   0x0000004c   Code   RO         3839    i.sqrt              m_ws.l(sqrt.o)
    0x08004f3c   0x00003190   Data   RO          178    .constdata          app_tsm.o
    0x080080cc   0x00000004   PAD
    0x080080d0   0x00000088   Data   RO         3814    .constdata          m_ws.l(pow.o)
    0x08008158   0x00000008   Data   RO         3837    .constdata          m_ws.l(qnan.o)
    0x08008160   0x00000020   Data   RO         3890    Region$$Table       anon$$obj.o


    Execution Region RW_IRAM1 (Base: 0x20000000, Size: 0x00000648, Max: 0x00010000, ABSOLUTE)

    Base Addr    Size         Type   Attr      Idx    E Section Name        Object

    0x20000000   0x0000001b   Data   RW          179    .data               app_tsm.o
    0x2000001b   0x00000014   Data   RW          682    .data               stm32f10x_rcc.o
    0x2000002f   0x00000001   PAD
    0x20000030   0x00000002   Data   RW         3403    .data               systick.o
    0x20000032   0x00000001   Data   RW         3491    .data               app_pcf8563.o
    0x20000033   0x00000001   Data   RW         3573    .data               app_24lc01b.o
    0x20000034   0x00000004   Data   RW         3869    .data               mc_w.l(errno.o)
    0x20000038   0x00000022   Zero   RW         3437    .bss                app_gt21l16s2w.o
    0x2000005a   0x000001e8   Zero   RW         3645    .bss                app_lcm12232b.o
    0x20000242   0x00000006   PAD
    0x20000248   0x00000400   Zero   RW         3356    STACK               startup_stm32f10x_hd.o


==============================================================================

Image component sizes


      Code (inc. data)   RO Data    RW Data    ZI Data      Debug   Object Name

       810         44          0          1          0       6143   app_24lc01b.o
        58          4          0          0          0        991   app_di.o
        84         10          0          0          0        999   app_do.o
       996         46          0          0         34       5031   app_gt21l16s2w.o
       130          8          0          0          0       1588   app_key.o
      1224         68          0          0        488       5844   app_lcm12232b.o
        96         12          0          0          0       1017   app_led.o
       840         44          0          1          0       6247   app_pcf8563.o
       206         18          0          0          0       1191   app_sn74alvc164245.o
      9432        628      12688         27          0      16968   app_tsm.o
         0          0          0          0          0         32   core_cm3.o
        90          0          0          0          0     228306   main.o
       176         24          0          0          0       2289   misc.o
        36          8        304          0       1024        876   startup_stm32f10x_hd.o
       200         18          0          0          0       2332   stm32f10x_exti.o
       384          4          0          0          0       6358   stm32f10x_gpio.o
        26          0          0          0          0       3962   stm32f10x_it.o
       244         26          0         20          0       4069   stm32f10x_rcc.o
       108          0          0          0          0       1717   stm32f10x_systick.o
       324         26          0          0          0       1949   system_stm32f10x.o
       148         14          0          2          0       2514   systick.o

    ----------------------------------------------------------------------
     15632       1002      13028         52       1552     300423   Object Totals
         0          0         32          0          0          0   (incl. Generated)
        20          0          4          1          6          0   (incl. Padding)

    ----------------------------------------------------------------------

      Code (inc. data)   RO Data    RW Data    ZI Data      Debug   Library Member Name

        16          6          0          0          0         68   dunder.o
        40          0          0          0          0         68   fpclassify.o
       170          0          0          0          0         96   poly.o
      2528        190        136          0          0        332   pow.o
         0          0          8          0          0          0   qnan.o
        76          0          0          0          0         84   sqrt.o
         0          0          0          0          0          0   entry.o
         0          0          0          0          0          0   entry10a.o
         0          0          0          0          0          0   entry11a.o
         8          4          0          0          0          0   entry2.o
         4          0          0          0          0          0   entry5.o
         0          0          0          0          0          0   entry7b.o
         0          0          0          0          0          0   entry8b.o
         8          4          0          0          0          0   entry9a.o
        12          6          0          4          0         68   errno.o
        30          0          0          0          0          0   handlers.o
        36          8          0          0          0         68   init.o
         0          0          0          0          0          0   iusefp.o
        30          0          0          0          0         68   llshl.o
        36          0          0          0          0         68   llsshr.o
        32          0          0          0          0         68   llushr.o
        40          2          0          0          0         68   cdrcmple.o
       334          0          0          0          0        148   dadd.o
       222          0          0          0          0        100   ddiv.o
       190          0          0          0          0        176   depilogue.o
        62          0          0          0          0         80   dfixi.o
        34          0          0          0          0         76   dflti.o
       228          0          0          0          0         96   dmul.o
        46          0          0          0          0         80   dscalb.o
       162          0          0          0          0        100   dsqrt.o

    ----------------------------------------------------------------------
      4348        220        144          4          0       1912   Library Totals
         4          0          0          0          0          0   (incl. Padding)

    ----------------------------------------------------------------------

      Code (inc. data)   RO Data    RW Data    ZI Data      Debug   Library Name

      2830        196        144          0          0        648   m_ws.l
       196         22          0          4          0        340   mc_w.l
      1318          2          0          0          0        924   mf_w.l

    ----------------------------------------------------------------------
      4348        220        144          4          0       1912   Library Totals

    ----------------------------------------------------------------------

==============================================================================


      Code (inc. data)   RO Data    RW Data    ZI Data      Debug   

     19980       1222      13172         56       1552     296251   Grand Totals
     19980       1222      13172         56       1552     296251   ELF Image Totals
     19980       1222      13172         56          0          0   ROM Totals

==============================================================================

    Total RO  Size (Code + RO Data)                33152 (  32.38kB)
    Total RW  Size (RW Data + ZI Data)              1608 (   1.57kB)
    Total ROM Size (Code + RO Data + RW Data)      33208 (  32.43kB)

==============================================================================

